Archive member included to satisfy reference by file (symbol)

c:/program files (x86)/gnu tools arm embedded/7 2018-q2-update/bin/../lib/gcc/arm-none-eabi/7.3.1/../../../../arm-none-eabi/lib/thumb/v6-m\libstdc++_nano.a(new_op.o)
                              ./Sources/communicate.o (operator new(unsigned int))
c:/program files (x86)/gnu tools arm embedded/7 2018-q2-update/bin/../lib/gcc/arm-none-eabi/7.3.1/../../../../arm-none-eabi/lib/thumb/v6-m\libstdc++_nano.a(del_op.o)
                              ./Sources/communicate.o (operator delete(void*))
c:/program files (x86)/gnu tools arm embedded/7 2018-q2-update/bin/../lib/gcc/arm-none-eabi/7.3.1/../../../../arm-none-eabi/lib/thumb/v6-m\libstdc++_nano.a(eh_personality.o)
                              ./Sources/communicate.o (__gxx_personality_v0)
c:/program files (x86)/gnu tools arm embedded/7 2018-q2-update/bin/../lib/gcc/arm-none-eabi/7.3.1/../../../../arm-none-eabi/lib/thumb/v6-m\libstdc++_nano.a(eh_call.o)
                              c:/program files (x86)/gnu tools arm embedded/7 2018-q2-update/bin/../lib/gcc/arm-none-eabi/7.3.1/../../../../arm-none-eabi/lib/thumb/v6-m\libstdc++_nano.a(eh_personality.o) (__cxa_call_terminate)
c:/program files (x86)/gnu tools arm embedded/7 2018-q2-update/bin/../lib/gcc/arm-none-eabi/7.3.1/../../../../arm-none-eabi/lib/thumb/v6-m\libstdc++_nano.a(del_opv.o)
                              ./Sources/communicate.o (operator delete[](void*))
c:/program files (x86)/gnu tools arm embedded/7 2018-q2-update/bin/../lib/gcc/arm-none-eabi/7.3.1/../../../../arm-none-eabi/lib/thumb/v6-m\libstdc++_nano.a(new_handler.o)
                              c:/program files (x86)/gnu tools arm embedded/7 2018-q2-update/bin/../lib/gcc/arm-none-eabi/7.3.1/../../../../arm-none-eabi/lib/thumb/v6-m\libstdc++_nano.a(new_op.o) (std::get_new_handler())
c:/program files (x86)/gnu tools arm embedded/7 2018-q2-update/bin/../lib/gcc/arm-none-eabi/7.3.1/../../../../arm-none-eabi/lib/thumb/v6-m\libstdc++_nano.a(eh_catch.o)
                              c:/program files (x86)/gnu tools arm embedded/7 2018-q2-update/bin/../lib/gcc/arm-none-eabi/7.3.1/../../../../arm-none-eabi/lib/thumb/v6-m\libstdc++_nano.a(eh_call.o) (__cxa_begin_catch)
c:/program files (x86)/gnu tools arm embedded/7 2018-q2-update/bin/../lib/gcc/arm-none-eabi/7.3.1/../../../../arm-none-eabi/lib/thumb/v6-m\libstdc++_nano.a(eh_globals.o)
                              c:/program files (x86)/gnu tools arm embedded/7 2018-q2-update/bin/../lib/gcc/arm-none-eabi/7.3.1/../../../../arm-none-eabi/lib/thumb/v6-m\libstdc++_nano.a(eh_catch.o) (__cxa_get_globals_fast)
c:/program files (x86)/gnu tools arm embedded/7 2018-q2-update/bin/../lib/gcc/arm-none-eabi/7.3.1/../../../../arm-none-eabi/lib/thumb/v6-m\libstdc++_nano.a(eh_terminate.o)
                              c:/program files (x86)/gnu tools arm embedded/7 2018-q2-update/bin/../lib/gcc/arm-none-eabi/7.3.1/../../../../arm-none-eabi/lib/thumb/v6-m\libstdc++_nano.a(eh_call.o) (__cxxabiv1::__terminate(void (*)()))
c:/program files (x86)/gnu tools arm embedded/7 2018-q2-update/bin/../lib/gcc/arm-none-eabi/7.3.1/../../../../arm-none-eabi/lib/thumb/v6-m\libstdc++_nano.a(eh_arm.o)
                              ./Sources/communicate.o (__cxa_end_cleanup)
c:/program files (x86)/gnu tools arm embedded/7 2018-q2-update/bin/../lib/gcc/arm-none-eabi/7.3.1/../../../../arm-none-eabi/lib/thumb/v6-m\libstdc++_nano.a(new_opv.o)
                              ./Sources/communicate.o (operator new[](unsigned int))
c:/program files (x86)/gnu tools arm embedded/7 2018-q2-update/bin/../lib/gcc/arm-none-eabi/7.3.1/../../../../arm-none-eabi/lib/thumb/v6-m\libstdc++_nano.a(si_class_type_info.o)
                              ./Sources/state_machine.o (vtable for __cxxabiv1::__si_class_type_info)
c:/program files (x86)/gnu tools arm embedded/7 2018-q2-update/bin/../lib/gcc/arm-none-eabi/7.3.1/../../../../arm-none-eabi/lib/thumb/v6-m\libstdc++_nano.a(tinfo.o)
                              c:/program files (x86)/gnu tools arm embedded/7 2018-q2-update/bin/../lib/gcc/arm-none-eabi/7.3.1/../../../../arm-none-eabi/lib/thumb/v6-m\libstdc++_nano.a(si_class_type_info.o) (std::type_info::__is_pointer_p() const)
c:/program files (x86)/gnu tools arm embedded/7 2018-q2-update/bin/../lib/gcc/arm-none-eabi/7.3.1/../../../../arm-none-eabi/lib/thumb/v6-m\libstdc++_nano.a(class_type_info.o)
                              c:/program files (x86)/gnu tools arm embedded/7 2018-q2-update/bin/../lib/gcc/arm-none-eabi/7.3.1/../../../../arm-none-eabi/lib/thumb/v6-m\libstdc++_nano.a(si_class_type_info.o) (__cxxabiv1::__class_type_info::__do_upcast(__cxxabiv1::__class_type_info const*, void**) const)
c:/program files (x86)/gnu tools arm embedded/7 2018-q2-update/bin/../lib/gcc/arm-none-eabi/7.3.1/../../../../arm-none-eabi/lib/thumb/v6-m\libstdc++_nano.a(eh_exception.o)
[...]
Memory Configuration

Name             Origin             Length             Attributes
m_interrupts     0x00000000         0x00000100         xr
m_flash_config   0x00000400         0x00000010         xr
m_text           0x00000410         0x0001fbf0         xr
m_data           0x1ffff000         0x00004000         rw
*default*        0x00000000         0xffffffff

Linker script and memory map

LOAD c:/program files (x86)/gnu tools arm embedded/7 2018-q2-update/bin/../lib/gcc/arm-none-eabi/7.3.1/thumb/v6-m/crti.o
LOAD c:/program files (x86)/gnu tools arm embedded/7 2018-q2-update/bin/../lib/gcc/arm-none-eabi/7.3.1/thumb/v6-m/crtbegin.o
LOAD c:/program files (x86)/gnu tools arm embedded/7 2018-q2-update/bin/../lib/gcc/arm-none-eabi/7.3.1/../../../../arm-none-eabi/lib/thumb/v6-m/crt0.o
LOAD ./Sources/driver/adc.o
LOAD ./Sources/driver/ftm.o
LOAD ./Sources/driver/pit.o
LOAD ./Sources/UART.o
LOAD ./Sources/communicate.o
LOAD ./Sources/cppmain.o
LOAD ./Sources/glb_var.o
LOAD ./Sources/gpio.o
LOAD ./Sources/intr.o
LOAD ./Sources/main.o
LOAD ./Sources/sensor.o
LOAD ./Sources/state_machine.o
LOAD ./Project_Settings/Startup_Code/startup_SKEAZ1284.o
LOAD ./Project_Settings/Startup_Code/system_SKEAZ1284.o
LOAD c:/program files (x86)/gnu tools arm embedded/7 2018-q2-update/bin/../lib/gcc/arm-none-eabi/7.3.1/../../../../arm-none-eabi/lib/thumb/v6-m\libstdc++_nano.a
LOAD c:/program files (x86)/gnu tools arm embedded/7 2018-q2-update/bin/../lib/gcc/arm-none-eabi/7.3.1/../../../../arm-none-eabi/lib/thumb/v6-m\libm.a
START GROUP
LOAD c:/program files (x86)/gnu tools arm embedded/7 2018-q2-update/bin/../lib/gcc/arm-none-eabi/7.3.1/thumb/v6-m\libgcc.a
LOAD c:/program files (x86)/gnu tools arm embedded/7 2018-q2-update/bin/../lib/gcc/arm-none-eabi/7.3.1/../../../../arm-none-eabi/lib/thumb/v6-m\libg_nano.a
LOAD c:/program files (x86)/gnu tools arm embedded/7 2018-q2-update/bin/../lib/gcc/arm-none-eabi/7.3.1/../../../../arm-none-eabi/lib/thumb/v6-m\libc_nano.a
END GROUP
START GROUP
LOAD c:/program files (x86)/gnu tools arm embedded/7 2018-q2-update/bin/../lib/gcc/arm-none-eabi/7.3.1/thumb/v6-m\libgcc.a
LOAD c:/program files (x86)/gnu tools arm embedded/7 2018-q2-update/bin/../lib/gcc/arm-none-eabi/7.3.1/../../../../arm-none-eabi/lib/thumb/v6-m\libc_nano.a
LOAD c:/program files (x86)/gnu tools arm embedded/7 2018-q2-update/bin/../lib/gcc/arm-none-eabi/7.3.1/../../../../arm-none-eabi/lib/thumb/v6-m\libnosys.a
END GROUP
START GROUP
LOAD c:/program files (x86)/gnu tools arm embedded/7 2018-q2-update/bin/../lib/gcc/arm-none-eabi/7.3.1/thumb/v6-m\libgcc.a
LOAD c:/program files (x86)/gnu tools arm embedded/7 2018-q2-update/bin/../lib/gcc/arm-none-eabi/7.3.1/../../../../arm-none-eabi/lib/thumb/v6-m\libc_nano.a
LOAD c:/program files (x86)/gnu tools arm embedded/7 2018-q2-update/bin/../lib/gcc/arm-none-eabi/7.3.1/../../../../arm-none-eabi/lib/thumb/v6-m\libnosys.a
END GROUP
LOAD c:/program files (x86)/gnu tools arm embedded/7 2018-q2-update/bin/../lib/gcc/arm-none-eabi/7.3.1/thumb/v6-m/crtend.o
LOAD c:/program files (x86)/gnu tools arm embedded/7 2018-q2-update/bin/../lib/gcc/arm-none-eabi/7.3.1/thumb/v6-m/crtn.o
                0x00000400                HEAP_SIZE = DEFINED (__heap_size__)?__heap_size__:0x400
                0x00000400                STACK_SIZE = DEFINED (__stack_size__)?__stack_size__:0x400

.interrupts     0x00000000       0xc0
                0x00000000                __VECTOR_TABLE = .
                0x00000000                . = ALIGN (0x4)
 *(.isr_vector)
 .isr_vector    0x00000000       0xc0 ./Project_Settings/Startup_Code/startup_SKEAZ1284.o
                0x00000000                __isr_vector
                0x000000c0                . = ALIGN (0x4)

.flash_config   0x00000400       0x10
                0x00000400                . = ALIGN (0x4)
 *(.FlashConfig)
 .FlashConfig   0x00000400       0x10 ./Project_Settings/Startup_Code/startup_SKEAZ1284.o
                0x00000410                . = ALIGN (0x4)

.text           0x00000410     0x3b9c
                0x00000410                . = ALIGN (0x4)
 *(.text)
 .text          0x00000410       0x48 c:/program files (x86)/gnu tools arm embedded/7 2018-q2-update/bin/../lib/gcc/arm-none-eabi/7.3.1/thumb/v6-m/crtbegin.o
 .text          0x00000458       0x78 c:/program files (x86)/gnu tools arm embedded/7 2018-q2-update/bin/../lib/gcc/arm-none-eabi/7.3.1/../../../../arm-none-eabi/lib/thumb/v6-m/crt0.o
                0x00000458                _start
                0x00000458                _mainCRTStartup
 .text          0x000004d0       0x44 ./Project_Settings/Startup_Code/startup_SKEAZ1284.o
                0x000004d0                Reset_Handler
                0x00000510                Reserved16_IRQHandler
                0x00000510                I2C0_IRQHandler
                0x00000510                HardFault_Handler
                0x00000510                SysTick_Handler
                0x00000510                PendSV_Handler
                0x00000510                NMI_Handler
                0x00000510                I2C1_IRQHandler
                0x00000510                Reserved19_IRQHandler
                0x00000510                Reserved42_IRQHandler
                0x00000510                SPI1_IRQHandler
                0x00000510                DefaultISR
                0x00000510                FTMRE_IRQHandler
                0x00000510                RTC_IRQHandler
                0x00000510                IRQ_IRQHandler
                0x00000510                Reserved18_IRQHandler
                0x00000510                FTM1_IRQHandler
                0x00000510                PIT_CH0_IRQHandler
                0x00000510                Reserved20_IRQHandler
                0x00000510                Default_Handler
                0x00000510                Reserved17_IRQHandler
                0x00000510                ADC_IRQHandler
                0x00000510                MSCAN_RX_IRQHandler
                0x00000510                ACMP0_IRQHandler
                0x00000510                MSCAN_TX_IRQHandler
                0x00000510                PWT_IRQHandler
                0x00000510                SVC_Handler
                0x00000510                ICS_IRQHandler
                0x00000510                PIT_CH1_IRQHandler
                0x00000510                KBI0_IRQHandler
                0x00000510                PMC_IRQHandler
                0x00000510                SPI0_IRQHandler
                0x00000510                FTM0_IRQHandler
                0x00000510                WDOG_IRQHandler
                0x00000510                FTM2_IRQHandler
                0x00000510                ACMP1_IRQHandler
                0x00000510                KBI1_IRQHandler
 .text          0x00000514       0x14 c:/program files (x86)/gnu tools arm embedded/7 2018-q2-update/bin/../lib/gcc/arm-none-eabi/7.3.1/thumb/v6-m\libgcc.a(_thumb1_case_uqi.o)
                0x00000514                __gnu_thumb1_case_uqi
 .text          0x00000528       0x14 c:/program files (x86)/gnu tools arm embedded/7 2018-q2-update/bin/../lib/gcc/arm-none-eabi/7.3.1/thumb/v6-m\libgcc.a(_thumb1_case_shi.o)
                0x00000528                __gnu_thumb1_case_shi
 .text          0x0000053c      0x114 c:/program files (x86)/gnu tools arm embedded/7 2018-q2-update/bin/../lib/gcc/arm-none-eabi/7.3.1/thumb/v6-m\libgcc.a(_udivsi3.o)
                0x0000053c                __aeabi_uidiv
                0x0000053c                __udivsi3
                0x00000648                __aeabi_uidivmod
 .text          0x00000650      0x1d4 c:/program files (x86)/gnu tools arm embedded/7 2018-q2-update/bin/../lib/gcc/arm-none-eabi/7.3.1/thumb/v6-m\libgcc.a(_divsi3.o)
                0x00000650                __divsi3
                0x00000650                __aeabi_idiv
                0x0000081c                __aeabi_idivmod
 .text          0x00000824        0x4 c:/program files (x86)/gnu tools arm embedded/7 2018-q2-update/bin/../lib/gcc/arm-none-eabi/7.3.1/thumb/v6-m\libgcc.a(_dvmd_tls.o)
                0x00000824                __aeabi_idiv0
                0x00000824                __aeabi_ldiv0
 .text          0x00000828      0xa08 c:/program files (x86)/gnu tools arm embedded/7 2018-q2-update/bin/../lib/gcc/arm-none-eabi/7.3.1/thumb/v6-m\libgcc.a(unwind-arm.o)
                0x00000ae4                _Unwind_GetCFA
                0x00000ae8                __gnu_Unwind_RaiseException
                0x00000b3c                __gnu_Unwind_ForcedUnwind
                0x00000b50                __gnu_Unwind_Resume
                0x00000b98                __gnu_Unwind_Resume_or_Rethrow
                0x00000bb4                _Unwind_Complete
                0x00000bb8                _Unwind_DeleteException
                0x00000bc8                _Unwind_VRS_Get
                0x00000c10                _Unwind_VRS_Set
                0x00000c58                __gnu_Unwind_Backtrace
                0x00000fa8                __aeabi_unwind_cpp_pr0
                0x00000fb4                __aeabi_unwind_cpp_pr1
                0x00000fc0                __aeabi_unwind_cpp_pr2
                0x00000fcc                _Unwind_VRS_Pop
 .text          0x00001230      0x144 c:/program files (x86)/gnu tools arm embedded/7 2018-q2-update/bin/../lib/gcc/arm-none-eabi/7.3.1/thumb/v6-m\libgcc.a(libunwind.o)
                0x00001230                __restore_core_regs
                0x00001230                restore_core_regs
                0x0000125c                __gnu_Unwind_Restore_VFP
                0x00001260                __gnu_Unwind_Save_VFP
                0x00001264                __gnu_Unwind_Restore_VFP_D
                0x00001268                __gnu_Unwind_Save_VFP_D
                0x0000126c                __gnu_Unwind_Restore_VFP_D_16_to_31
                0x00001270                __gnu_Unwind_Save_VFP_D_16_to_31
                0x00001274                __gnu_Unwind_Restore_WMMXD
                0x00001278                __gnu_Unwind_Save_WMMXD
                0x0000127c                __gnu_Unwind_Restore_WMMXC
                0x00001280                __gnu_Unwind_Save_WMMXC
                0x00001284                ___Unwind_RaiseException
                0x00001284                _Unwind_RaiseException
                0x000012b4                _Unwind_Resume
                0x000012b4                ___Unwind_Resume
                0x000012e4                _Unwind_Resume_or_Rethrow
                0x000012e4                ___Unwind_Resume_or_Rethrow
                0x00001314                _Unwind_ForcedUnwind
                0x00001314                ___Unwind_ForcedUnwind
                0x00001344                ___Unwind_Backtrace
                0x00001344                _Unwind_Backtrace
 .text          0x00001374      0x39c c:/program files (x86)/gnu tools arm embedded/7 2018-q2-update/bin/../lib/gcc/arm-none-eabi/7.3.1/thumb/v6-m\libgcc.a(pr-support.o)
                0x000013c8                __gnu_unwind_execute
                0x000016b8                __gnu_unwind_frame
                0x000016e0                _Unwind_GetRegionStart
                0x000016ec                _Unwind_GetLanguageSpecificData
                0x00001700                _Unwind_GetDataRelBase
                0x00001708                _Unwind_GetTextRelBase
 .text          0x00001710       0x14 c:/program files (x86)/gnu tools arm embedded/7 2018-q2-update/bin/../lib/gcc/arm-none-eabi/7.3.1/../../../../arm-none-eabi/lib/thumb/v6-m\libg_nano.a(lib_a-strcmp.o)
                0x00001710                strcmp
 .text          0x00001724        0xe c:/program files (x86)/gnu tools arm embedded/7 2018-q2-update/bin/../lib/gcc/arm-none-eabi/7.3.1/../../../../arm-none-eabi/lib/thumb/v6-m\libg_nano.a(lib_a-strlen.o)
                0x00001724                strlen
 *(.text*)
 *fill*         0x00001732        0x2 
 .text._ZN9ADCModule14StartCoversionEa
                0x00001734       0x94 ./Sources/driver/adc.o
                0x00001734                ADCModule::StartCoversion(signed char)
 .text._ZN9ADCModuleC2E5ADCHn8ADC_nbit
                0x000017c8       0x6c ./Sources/driver/adc.o
                0x000017c8                ADCModule::ADCModule(ADCHn, ADC_nbit)
                0x000017c8                ADCModule::ADCModule(ADCHn, ADC_nbit)
 .text._ZN9ADCModule14TryFetchResultEv
                0x00001834       0x90 ./Sources/driver/adc.o
                0x00001834                ADCModule::TryFetchResult()
 .text._ZN10UARTModule20DisableIntrOnRecieveEv
                0x000018c4       0x38 ./Sources/UART.o
                0x000018c4                UARTModule::DisableIntrOnRecieve()
 .text._ZN10UARTModule19EnableIntrOnRecieveEv
                0x000018fc       0x38 ./Sources/UART.o
                0x000018fc                UARTModule::EnableIntrOnRecieve()
 .text._ZN10UARTModule22EnableIntrOnTxRegEmptyEv
                0x00001934       0x3c ./Sources/UART.o
                0x00001934                UARTModule::EnableIntrOnTxRegEmpty()
 .text._ZN10UARTModule23DisableIntrOnTxRegEmptyEv
                0x00001970       0x38 ./Sources/UART.o
                0x00001970                UARTModule::DisableIntrOnTxRegEmpty()
 .text._ZN10UARTModuleC2EN13UART_settings5UARTnEbtbb
                0x000019a8      0x228 ./Sources/UART.o
                0x000019a8                UARTModule::UARTModule(UART_settings::UARTn, bool, unsigned short, bool, bool)
                0x000019a8                UARTModule::UARTModule(UART_settings::UARTn, bool, unsigned short, bool, bool)
 .text._ZN10UARTModule8SendCharEh
                0x00001bd0       0x2c ./Sources/UART.o
                0x00001bd0                UARTModule::SendChar(unsigned char)
 .text._ZN10UARTModule11RecieveCharEv
                0x00001bfc       0x50 ./Sources/UART.o
                0x00001bfc                UARTModule::RecieveChar()
 .text.NVIC_EnableIRQ
                0x00001c4c       0x2c ./Sources/communicate.o
 .text.NVIC_DisableIRQ
                0x00001c78       0x30 ./Sources/communicate.o
 .text._ZN10UARTModule10GetChannelEv
                0x00001ca8       0x14 ./Sources/communicate.o
                0x00001ca8                UARTModule::GetChannel()
 .text._ZN16UARTCommunicator15DisableNVICIntrEv
                0x00001cbc       0x42 ./Sources/communicate.o
                0x00001cbc                UARTCommunicator::DisableNVICIntr()
 .text._ZN16UARTCommunicator14EnableNVICIntrEv
                0x00001cfe       0x42 ./Sources/communicate.o
                0x00001cfe                UARTCommunicator::EnableNVICIntr()
 .text._ZN16UARTCommunicatorC2EhhN13UART_settings5UARTnEbt
                0x00001d40      0x138 ./Sources/communicate.o
                0x00001d40                UARTCommunicator::UARTCommunicator(unsigned char, unsigned char, UART_settings::UARTn, bool, unsigned short)
                0x00001d40                UARTCommunicator::UARTCommunicator(unsigned char, unsigned char, UART_settings::UARTn, bool, unsigned short)
 .text._ZN16UARTCommunicator10SendStringEPch
                0x00001e78       0xc2 ./Sources/communicate.o
                0x00001e78                UARTCommunicator::SendString(char*, unsigned char)
 .text._ZN16UARTCommunicator8SendCharEc
                0x00001f3a       0x22 ./Sources/communicate.o
                0x00001f3a                UARTCommunicator::SendChar(char)
 .text._ZN16UARTCommunicator7GetCharEv
                0x00001f5c       0x80 ./Sources/communicate.o
                0x00001f5c                UARTCommunicator::GetChar()
 .text._ZN16UARTCommunicator14OnIntrSendNextEv
                0x00001fdc       0xac ./Sources/communicate.o
                0x00001fdc                UARTCommunicator::OnIntrSendNext()
 .text._ZN16UARTCommunicator17OnIntrRecieveNextEv
                0x00002088       0x62 ./Sources/communicate.o
                0x00002088                UARTCommunicator::OnIntrRecieveNext()
 *fill*         0x000020ea        0x2 
 .text.NVIC_EnableIRQ
                0x000020ec       0x2c ./Sources/cppmain.o
 .text.NVIC_DisableIRQ
                0x00002118       0x30 ./Sources/cppmain.o
 .text._cppmain
                0x00002148       0xd0 ./Sources/cppmain.o
                0x00002148                _cppmain
 .text.UART0_IRQHandler
                0x00002218       0x6c ./Sources/cppmain.o
                0x00002218                UART0_IRQHandler
 .text.UART1_IRQHandler
                0x00002284       0x6c ./Sources/cppmain.o
                0x00002284                UART1_IRQHandler
 .text.UART2_IRQHandler
                0x000022f0       0x6c ./Sources/cppmain.o
                0x000022f0                UART2_IRQHandler
 .text.main     0x0000235c       0x18 ./Sources/main.o
                0x0000235c                main
 .text._ZN5State13HandleCommandEh
                0x00002374       0x18 ./Sources/state_machine.o
                0x00002374                State::HandleCommand(unsigned char)
 .text._ZN5State11HandleInputEv
                0x0000238c       0x12 ./Sources/state_machine.o
                0x0000238c                State::HandleInput()
 .text._ZN5State13StateChangeOpEv
                0x0000239e       0x10 ./Sources/state_machine.o
                0x0000239e                State::StateChangeOp()
 .text._ZN5State13StateRemainOpEv
                0x000023ae       0x10 ./Sources/state_machine.o
                0x000023ae                State::StateRemainOp()
 .text._ZN5State11StateExitOpEv
                0x000023be       0x10 ./Sources/state_machine.o
                0x000023be                State::StateExitOp()
 .text._ZN20TestADConverterState11HandleInputEv
                0x000023ce       0x12 ./Sources/state_machine.o
                0x000023ce                TestADConverterState::HandleInput()
 .text._ZN9IdleState13StateChangeOpEv
                0x000023e0       0x10 ./Sources/state_machine.o
                0x000023e0                IdleState::StateChangeOp()
 .text._ZN5StateC2Ev
                0x000023f0       0x1c ./Sources/state_machine.o
                0x000023f0                State::State()
                0x000023f0                State::State()
 .text._ZN13TestUARTStateC2Ev
                0x0000240c       0x24 ./Sources/state_machine.o
                0x0000240c                TestUARTState::TestUARTState()
                0x0000240c                TestUARTState::TestUARTState()
 .text._ZN20TestADConverterStateC2Ev
                0x00002430       0x24 ./Sources/state_machine.o
                0x00002430                TestADConverterState::TestADConverterState()
                0x00002430                TestADConverterState::TestADConverterState()
 .text._ZN9IdleState13HandleCommandEh
                0x00002454       0x56 ./Sources/state_machine.o
                0x00002454                IdleState::HandleCommand(unsigned char)
 *fill*         0x000024aa        0x2 
 .text._ZN9IdleStateC2Ev
                0x000024ac       0x24 ./Sources/state_machine.o
                0x000024ac                IdleState::IdleState()
                0x000024ac                IdleState::IdleState()
 .text._ZN13TestUARTState13HandleCommandEh
                0x000024d0       0x50 ./Sources/state_machine.o
                0x000024d0                TestUARTState::HandleCommand(unsigned char)
 .text._ZN13TestUARTState11HandleInputEv
                0x00002520       0x12 ./Sources/state_machine.o
                0x00002520                TestUARTState::HandleInput()
 *fill*         0x00002532        0x2 
 .text._ZN13TestUARTState13StateChangeOpEv
                0x00002534       0x48 ./Sources/state_machine.o
                0x00002534                TestUARTState::StateChangeOp()
 .text._ZN9IdleState11HandleInputEv
                0x0000257c       0x12 ./Sources/state_machine.o
                0x0000257c                IdleState::HandleInput()
 *fill*         0x0000258e        0x2 
 .text._ZN12StateMachineC2Ev
                0x00002590       0x34 ./Sources/state_machine.o
                0x00002590                StateMachine::StateMachine()
                0x00002590                StateMachine::StateMachine()
 .text._ZN12StateMachineD2Ev
                0x000025c4       0x28 ./Sources/state_machine.o
                0x000025c4                StateMachine::~StateMachine()
                0x000025c4                StateMachine::~StateMachine()
 .text._ZN12StateMachineD0Ev
                0x000025ec       0x22 ./Sources/state_machine.o
                0x000025ec                StateMachine::~StateMachine()
 .text._ZN12StateMachine11SendCommandEh
                0x0000260e       0x68 ./Sources/state_machine.o
                0x0000260e                StateMachine::SendCommand(unsigned char)
 .text._ZN20TestADConverterState13HandleCommandEh
                0x00002676       0x36 ./Sources/state_machine.o
                0x00002676                TestADConverterState::HandleCommand(unsigned char)
 .text._ZN20TestADConverterState13StateChangeOpEv
                0x000026ac       0x50 ./Sources/state_machine.o
                0x000026ac                TestADConverterState::StateChangeOp()
 .text._ZN20TestADConverterState13StateRemainOpEv
                0x000026fc       0xa0 ./Sources/state_machine.o
                0x000026fc                TestADConverterState::StateRemainOp()
 .text._ZN20TestADConverterState11StateExitOpEv
                0x0000279c       0x50 ./Sources/state_machine.o
                0x0000279c                TestADConverterState::StateExitOp()
 .text.SystemInit
                0x000027ec       0x74 ./Project_Settings/Startup_Code/system_SKEAZ1284.o
                0x000027ec                SystemInit
 .text._Znwj    0x00002860       0x24 c:/program files (x86)/gnu tools arm embedded/7 2018-q2-update/bin/../lib/gcc/arm-none-eabi/7.3.1/../../../../arm-none-eabi/lib/thumb/v6-m\libstdc++_nano.a(new_op.o)
                0x00002860                operator new(unsigned int)
 .text._ZdlPv   0x00002884        0x8 c:/program files (x86)/gnu tools arm embedded/7 2018-q2-update/bin/../lib/gcc/arm-none-eabi/7.3.1/../../../../arm-none-eabi/lib/thumb/v6-m\libstdc++_nano.a(del_op.o)
                0x00002884                operator delete(void*)
 .text._ZL12read_uleb128PKhPm
                0x0000288c       0x2c c:/program files (x86)/gnu tools arm embedded/7 2018-q2-update/bin/../lib/gcc/arm-none-eabi/7.3.1/../../../../arm-none-eabi/lib/thumb/v6-m\libstdc++_nano.a(eh_personality.o)
 .text._ZL12read_sleb128PKhPl
                0x000028b8       0x34 c:/program files (x86)/gnu tools arm embedded/7 2018-q2-update/bin/../lib/gcc/arm-none-eabi/7.3.1/../../../../arm-none-eabi/lib/thumb/v6-m\libstdc++_nano.a(eh_personality.o)
 .text._ZL28read_encoded_value_with_basehjPKhPj
                0x000028ec       0xb2 c:/program files (x86)/gnu tools arm embedded/7 2018-q2-update/bin/../lib/gcc/arm-none-eabi/7.3.1/../../../../arm-none-eabi/lib/thumb/v6-m\libstdc++_nano.a(eh_personality.o)
 .text._Unwind_GetGR
                0x0000299e       0x16 c:/program files (x86)/gnu tools arm embedded/7 2018-q2-update/bin/../lib/gcc/arm-none-eabi/7.3.1/../../../../arm-none-eabi/lib/thumb/v6-m\libstdc++_nano.a(eh_personality.o)
 .text._ZL21base_of_encoded_valuehP15_Unwind_Context.part.3
                0x000029b4       0x3e c:/program files (x86)/gnu tools arm embedded/7 2018-q2-update/bin/../lib/gcc/arm-none-eabi/7.3.1/../../../../arm-none-eabi/lib/thumb/v6-m\libstdc++_nano.a(eh_personality.o)
 .text._ZL18read_encoded_valueP15_Unwind_ContexthPKhPj
                0x000029f2       0x24 c:/program files (x86)/gnu tools arm embedded/7 2018-q2-update/bin/../lib/gcc/arm-none-eabi/7.3.1/../../../../arm-none-eabi/lib/thumb/v6-m\libstdc++_nano.a(eh_personality.o)
 .text._ZL17parse_lsda_headerP15_Unwind_ContextPKhP16lsda_header_info
                0x00002a16       0x62 c:/program files (x86)/gnu tools arm embedded/7 2018-q2-update/bin/../lib/gcc/arm-none-eabi/7.3.1/../../../../arm-none-eabi/lib/thumb/v6-m\libstdc++_nano.a(eh_personality.o)
 .text.__gxx_personality_v0
                0x00002a78      0x370 c:/program files (x86)/gnu tools arm embedded/7 2018-q2-update/bin/../lib/gcc/arm-none-eabi/7.3.1/../../../../arm-none-eabi/lib/thumb/v6-m\libstdc++_nano.a(eh_personality.o)
                0x00002a78                __gxx_personality_v0
 .text._ZN10__cxxabiv1L24__is_gxx_exception_classEPc
                0x00002de8       0x3a c:/program files (x86)/gnu tools arm embedded/7 2018-q2-update/bin/../lib/gcc/arm-none-eabi/7.3.1/../../../../arm-none-eabi/lib/thumb/v6-m\libstdc++_nano.a(eh_call.o)
 .text.__cxa_call_terminate
                0x00002e22       0x20 c:/program files (x86)/gnu tools arm embedded/7 2018-q2-update/bin/../lib/gcc/arm-none-eabi/7.3.1/../../../../arm-none-eabi/lib/thumb/v6-m\libstdc++_nano.a(eh_call.o)
                0x00002e22                __cxa_call_terminate
 .text.__cxa_call_unexpected
                0x00002e42       0x2e c:/program files (x86)/gnu tools arm embedded/7 2018-q2-update/bin/../lib/gcc/arm-none-eabi/7.3.1/../../../../arm-none-eabi/lib/thumb/v6-m\libstdc++_nano.a(eh_call.o)
                0x00002e42                __cxa_call_unexpected
 .text._ZSt15get_new_handlerv
                0x00002e70        0xc c:/program files (x86)/gnu tools arm embedded/7 2018-q2-update/bin/../lib/gcc/arm-none-eabi/7.3.1/../../../../arm-none-eabi/lib/thumb/v6-m\libstdc++_nano.a(new_handler.o)
                0x00002e70                std::get_new_handler()
 .text._ZN10__cxxabiv1L24__is_gxx_exception_classEPc
                0x00002e7c       0x3a c:/program files (x86)/gnu tools arm embedded/7 2018-q2-update/bin/../lib/gcc/arm-none-eabi/7.3.1/../../../../arm-none-eabi/lib/thumb/v6-m\libstdc++_nano.a(eh_catch.o)
 .text.__cxa_begin_catch
                0x00002eb6       0x4e c:/program files (x86)/gnu tools arm embedded/7 2018-q2-update/bin/../lib/gcc/arm-none-eabi/7.3.1/../../../../arm-none-eabi/lib/thumb/v6-m\libstdc++_nano.a(eh_catch.o)
                0x00002eb6                __cxa_begin_catch
 .text.__cxa_get_globals
                0x00002f04        0x8 c:/program files (x86)/gnu tools arm embedded/7 2018-q2-update/bin/../lib/gcc/arm-none-eabi/7.3.1/../../../../arm-none-eabi/lib/thumb/v6-m\libstdc++_nano.a(eh_globals.o)
                0x00002f04                __cxa_get_globals
 .text._ZN10__cxxabiv111__terminateEPFvvE
                0x00002f0c        0x8 c:/program files (x86)/gnu tools arm embedded/7 2018-q2-update/bin/../lib/gcc/arm-none-eabi/7.3.1/../../../../arm-none-eabi/lib/thumb/v6-m\libstdc++_nano.a(eh_terminate.o)
                0x00002f0c                __cxxabiv1::__terminate(void (*)())
 .text._ZSt9terminatev
                0x00002f14       0x10 c:/program files (x86)/gnu tools arm embedded/7 2018-q2-update/bin/../lib/gcc/arm-none-eabi/7.3.1/../../../../arm-none-eabi/lib/thumb/v6-m\libstdc++_nano.a(eh_terminate.o)
                0x00002f14                std::terminate()
 .text._ZN10__cxxabiv112__unexpectedEPFvvE
                0x00002f24        0x8 c:/program files (x86)/gnu tools arm embedded/7 2018-q2-update/bin/../lib/gcc/arm-none-eabi/7.3.1/../../../../arm-none-eabi/lib/thumb/v6-m\libstdc++_nano.a(eh_terminate.o)
                0x00002f24                __cxxabiv1::__unexpected(void (*)())
 .text._ZSt10unexpectedv
                0x00002f2c       0x10 c:/program files (x86)/gnu tools arm embedded/7 2018-q2-update/bin/../lib/gcc/arm-none-eabi/7.3.1/../../../../arm-none-eabi/lib/thumb/v6-m\libstdc++_nano.a(eh_terminate.o)
                0x00002f2c                std::unexpected()
 .text.__cxa_end_cleanup
                0x00002f3c        0xc c:/program files (x86)/gnu tools arm embedded/7 2018-q2-update/bin/../lib/gcc/arm-none-eabi/7.3.1/../../../../arm-none-eabi/lib/thumb/v6-m\libstdc++_nano.a(eh_arm.o)
                0x00002f3c                __cxa_end_cleanup
 .text._ZN10__cxxabiv1L24__is_gxx_exception_classEPc
                0x00002f48       0x3a c:/program files (x86)/gnu tools arm embedded/7 2018-q2-update/bin/../lib/gcc/arm-none-eabi/7.3.1/../../../../arm-none-eabi/lib/thumb/v6-m\libstdc++_nano.a(eh_arm.o)
 *fill*         0x00002f82        0x2 
 .text.__cxa_type_match
                0x00002f84       0xb8 c:/program files (x86)/gnu tools arm embedded/7 2018-q2-update/bin/../lib/gcc/arm-none-eabi/7.3.1/../../../../arm-none-eabi/lib/thumb/v6-m\libstdc++_nano.a(eh_arm.o)
                0x00002f84                __cxa_type_match
 .text.__cxa_begin_cleanup
                0x0000303c       0x36 c:/program files (x86)/gnu tools arm embedded/7 2018-q2-update/bin/../lib/gcc/arm-none-eabi/7.3.1/../../../../arm-none-eabi/lib/thumb/v6-m\libstdc++_nano.a(eh_arm.o)
                0x0000303c                __cxa_begin_cleanup
 .text.__gnu_end_cleanup
                0x00003072       0x38 c:/program files (x86)/gnu tools arm embedded/7 2018-q2-update/bin/../lib/gcc/arm-none-eabi/7.3.1/../../../../arm-none-eabi/lib/thumb/v6-m\libstdc++_nano.a(eh_arm.o)
                0x00003072                __gnu_end_cleanup
 .text._Znaj    0x000030aa        0x8 c:/program files (x86)/gnu tools arm embedded/7 2018-q2-update/bin/../lib/gcc/arm-none-eabi/7.3.1/../../../../arm-none-eabi/lib/thumb/v6-m\libstdc++_nano.a(new_opv.o)
                0x000030aa                operator new[](unsigned int)
 *fill*         0x000030b2        0x2 
 .text._ZN10__cxxabiv120__si_class_type_infoD2Ev
                0x000030b4       0x18 c:/program files (x86)/gnu tools arm embedded/7 2018-q2-update/bin/../lib/gcc/arm-none-eabi/7.3.1/../../../../arm-none-eabi/lib/thumb/v6-m\libstdc++_nano.a(si_class_type_info.o)
                0x000030b4                __cxxabiv1::__si_class_type_info::~__si_class_type_info()
                0x000030b4                __cxxabiv1::__si_class_type_info::~__si_class_type_info()
 .text._ZN10__cxxabiv120__si_class_type_infoD0Ev
                0x000030cc       0x14 c:/program files (x86)/gnu tools arm embedded/7 2018-q2-update/bin/../lib/gcc/arm-none-eabi/7.3.1/../../../../arm-none-eabi/lib/thumb/v6-m\libstdc++_nano.a(si_class_type_info.o)
                0x000030cc                __cxxabiv1::__si_class_type_info::~__si_class_type_info()
 .text._ZNK10__cxxabiv120__si_class_type_info20__do_find_public_srcEiPKvPKNS_17__class_type_infoES2_
                0x000030e0       0x32 c:/program files (x86)/gnu tools arm embedded/7 2018-q2-update/bin/../lib/gcc/arm-none-eabi/7.3.1/../../../../arm-none-eabi/lib/thumb/v6-m\libstdc++_nano.a(si_class_type_info.o)
                0x000030e0                __cxxabiv1::__si_class_type_info::__do_find_public_src(int, void const*, __cxxabiv1::__class_type_info const*, void const*) const
 .text._ZNK10__cxxabiv120__si_class_type_info12__do_dyncastEiNS_17__class_type_info10__sub_kindEPKS1_PKvS4_S6_RNS1_16__dyncast_resultE
                0x00003112       0x80 c:/program files (x86)/gnu tools arm embedded/7 2018-q2-update/bin/../lib/gcc/arm-none-eabi/7.3.1/../../../../arm-none-eabi/lib/thumb/v6-m\libstdc++_nano.a(si_class_type_info.o)
                0x00003112                __cxxabiv1::__si_class_type_info::__do_dyncast(int, __cxxabiv1::__class_type_info::__sub_kind, __cxxabiv1::__class_type_info const*, void const*, __cxxabiv1::__class_type_info const*, void const*, __cxxabiv1::__class_type_info::__dyncast_result&) const
 .text._ZNK10__cxxabiv120__si_class_type_info11__do_upcastEPKNS_17__class_type_infoEPKvRNS1_15__upcast_resultE
                0x00003192       0x22 c:/program files (x86)/gnu tools arm embedded/7 2018-q2-update/bin/../lib/gcc/arm-none-eabi/7.3.1/../../../../arm-none-eabi/lib/thumb/v6-m\libstdc++_nano.a(si_class_type_info.o)
                0x00003192                __cxxabiv1::__si_class_type_info::__do_upcast(__cxxabiv1::__class_type_info const*, void const*, __cxxabiv1::__class_type_info::__upcast_result&) const
 .text._ZNSt9type_infoD2Ev
                0x000031b4        0x2 c:/program files (x86)/gnu tools arm embedded/7 2018-q2-update/bin/../lib/gcc/arm-none-eabi/7.3.1/../../../../arm-none-eabi/lib/thumb/v6-m\libstdc++_nano.a(tinfo.o)
                0x000031b4                std::type_info::~type_info()
                0x000031b4                std::type_info::~type_info()
 .text._ZNKSt9type_info14__is_pointer_pEv
                0x000031b6        0x4 c:/program files (x86)/gnu tools arm embedded/7 2018-q2-update/bin/../lib/gcc/arm-none-eabi/7.3.1/../../../../arm-none-eabi/lib/thumb/v6-m\libstdc++_nano.a(tinfo.o)
                0x000031b6                std::type_info::__is_pointer_p() const
                0x000031b6                std::type_info::__is_function_p() const
 .text._ZNKSt9type_infoeqERKS_
                0x000031ba       0x2c c:/program files (x86)/gnu tools arm embedded/7 2018-q2-update/bin/../lib/gcc/arm-none-eabi/7.3.1/../../../../arm-none-eabi/lib/thumb/v6-m\libstdc++_nano.a(tinfo.o)
                0x000031ba                std::type_info::operator==(std::type_info const&) const
 .text._ZNK10__cxxabiv117__class_type_info11__do_upcastEPKS0_PPv
                0x000031e6       0x34 c:/program files (x86)/gnu tools arm embedded/7 2018-q2-update/bin/../lib/gcc/arm-none-eabi/7.3.1/../../../../arm-none-eabi/lib/thumb/v6-m\libstdc++_nano.a(class_type_info.o)
                0x000031e6                __cxxabiv1::__class_type_info::__do_upcast(__cxxabiv1::__class_type_info const*, void**) const
 .text._ZNK10__cxxabiv117__class_type_info20__do_find_public_srcEiPKvPKS0_S2_
                0x0000321a        0xc c:/program files (x86)/gnu tools arm embedded/7 2018-q2-update/bin/../lib/gcc/arm-none-eabi/7.3.1/../../../../arm-none-eabi/lib/thumb/v6-m\libstdc++_nano.a(class_type_info.o)
                0x0000321a                __cxxabiv1::__class_type_info::__do_find_public_src(int, void const*, __cxxabiv1::__class_type_info const*, void const*) const
 *fill*         0x00003226        0x2 
 .text._ZN10__cxxabiv117__class_type_infoD2Ev
                0x00003228       0x18 c:/program files (x86)/gnu tools arm embedded/7 2018-q2-update/bin/../lib/gcc/arm-none-eabi/7.3.1/../../../../arm-none-eabi/lib/thumb/v6-m\libstdc++_nano.a(class_type_info.o)
                0x00003228                __cxxabiv1::__class_type_info::~__class_type_info()
                0x00003228                __cxxabiv1::__class_type_info::~__class_type_info()
 .text._ZN10__cxxabiv117__class_type_infoD0Ev
                0x00003240       0x14 c:/program files (x86)/gnu tools arm embedded/7 2018-q2-update/bin/../lib/gcc/arm-none-eabi/7.3.1/../../../../arm-none-eabi/lib/thumb/v6-m\libstdc++_nano.a(class_type_info.o)
                0x00003240                __cxxabiv1::__class_type_info::~__class_type_info()
 .text._ZNK10__cxxabiv117__class_type_info12__do_dyncastEiNS0_10__sub_kindEPKS0_PKvS3_S5_RNS0_16__dyncast_resultE
                0x00003254       0x3a c:/program files (x86)/gnu tools arm embedded/7 2018-q2-update/bin/../lib/gcc/arm-none-eabi/7.3.1/../../../../arm-none-eabi/lib/thumb/v6-m\libstdc++_nano.a(class_type_info.o)
                0x00003254                __cxxabiv1::__class_type_info::__do_dyncast(int, __cxxabiv1::__class_type_info::__sub_kind, __cxxabiv1::__class_type_info const*, void const*, __cxxabiv1::__class_type_info const*, void const*, __cxxabiv1::__class_type_info::__dyncast_result&) const
 .text._ZNK10__cxxabiv117__class_type_info11__do_upcastEPKS0_PKvRNS0_15__upcast_resultE
                0x0000328e       0x1a c:/program files (x86)/gnu tools arm embedded/7 2018-q2-update/bin/../lib/gcc/arm-none-eabi/7.3.1/../../../../arm-none-eabi/lib/thumb/v6-m\libstdc++_nano.a(class_type_info.o)
                0x0000328e                __cxxabiv1::__class_type_info::__do_upcast(__cxxabiv1::__class_type_info const*, void const*, __cxxabiv1::__class_type_info::__upcast_result&) const
 .text._ZNK10__cxxabiv117__class_type_info10__do_catchEPKSt9type_infoPPvj
                0x000032a8       0x24 c:/program files (x86)/gnu tools arm embedded/7 2018-q2-update/bin/../lib/gcc/arm-none-eabi/7.3.1/../../../../arm-none-eabi/lib/thumb/v6-m\libstdc++_nano.a(class_type_info.o)
                0x000032a8                __cxxabiv1::__class_type_info::__do_catch(std::type_info const*, void**, unsigned int) const
 .text._ZdlPvj  0x000032cc        0x8 c:/program files (x86)/gnu tools arm embedded/7 2018-q2-update/bin/../lib/gcc/arm-none-eabi/7.3.1/../../../../arm-none-eabi/lib/thumb/v6-m\libstdc++_nano.a(del_ops.o)
                0x000032cc                operator delete(void*, unsigned int)
 .text.abort    0x000032d4        0xe c:/program files (x86)/gnu tools arm embedded/7 2018-q2-update/bin/../lib/gcc/arm-none-eabi/7.3.1/../../../../arm-none-eabi/lib/thumb/v6-m\libg_nano.a(lib_a-abort.o)
                0x000032d4                abort
 *fill*         0x000032e2        0x2 
 .text.exit     0x000032e4       0x2c c:/program files (x86)/gnu tools arm embedded/7 2018-q2-update/bin/../lib/gcc/arm-none-eabi/7.3.1/../../../../arm-none-eabi/lib/thumb/v6-m\libg_nano.a(lib_a-exit.o)
                0x000032e4                exit
 .text.__libc_init_array
                0x00003310       0x48 c:/program files (x86)/gnu tools arm embedded/7 2018-q2-update/bin/../lib/gcc/arm-none-eabi/7.3.1/../../../../arm-none-eabi/lib/thumb/v6-m\libg_nano.a(lib_a-init.o)
                0x00003310                __libc_init_array
 .text.malloc   0x00003358       0x14 c:/program files (x86)/gnu tools arm embedded/7 2018-q2-update/bin/../lib/gcc/arm-none-eabi/7.3.1/../../../../arm-none-eabi/lib/thumb/v6-m\libg_nano.a(lib_a-malloc.o)
                0x00003358                malloc
 .text.free     0x0000336c       0x14 c:/program files (x86)/gnu tools arm embedded/7 2018-q2-update/bin/../lib/gcc/arm-none-eabi/7.3.1/../../../../arm-none-eabi/lib/thumb/v6-m\libg_nano.a(lib_a-malloc.o)
                0x0000336c                free
 .text.memcpy   0x00003380       0x12 c:/program files (x86)/gnu tools arm embedded/7 2018-q2-update/bin/../lib/gcc/arm-none-eabi/7.3.1/../../../../arm-none-eabi/lib/thumb/v6-m\libg_nano.a(lib_a-memcpy-stub.o)
                0x00003380                memcpy
 .text.memset   0x00003392       0x10 c:/program files (x86)/gnu tools arm embedded/7 2018-q2-update/bin/../lib/gcc/arm-none-eabi/7.3.1/../../../../arm-none-eabi/lib/thumb/v6-m\libg_nano.a(lib_a-memset.o)
                0x00003392                memset
 *fill*         0x000033a2        0x2 
 .text._free_r  0x000033a4       0x94 c:/program files (x86)/gnu tools arm embedded/7 2018-q2-update/bin/../lib/gcc/arm-none-eabi/7.3.1/../../../../arm-none-eabi/lib/thumb/v6-m\libg_nano.a(lib_a-nano-freer.o)
                0x000033a4                _free_r
 .text._malloc_r
                0x00003438       0xbc c:/program files (x86)/gnu tools arm embedded/7 2018-q2-update/bin/../lib/gcc/arm-none-eabi/7.3.1/../../../../arm-none-eabi/lib/thumb/v6-m\libg_nano.a(lib_a-nano-mallocr.o)
                0x00003438                _malloc_r
 .text._sbrk_r  0x000034f4       0x24 c:/program files (x86)/gnu tools arm embedded/7 2018-q2-update/bin/../lib/gcc/arm-none-eabi/7.3.1/../../../../arm-none-eabi/lib/thumb/v6-m\libg_nano.a(lib_a-sbrkr.o)
                0x000034f4                _sbrk_r
 .text._raise_r
                0x00003518       0x54 c:/program files (x86)/gnu tools arm embedded/7 2018-q2-update/bin/../lib/gcc/arm-none-eabi/7.3.1/../../../../arm-none-eabi/lib/thumb/v6-m\libg_nano.a(lib_a-signal.o)
                0x00003518                _raise_r
 .text.raise    0x0000356c       0x14 c:/program files (x86)/gnu tools arm embedded/7 2018-q2-update/bin/../lib/gcc/arm-none-eabi/7.3.1/../../../../arm-none-eabi/lib/thumb/v6-m\libg_nano.a(lib_a-signal.o)
                0x0000356c                raise
 .text._kill_r  0x00003580       0x24 c:/program files (x86)/gnu tools arm embedded/7 2018-q2-update/bin/../lib/gcc/arm-none-eabi/7.3.1/../../../../arm-none-eabi/lib/thumb/v6-m\libg_nano.a(lib_a-signalr.o)
                0x00003580                _kill_r
 .text._getpid_r
                0x000035a4        0x8 c:/program files (x86)/gnu tools arm embedded/7 2018-q2-update/bin/../lib/gcc/arm-none-eabi/7.3.1/../../../../arm-none-eabi/lib/thumb/v6-m\libg_nano.a(lib_a-signalr.o)
                0x000035a4                _getpid_r
 .text.snprintf
                0x000035ac       0x64 c:/program files (x86)/gnu tools arm embedded/7 2018-q2-update/bin/../lib/gcc/arm-none-eabi/7.3.1/../../../../arm-none-eabi/lib/thumb/v6-m\libg_nano.a(lib_a-snprintf.o)
                0x000035ac                sniprintf
                0x000035ac                snprintf
 .text.__malloc_lock
                0x00003610        0x2 c:/program files (x86)/gnu tools arm embedded/7 2018-q2-update/bin/../lib/gcc/arm-none-eabi/7.3.1/../../../../arm-none-eabi/lib/thumb/v6-m\libg_nano.a(lib_a-mlock.o)
                0x00003610                __malloc_lock
 .text.__malloc_unlock
                0x00003612        0x2 c:/program files (x86)/gnu tools arm embedded/7 2018-q2-update/bin/../lib/gcc/arm-none-eabi/7.3.1/../../../../arm-none-eabi/lib/thumb/v6-m\libg_nano.a(lib_a-mlock.o)
                0x00003612                __malloc_unlock
 .text.__ssputs_r
                0x00003614       0xc4 c:/program files (x86)/gnu tools arm embedded/7 2018-q2-update/bin/../lib/gcc/arm-none-eabi/7.3.1/../../../../arm-none-eabi/lib/thumb/v6-m\libg_nano.a(lib_a-nano-svfprintf.o)
                0x00003614                __ssputs_r
 .text._svfprintf_r
                0x000036d8      0x1fc c:/program files (x86)/gnu tools arm embedded/7 2018-q2-update/bin/../lib/gcc/arm-none-eabi/7.3.1/../../../../arm-none-eabi/lib/thumb/v6-m\libg_nano.a(lib_a-nano-svfprintf.o)
                0x000036d8                _svfiprintf_r
                0x000036d8                _svfprintf_r
 .text._printf_common
                0x000038d4       0xda c:/program files (x86)/gnu tools arm embedded/7 2018-q2-update/bin/../lib/gcc/arm-none-eabi/7.3.1/../../../../arm-none-eabi/lib/thumb/v6-m\libg_nano.a(lib_a-nano-vfprintf_i.o)
                0x000038d4                _printf_common
 *fill*         0x000039ae        0x2 
 .text._printf_i
                0x000039b0      0x210 c:/program files (x86)/gnu tools arm embedded/7 2018-q2-update/bin/../lib/gcc/arm-none-eabi/7.3.1/../../../../arm-none-eabi/lib/thumb/v6-m\libg_nano.a(lib_a-nano-vfprintf_i.o)
                0x000039b0                _printf_i
 .text.memchr   0x00003bc0       0x16 c:/program files (x86)/gnu tools arm embedded/7 2018-q2-update/bin/../lib/gcc/arm-none-eabi/7.3.1/../../../../arm-none-eabi/lib/thumb/v6-m\libg_nano.a(lib_a-memchr-stub.o)
                0x00003bc0                memchr
 .text.memmove  0x00003bd6       0x26 c:/program files (x86)/gnu tools arm embedded/7 2018-q2-update/bin/../lib/gcc/arm-none-eabi/7.3.1/../../../../arm-none-eabi/lib/thumb/v6-m\libg_nano.a(lib_a-memmove.o)
                0x00003bd6                memmove
 .text._realloc_r
                0x00003bfc       0x4c c:/program files (x86)/gnu tools arm embedded/7 2018-q2-update/bin/../lib/gcc/arm-none-eabi/7.3.1/../../../../arm-none-eabi/lib/thumb/v6-m\libg_nano.a(lib_a-nano-reallocr.o)
                0x00003bfc                _realloc_r
 .text._malloc_usable_size_r
                0x00003c48       0x10 c:/program files (x86)/gnu tools arm embedded/7 2018-q2-update/bin/../lib/gcc/arm-none-eabi/7.3.1/../../../../arm-none-eabi/lib/thumb/v6-m\libg_nano.a(lib_a-nano-msizer.o)
                0x00003c48                _malloc_usable_size_r
 .text._getpid  0x00003c58       0x10 c:/program files (x86)/gnu tools arm embedded/7 2018-q2-update/bin/../lib/gcc/arm-none-eabi/7.3.1/../../../../arm-none-eabi/lib/thumb/v6-m\libnosys.a(getpid.o)
                0x00003c58                _getpid
 .text._kill    0x00003c68       0x10 c:/program files (x86)/gnu tools arm embedded/7 2018-q2-update/bin/../lib/gcc/arm-none-eabi/7.3.1/../../../../arm-none-eabi/lib/thumb/v6-m\libnosys.a(kill.o)
                0x00003c68                _kill
 .text._sbrk    0x00003c78       0x1c c:/program files (x86)/gnu tools arm embedded/7 2018-q2-update/bin/../lib/gcc/arm-none-eabi/7.3.1/../../../../arm-none-eabi/lib/thumb/v6-m\libnosys.a(sbrk.o)
                0x00003c78                _sbrk
 .text._exit    0x00003c94        0x4 c:/program files (x86)/gnu tools arm embedded/7 2018-q2-update/bin/../lib/gcc/arm-none-eabi/7.3.1/../../../../arm-none-eabi/lib/thumb/v6-m\libnosys.a(_exit.o)
                0x00003c94                _exit
 *(.rodata)
 .rodata        0x00003c98        0x9 ./Sources/cppmain.o
 *fill*         0x00003ca1        0x3 
 .rodata        0x00003ca4       0x8e ./Sources/state_machine.o
 *(.rodata*)
 *fill*         0x00003d32        0x2 
 .rodata._ZTV12StateMachine
                0x00003d34       0x10 ./Sources/state_machine.o
                0x00003d34                vtable for StateMachine
 .rodata._ZTV9IdleState
                0x00003d44       0x1c ./Sources/state_machine.o
                0x00003d44                vtable for IdleState
 .rodata._ZTV13TestUARTState
                0x00003d60       0x1c ./Sources/state_machine.o
                0x00003d60                vtable for TestUARTState
 .rodata._ZTV20TestADConverterState
                0x00003d7c       0x1c ./Sources/state_machine.o
                0x00003d7c                vtable for TestADConverterState
 .rodata._ZTV5State
                0x00003d98       0x1c ./Sources/state_machine.o
                0x00003d98                vtable for State
 .rodata._ZTI12StateMachine
                0x00003db4        0x8 ./Sources/state_machine.o
                0x00003db4                typeinfo for StateMachine
 .rodata._ZTS12StateMachine
                0x00003dbc        0xf ./Sources/state_machine.o
                0x00003dbc                typeinfo name for StateMachine
 *fill*         0x00003dcb        0x1 
 .rodata._ZTI9IdleState
                0x00003dcc        0xc ./Sources/state_machine.o
                0x00003dcc                typeinfo for IdleState
 .rodata._ZTS9IdleState
                0x00003dd8        0xb ./Sources/state_machine.o
                0x00003dd8                typeinfo name for IdleState
 *fill*         0x00003de3        0x1 
 .rodata._ZTI13TestUARTState
                0x00003de4        0xc ./Sources/state_machine.o
                0x00003de4                typeinfo for TestUARTState
 .rodata._ZTS13TestUARTState
                0x00003df0       0x10 ./Sources/state_machine.o
                0x00003df0                typeinfo name for TestUARTState
 .rodata._ZTI20TestADConverterState
                0x00003e00        0xc ./Sources/state_machine.o
                0x00003e00                typeinfo for TestADConverterState
 .rodata._ZTS20TestADConverterState
                0x00003e0c       0x17 ./Sources/state_machine.o
                0x00003e0c                typeinfo name for TestADConverterState
 *fill*         0x00003e23        0x1 
 .rodata._ZTI5State
                0x00003e24        0x8 ./Sources/state_machine.o
                0x00003e24                typeinfo for State
 .rodata._ZTS5State
                0x00003e2c        0x7 ./Sources/state_machine.o
                0x00003e2c                typeinfo name for State
 *fill*         0x00003e33        0x1 
 .rodata._ZTIN10__cxxabiv120__si_class_type_infoE
                0x00003e34        0xc c:/program files (x86)/gnu tools arm embedded/7 2018-q2-update/bin/../lib/gcc/arm-none-eabi/7.3.1/../../../../arm-none-eabi/lib/thumb/v6-m\libstdc++_nano.a(si_class_type_info.o)
                0x00003e34                typeinfo for __cxxabiv1::__si_class_type_info
 .rodata._ZTSN10__cxxabiv120__si_class_type_infoE
                0x00003e40       0x25 c:/program files (x86)/gnu tools arm embedded/7 2018-q2-update/bin/../lib/gcc/arm-none-eabi/7.3.1/../../../../arm-none-eabi/lib/thumb/v6-m\libstdc++_nano.a(si_class_type_info.o)
                0x00003e40                typeinfo name for __cxxabiv1::__si_class_type_info
 *fill*         0x00003e65        0x3 
 .rodata._ZTVN10__cxxabiv120__si_class_type_infoE
                0x00003e68       0x2c c:/program files (x86)/gnu tools arm embedded/7 2018-q2-update/bin/../lib/gcc/arm-none-eabi/7.3.1/../../../../arm-none-eabi/lib/thumb/v6-m\libstdc++_nano.a(si_class_type_info.o)
                0x00003e68                vtable for __cxxabiv1::__si_class_type_info
 .rodata._ZTISt9type_info
                0x00003e94        0x8 c:/program files (x86)/gnu tools arm embedded/7 2018-q2-update/bin/../lib/gcc/arm-none-eabi/7.3.1/../../../../arm-none-eabi/lib/thumb/v6-m\libstdc++_nano.a(tinfo.o)
                0x00003e94                typeinfo for std::type_info
 .rodata._ZTSSt9type_info
                0x00003e9c        0xd c:/program files (x86)/gnu tools arm embedded/7 2018-q2-update/bin/../lib/gcc/arm-none-eabi/7.3.1/../../../../arm-none-eabi/lib/thumb/v6-m\libstdc++_nano.a(tinfo.o)
                0x00003e9c                typeinfo name for std::type_info
 *fill*         0x00003ea9        0x3 
 .rodata._ZTIN10__cxxabiv117__class_type_infoE
                0x00003eac        0xc c:/program files (x86)/gnu tools arm embedded/7 2018-q2-update/bin/../lib/gcc/arm-none-eabi/7.3.1/../../../../arm-none-eabi/lib/thumb/v6-m\libstdc++_nano.a(class_type_info.o)
                0x00003eac                typeinfo for __cxxabiv1::__class_type_info
 .rodata._ZTSN10__cxxabiv117__class_type_infoE
                0x00003eb8       0x22 c:/program files (x86)/gnu tools arm embedded/7 2018-q2-update/bin/../lib/gcc/arm-none-eabi/7.3.1/../../../../arm-none-eabi/lib/thumb/v6-m\libstdc++_nano.a(class_type_info.o)
                0x00003eb8                typeinfo name for __cxxabiv1::__class_type_info
 *fill*         0x00003eda        0x2 
 .rodata._ZTVN10__cxxabiv117__class_type_infoE
                0x00003edc       0x2c c:/program files (x86)/gnu tools arm embedded/7 2018-q2-update/bin/../lib/gcc/arm-none-eabi/7.3.1/../../../../arm-none-eabi/lib/thumb/v6-m\libstdc++_nano.a(class_type_info.o)
                0x00003edc                vtable for __cxxabiv1::__class_type_info
 .rodata._ZTIN10__cxxabiv115__forced_unwindE
                0x00003f08        0x8 c:/program files (x86)/gnu tools arm embedded/7 2018-q2-update/bin/../lib/gcc/arm-none-eabi/7.3.1/../../../../arm-none-eabi/lib/thumb/v6-m\libstdc++_nano.a(eh_exception.o)
                0x00003f08                typeinfo for __cxxabiv1::__forced_unwind
 .rodata._ZTIN10__cxxabiv119__foreign_exceptionE
                0x00003f10        0x8 c:/program files (x86)/gnu tools arm embedded/7 2018-q2-update/bin/../lib/gcc/arm-none-eabi/7.3.1/../../../../arm-none-eabi/lib/thumb/v6-m\libstdc++_nano.a(eh_exception.o)
                0x00003f10                typeinfo for __cxxabiv1::__foreign_exception
 .rodata._ZTSN10__cxxabiv115__forced_unwindE
                0x00003f18       0x20 c:/program files (x86)/gnu tools arm embedded/7 2018-q2-update/bin/../lib/gcc/arm-none-eabi/7.3.1/../../../../arm-none-eabi/lib/thumb/v6-m\libstdc++_nano.a(eh_exception.o)
                0x00003f18                typeinfo name for __cxxabiv1::__forced_unwind
 .rodata._ZTSN10__cxxabiv119__foreign_exceptionE
                0x00003f38       0x24 c:/program files (x86)/gnu tools arm embedded/7 2018-q2-update/bin/../lib/gcc/arm-none-eabi/7.3.1/../../../../arm-none-eabi/lib/thumb/v6-m\libstdc++_nano.a(eh_exception.o)
                0x00003f38                typeinfo name for __cxxabiv1::__foreign_exception
 .rodata._global_impure_ptr
                0x00003f5c        0x4 c:/program files (x86)/gnu tools arm embedded/7 2018-q2-update/bin/../lib/gcc/arm-none-eabi/7.3.1/../../../../arm-none-eabi/lib/thumb/v6-m\libg_nano.a(lib_a-impure.o)
                0x00003f5c                _global_impure_ptr
 .rodata._svfprintf_r.str1.1
                0x00003f60       0x11 c:/program files (x86)/gnu tools arm embedded/7 2018-q2-update/bin/../lib/gcc/arm-none-eabi/7.3.1/../../../../arm-none-eabi/lib/thumb/v6-m\libg_nano.a(lib_a-nano-svfprintf.o)
 .rodata._printf_i.str1.1
                0x00003f71       0x22 c:/program files (x86)/gnu tools arm embedded/7 2018-q2-update/bin/../lib/gcc/arm-none-eabi/7.3.1/../../../../arm-none-eabi/lib/thumb/v6-m\libg_nano.a(lib_a-nano-vfprintf_i.o)
 *(.glue_7)
 .glue_7        0x00003f93        0x0 linker stubs
 *(.glue_7t)
 .glue_7t       0x00003f93        0x0 linker stubs
 *(.eh_frame)
 *fill*         0x00003f93        0x1 
 .eh_frame      0x00003f94        0x0 c:/program files (x86)/gnu tools arm embedded/7 2018-q2-update/bin/../lib/gcc/arm-none-eabi/7.3.1/thumb/v6-m/crtbegin.o
 *(.init)
 .init          0x00003f94        0x4 c:/program files (x86)/gnu tools arm embedded/7 2018-q2-update/bin/../lib/gcc/arm-none-eabi/7.3.1/thumb/v6-m/crti.o
                0x00003f94                _init
 .init          0x00003f98        0x8 c:/program files (x86)/gnu tools arm embedded/7 2018-q2-update/bin/../lib/gcc/arm-none-eabi/7.3.1/thumb/v6-m/crtn.o
 *(.fini)
 .fini          0x00003fa0        0x4 c:/program files (x86)/gnu tools arm embedded/7 2018-q2-update/bin/../lib/gcc/arm-none-eabi/7.3.1/thumb/v6-m/crti.o
                0x00003fa0                _fini
 .fini          0x00003fa4        0x8 c:/program files (x86)/gnu tools arm embedded/7 2018-q2-update/bin/../lib/gcc/arm-none-eabi/7.3.1/thumb/v6-m/crtn.o
                0x00003fac                . = ALIGN (0x4)

.vfp11_veneer   0x00003fac        0x0
 .vfp11_veneer  0x00003fac        0x0 linker stubs

.v4_bx          0x00003fac        0x0
 .v4_bx         0x00003fac        0x0 linker stubs

.iplt           0x00003fac        0x0
 .iplt          0x00003fac        0x0 c:/program files (x86)/gnu tools arm embedded/7 2018-q2-update/bin/../lib/gcc/arm-none-eabi/7.3.1/thumb/v6-m/crtbegin.o

.ARM.extab      0x00003fac      0x128
 *(.ARM.extab* .gnu.linkonce.armextab.*)
 .ARM.extab.text._ZN10UARTModule20DisableIntrOnRecieveEv
                0x00003fac        0x0 ./Sources/UART.o
 .ARM.extab.text._ZN10UARTModule19EnableIntrOnRecieveEv
                0x00003fac        0x0 ./Sources/UART.o
 .ARM.extab.text._ZN10UARTModule22EnableIntrOnTxRegEmptyEv
                0x00003fac        0x0 ./Sources/UART.o
 .ARM.extab.text._ZN10UARTModule23DisableIntrOnTxRegEmptyEv
                0x00003fac        0x0 ./Sources/UART.o
 .ARM.extab.text._ZN10UARTModule10GetChannelEv
                0x00003fac        0x0 ./Sources/communicate.o
 .ARM.extab.text._ZN16UARTCommunicator15DisableNVICIntrEv
                0x00003fac        0x0 ./Sources/communicate.o
 .ARM.extab.text._ZN16UARTCommunicator14EnableNVICIntrEv
                0x00003fac        0x0 ./Sources/communicate.o
 .ARM.extab.text._ZN16UARTCommunicatorC2EhhN13UART_settings5UARTnEbt
                0x00003fac       0x1f ./Sources/communicate.o
 *fill*         0x00003fcb        0x1 
 .ARM.extab.text._ZN16UARTCommunicator14OnIntrSendNextEv
                0x00003fcc        0xc ./Sources/communicate.o
 .ARM.extab.text._ZN16UARTCommunicator17OnIntrRecieveNextEv
                0x00003fd8        0xc ./Sources/communicate.o
 .ARM.extab.text._cppmain
                0x00003fe4       0x2f ./Sources/cppmain.o
 *fill*         0x00004013        0x1 
 .ARM.extab.text.UART0_IRQHandler
                0x00004014        0xc ./Sources/cppmain.o
 .ARM.extab.text.UART1_IRQHandler
                0x00004020        0xc ./Sources/cppmain.o
 .ARM.extab.text.UART2_IRQHandler
                0x0000402c        0xc ./Sources/cppmain.o
 .ARM.extab.text._ZN5State13HandleCommandEh
                0x00004038        0x0 ./Sources/state_machine.o
 .ARM.extab.text._ZN5State11HandleInputEv
                0x00004038        0x0 ./Sources/state_machine.o
 .ARM.extab.text._ZN5State13StateChangeOpEv
                0x00004038        0x0 ./Sources/state_machine.o
 .ARM.extab.text._ZN5State13StateRemainOpEv
                0x00004038        0x0 ./Sources/state_machine.o
 .ARM.extab.text._ZN5State11StateExitOpEv
                0x00004038        0x0 ./Sources/state_machine.o
 .ARM.extab.text._ZN20TestADConverterState11HandleInputEv
                0x00004038        0x0 ./Sources/state_machine.o
 .ARM.extab.text._ZN9IdleState13StateChangeOpEv
                0x00004038        0x0 ./Sources/state_machine.o
 .ARM.extab.text._ZN5StateC2Ev
                0x00004038        0x0 ./Sources/state_machine.o
 .ARM.extab.text._ZN13TestUARTStateC2Ev
                0x00004038        0x0 ./Sources/state_machine.o
 .ARM.extab.text._ZN20TestADConverterStateC2Ev
                0x00004038        0x0 ./Sources/state_machine.o
 .ARM.extab.text._ZN9IdleState13HandleCommandEh
                0x00004038        0xc ./Sources/state_machine.o
 .ARM.extab.text._ZN9IdleStateC2Ev
                0x00004044        0x0 ./Sources/state_machine.o
 .ARM.extab.text._ZN13TestUARTState13HandleCommandEh
                0x00004044        0xc ./Sources/state_machine.o
 .ARM.extab.text._ZN13TestUARTState13StateChangeOpEv
                0x00004050        0xc ./Sources/state_machine.o
 .ARM.extab.text._ZN12StateMachineC2Ev
                0x0000405c        0xc ./Sources/state_machine.o
 .ARM.extab.text._ZN12StateMachine11SendCommandEh
                0x00004068        0xc ./Sources/state_machine.o
 .ARM.extab.text._ZN20TestADConverterState13HandleCommandEh
                0x00004074        0xc ./Sources/state_machine.o
 .ARM.extab.text._ZN20TestADConverterState13StateChangeOpEv
                0x00004080        0xc ./Sources/state_machine.o
 .ARM.extab.text._ZN20TestADConverterState13StateRemainOpEv
                0x0000408c        0xc ./Sources/state_machine.o
 .ARM.extab.text._ZN20TestADConverterState11StateExitOpEv
                0x00004098        0xc ./Sources/state_machine.o
 .ARM.extab     0x000040a4       0x24 c:/program files (x86)/gnu tools arm embedded/7 2018-q2-update/bin/../lib/gcc/arm-none-eabi/7.3.1/thumb/v6-m\libgcc.a(unwind-arm.o)
 .ARM.extab     0x000040c8        0xc c:/program files (x86)/gnu tools arm embedded/7 2018-q2-update/bin/../lib/gcc/arm-none-eabi/7.3.1/thumb/v6-m\libgcc.a(pr-support.o)

.ARM            0x000040d4      0x188
                0x000040d4                __exidx_start = .
 *(.ARM.exidx*)
 .ARM.exidx     0x000040d4        0x8 c:/program files (x86)/gnu tools arm embedded/7 2018-q2-update/bin/../lib/gcc/arm-none-eabi/7.3.1/../../../../arm-none-eabi/lib/thumb/v6-m/crt0.o
 .ARM.exidx.text._ZN9ADCModule14StartCoversionEa
                0x0000419c        0x0 ./Sources/driver/adc.o
                                  0x8 (size before relaxing)
 .ARM.exidx.text._ZN9ADCModuleC2E5ADCHn8ADC_nbit
                0x0000419c        0x0 ./Sources/driver/adc.o
                                  0x8 (size before relaxing)
 .ARM.exidx.text._ZN9ADCModule14TryFetchResultEv
                0x0000419c        0x0 ./Sources/driver/adc.o
                                  0x8 (size before relaxing)
 .ARM.exidx.text._ZN10UARTModule20DisableIntrOnRecieveEv
                0x0000419c        0x0 ./Sources/UART.o
                                  0x8 (size before relaxing)
 .ARM.exidx.text._ZN10UARTModule19EnableIntrOnRecieveEv
                0x0000419c        0x0 ./Sources/UART.o
                                  0x8 (size before relaxing)
 .ARM.exidx.text._ZN10UARTModule22EnableIntrOnTxRegEmptyEv
                0x0000419c        0x0 ./Sources/UART.o
                                  0x8 (size before relaxing)
 .ARM.exidx.text._ZN10UARTModule23DisableIntrOnTxRegEmptyEv
                0x0000419c        0x0 ./Sources/UART.o
                                  0x8 (size before relaxing)
 .ARM.exidx.text._ZN10UARTModuleC2EN13UART_settings5UARTnEbtbb
                0x0000419c        0x0 ./Sources/UART.o
                                  0x8 (size before relaxing)
 .ARM.exidx.text._ZN10UARTModule8SendCharEh
                0x0000419c        0x0 ./Sources/UART.o
                                  0x8 (size before relaxing)
 .ARM.exidx.text._ZN10UARTModule11RecieveCharEv
                0x0000419c        0x0 ./Sources/UART.o
                                  0x8 (size before relaxing)
 .ARM.exidx.text.NVIC_EnableIRQ
                0x0000419c        0x0 ./Sources/communicate.o
                                  0x8 (size before relaxing)
 .ARM.exidx.text.NVIC_DisableIRQ
                0x0000419c        0x0 ./Sources/communicate.o
                                  0x8 (size before relaxing)
 .ARM.exidx.text._ZN10UARTModule10GetChannelEv
                0x0000419c        0x0 ./Sources/communicate.o
                                  0x8 (size before relaxing)
 .ARM.exidx.text._ZN16UARTCommunicator15DisableNVICIntrEv
                0x0000419c        0x0 ./Sources/communicate.o
                                  0x8 (size before relaxing)
 .ARM.exidx.text._ZN16UARTCommunicator14EnableNVICIntrEv
                0x0000419c        0x0 ./Sources/communicate.o
                                  0x8 (size before relaxing)
 .ARM.exidx.text._ZN16UARTCommunicatorC2EhhN13UART_settings5UARTnEbt
                0x0000419c        0x8 ./Sources/communicate.o
 .ARM.exidx.text._ZN16UARTCommunicator10SendStringEPch
                0x000041a4        0x8 ./Sources/communicate.o
 .ARM.exidx.text._ZN16UARTCommunicator8SendCharEc
                0x000041ac        0x0 ./Sources/communicate.o
                                  0x8 (size before relaxing)
 .ARM.exidx.text._ZN16UARTCommunicator7GetCharEv
                0x000041ac        0x0 ./Sources/communicate.o
                                  0x8 (size before relaxing)
 .ARM.exidx.text._ZN16UARTCommunicator14OnIntrSendNextEv
                0x000041ac        0x8 ./Sources/communicate.o
 .ARM.exidx.text._ZN16UARTCommunicator17OnIntrRecieveNextEv
                0x000041b4        0x8 ./Sources/communicate.o
 .ARM.exidx.text.NVIC_EnableIRQ
                0x000041bc        0x8 ./Sources/cppmain.o
 .ARM.exidx.text.NVIC_DisableIRQ
                0x000041c4        0x0 ./Sources/cppmain.o
                                  0x8 (size before relaxing)
 .ARM.exidx.text._cppmain
                0x000041c4        0x8 ./Sources/cppmain.o
 .ARM.exidx.text.UART0_IRQHandler
                0x000041cc        0x8 ./Sources/cppmain.o
 .ARM.exidx.text.UART1_IRQHandler
                0x000041d4        0x8 ./Sources/cppmain.o
 .ARM.exidx.text.UART2_IRQHandler
                0x000041dc       0x10 ./Sources/cppmain.o
                                  0x8 (size before relaxing)
 .ARM.exidx.text._ZN5State13HandleCommandEh
                0x000041ec        0x0 ./Sources/state_machine.o
                                  0x8 (size before relaxing)
 .ARM.exidx.text._ZN5State11HandleInputEv
                0x000041ec        0x0 ./Sources/state_machine.o
                                  0x8 (size before relaxing)
 .ARM.exidx.text._ZN5State13StateChangeOpEv
                0x000041ec        0x0 ./Sources/state_machine.o
                                  0x8 (size before relaxing)
 .ARM.exidx.text._ZN5State13StateRemainOpEv
                0x000041ec        0x0 ./Sources/state_machine.o
                                  0x8 (size before relaxing)
 .ARM.exidx.text._ZN5State11StateExitOpEv
                0x000041ec        0x0 ./Sources/state_machine.o
                                  0x8 (size before relaxing)
 .ARM.exidx.text._ZN20TestADConverterState11HandleInputEv
                0x000041ec        0x0 ./Sources/state_machine.o
                                  0x8 (size before relaxing)
 .ARM.exidx.text._ZN9IdleState13StateChangeOpEv
                0x000041ec        0x0 ./Sources/state_machine.o
                                  0x8 (size before relaxing)
 .ARM.exidx.text._ZN5StateC2Ev
                0x000041ec        0x0 ./Sources/state_machine.o
                                  0x8 (size before relaxing)
 .ARM.exidx.text._ZN13TestUARTStateC2Ev
                0x000041ec        0x0 ./Sources/state_machine.o
                                  0x8 (size before relaxing)
 .ARM.exidx.text._ZN20TestADConverterStateC2Ev
                0x000041ec        0x0 ./Sources/state_machine.o
                                  0x8 (size before relaxing)
 .ARM.exidx.text._ZN9IdleState13HandleCommandEh
                0x000041ec        0x8 ./Sources/state_machine.o
 .ARM.exidx.text._ZN9IdleStateC2Ev
                0x000041f4        0x8 ./Sources/state_machine.o
 .ARM.exidx.text._ZN13TestUARTState13HandleCommandEh
                0x000041fc        0x8 ./Sources/state_machine.o
 .ARM.exidx.text._ZN13TestUARTState11HandleInputEv
                0x00004204        0x8 ./Sources/state_machine.o
 .ARM.exidx.text._ZN13TestUARTState13StateChangeOpEv
                0x0000420c        0x8 ./Sources/state_machine.o
 .ARM.exidx.text._ZN9IdleState11HandleInputEv
                0x00004214        0x8 ./Sources/state_machine.o
 .ARM.exidx.text._ZN12StateMachineC2Ev
                0x0000421c        0x8 ./Sources/state_machine.o
 .ARM.exidx.text._ZN12StateMachineD2Ev
                0x00004224        0x8 ./Sources/state_machine.o
 .ARM.exidx.text._ZN12StateMachineD0Ev
                0x0000422c        0x0 ./Sources/state_machine.o
                                  0x8 (size before relaxing)
 .ARM.exidx.text._ZN12StateMachine11SendCommandEh
                0x0000422c        0x8 ./Sources/state_machine.o
 .ARM.exidx.text._ZN20TestADConverterState13HandleCommandEh
                0x00004234        0x8 ./Sources/state_machine.o
 .ARM.exidx.text._ZN20TestADConverterState13StateChangeOpEv
                0x0000423c        0x8 ./Sources/state_machine.o
 .ARM.exidx.text._ZN20TestADConverterState13StateRemainOpEv
                0x00004244        0x8 ./Sources/state_machine.o
 .ARM.exidx.text._ZN20TestADConverterState11StateExitOpEv
                0x0000424c       0x10 ./Sources/state_machine.o
                                  0x8 (size before relaxing)
 .ARM.exidx     0x000040dc       0x90 c:/program files (x86)/gnu tools arm embedded/7 2018-q2-update/bin/../lib/gcc/arm-none-eabi/7.3.1/thumb/v6-m\libgcc.a(unwind-arm.o)
                                 0xd8 (size before relaxing)
 .ARM.exidx     0x0000416c       0x30 c:/program files (x86)/gnu tools arm embedded/7 2018-q2-update/bin/../lib/gcc/arm-none-eabi/7.3.1/thumb/v6-m\libgcc.a(pr-support.o)
                                 0x48 (size before relaxing)
                0x0000425c                __exidx_end = .

.rel.dyn        0x0000425c        0x0
 .rel.iplt      0x0000425c        0x0 c:/program files (x86)/gnu tools arm embedded/7 2018-q2-update/bin/../lib/gcc/arm-none-eabi/7.3.1/thumb/v6-m/crtbegin.o

.ctors          0x0000425c        0x0
                0x0000425c                __CTOR_LIST__ = .
 *crtbegin.o(.ctors)
 *crtbegin?.o(.ctors)
 *(EXCLUDE_FILE(*crtend.o *crtend?.o) .ctors)
 *(SORT_BY_NAME(.ctors.*))
 *(.ctors)
                0x0000425c                __CTOR_END__ = .

.dtors          0x0000425c        0x0
                0x0000425c                __DTOR_LIST__ = .
 *crtbegin.o(.dtors)
 *crtbegin?.o(.dtors)
 *(EXCLUDE_FILE(*crtend.o *crtend?.o) .dtors)
 *(SORT_BY_NAME(.dtors.*))
 *(.dtors)
                0x0000425c                __DTOR_END__ = .

.preinit_array  0x0000425c        0x0
                0x0000425c                PROVIDE (__preinit_array_start = .)
 *(.preinit_array*)
                0x0000425c                PROVIDE (__preinit_array_end = .)

.init_array     0x0000425c        0x4
                0x0000425c                PROVIDE (__init_array_start = .)
 *(SORT_BY_NAME(.init_array.*))
 *(.init_array*)
 .init_array    0x0000425c        0x4 c:/program files (x86)/gnu tools arm embedded/7 2018-q2-update/bin/../lib/gcc/arm-none-eabi/7.3.1/thumb/v6-m/crtbegin.o
                0x00004260                PROVIDE (__init_array_end = .)

.fini_array     0x00004260        0x4
                [!provide]                PROVIDE (__fini_array_start = .)
 *(SORT_BY_NAME(.fini_array.*))
 *(.fini_array*)
 .fini_array    0x00004260        0x4 c:/program files (x86)/gnu tools arm embedded/7 2018-q2-update/bin/../lib/gcc/arm-none-eabi/7.3.1/thumb/v6-m/crtbegin.o
                [!provide]                PROVIDE (__fini_array_end = .)
                0x00004264                __etext = .
                0x00004264                __DATA_ROM = .

.mtb            0x1ffff000        0x0
                0x1ffff000                . = ALIGN (0x8)
                0x1ffff000                _mtb_start = .
 *(.mtb_buf)
                0x1ffff000                . = ALIGN (0x8)
                0x1ffff000                _mtb_end = .

.data           0x1ffff000       0x78 load address 0x00004264
                0x1ffff000                . = ALIGN (0x4)
                0x1ffff000                __DATA_RAM = .
                0x1ffff000                __data_start__ = .
 *(.data)
 *(.data*)
 .data.UARTx    0x1ffff000        0xc ./Sources/UART.o
                0x1ffff000                UARTx
 .data._ZN10__cxxabiv119__terminate_handlerE
                0x1ffff00c        0x4 c:/program files (x86)/gnu tools arm embedded/7 2018-q2-update/bin/../lib/gcc/arm-none-eabi/7.3.1/../../../../arm-none-eabi/lib/thumb/v6-m\libstdc++_nano.a(eh_term_handler.o)
                0x1ffff00c                __cxxabiv1::__terminate_handler
 .data._ZN10__cxxabiv120__unexpected_handlerE
                0x1ffff010        0x4 c:/program files (x86)/gnu tools arm embedded/7 2018-q2-update/bin/../lib/gcc/arm-none-eabi/7.3.1/../../../../arm-none-eabi/lib/thumb/v6-m\libstdc++_nano.a(eh_unex_handler.o)
                0x1ffff010                __cxxabiv1::__unexpected_handler
 .data._impure_ptr
                0x1ffff014        0x4 c:/program files (x86)/gnu tools arm embedded/7 2018-q2-update/bin/../lib/gcc/arm-none-eabi/7.3.1/../../../../arm-none-eabi/lib/thumb/v6-m\libg_nano.a(lib_a-impure.o)
                0x1ffff014                _impure_ptr
 .data.impure_data
                0x1ffff018       0x60 c:/program files (x86)/gnu tools arm embedded/7 2018-q2-update/bin/../lib/gcc/arm-none-eabi/7.3.1/../../../../arm-none-eabi/lib/thumb/v6-m\libg_nano.a(lib_a-impure.o)
 *(.jcr*)
                0x1ffff078                . = ALIGN (0x4)
                0x1ffff078                __data_end__ = .
                0x000042dc                __DATA_END = (__DATA_ROM + (__data_end__ - __data_start__))

.igot.plt       0x1ffff078        0x0 load address 0x000042dc
 .igot.plt      0x1ffff078        0x0 c:/program files (x86)/gnu tools arm embedded/7 2018-q2-update/bin/../lib/gcc/arm-none-eabi/7.3.1/thumb/v6-m/crtbegin.o

.bss            0x1ffff078       0x5c load address 0x000042dc
                0x1ffff078                . = ALIGN (0x4)
                0x1ffff078                __START_BSS = .
                0x1ffff078                __bss_start__ = .
 *(.bss)
 .bss           0x1ffff078       0x1c c:/program files (x86)/gnu tools arm embedded/7 2018-q2-update/bin/../lib/gcc/arm-none-eabi/7.3.1/thumb/v6-m/crtbegin.o
 *(.bss*)
 .bss._ZN9ADCModule19chn_occupation_flagE
                0x1ffff094        0x4 ./Sources/driver/adc.o
                0x1ffff094                ADCModule::chn_occupation_flag
 .bss._ZN10UARTModule19chn_occupation_flagE
                0x1ffff098        0x1 ./Sources/UART.o
                0x1ffff098                UARTModule::chn_occupation_flag
 *fill*         0x1ffff099        0x3 
 .bss.cmtr_uart
                0x1ffff09c        0xc ./Sources/communicate.o
                0x1ffff09c                cmtr_uart
 .bss.g_uartc   0x1ffff0a8        0x4 ./Sources/glb_var.o
                0x1ffff0a8                g_uartc
 .bss.g_test_adc
                0x1ffff0ac        0x4 ./Sources/glb_var.o
                0x1ffff0ac                g_test_adc
 .bss.i         0x1ffff0b0        0x4 ./Sources/main.o
 .bss._ZN12_GLOBAL__N_113__new_handlerE
                0x1ffff0b4        0x4 c:/program files (x86)/gnu tools arm embedded/7 2018-q2-update/bin/../lib/gcc/arm-none-eabi/7.3.1/../../../../arm-none-eabi/lib/thumb/v6-m\libstdc++_nano.a(new_handler.o)
 .bss._ZL10eh_globals
                0x1ffff0b8        0xc c:/program files (x86)/gnu tools arm embedded/7 2018-q2-update/bin/../lib/gcc/arm-none-eabi/7.3.1/../../../../arm-none-eabi/lib/thumb/v6-m\libstdc++_nano.a(eh_globals.o)
 .bss.__malloc_free_list
                0x1ffff0c4        0x4 c:/program files (x86)/gnu tools arm embedded/7 2018-q2-update/bin/../lib/gcc/arm-none-eabi/7.3.1/../../../../arm-none-eabi/lib/thumb/v6-m\libg_nano.a(lib_a-nano-mallocr.o)
                0x1ffff0c4                __malloc_free_list
 .bss.__malloc_sbrk_start
                0x1ffff0c8        0x4 c:/program files (x86)/gnu tools arm embedded/7 2018-q2-update/bin/../lib/gcc/arm-none-eabi/7.3.1/../../../../arm-none-eabi/lib/thumb/v6-m\libg_nano.a(lib_a-nano-mallocr.o)
                0x1ffff0c8                __malloc_sbrk_start
 .bss.heap_end.4102
                0x1ffff0cc        0x4 c:/program files (x86)/gnu tools arm embedded/7 2018-q2-update/bin/../lib/gcc/arm-none-eabi/7.3.1/../../../../arm-none-eabi/lib/thumb/v6-m\libnosys.a(sbrk.o)
 *(COMMON)
 COMMON         0x1ffff0d0        0x4 c:/program files (x86)/gnu tools arm embedded/7 2018-q2-update/bin/../lib/gcc/arm-none-eabi/7.3.1/../../../../arm-none-eabi/lib/thumb/v6-m\libg_nano.a(lib_a-reent.o)
                0x1ffff0d0                errno
                0x1ffff0d4                . = ALIGN (0x4)
                0x1ffff0d4                __bss_end__ = .
                0x1ffff0d4                __END_BSS = .

.heap           0x1ffff0d4      0x404 load address 0x00004338
                0x1ffff0d8                . = ALIGN (0x8)
 *fill*         0x1ffff0d4        0x4 
                0x1ffff0d8                __end__ = .
                0x1ffff0d8                PROVIDE (end = .)
                0x1ffff0d8                __HeapBase = .
                0x1ffff4d8                . = (. + HEAP_SIZE)
 *fill*         0x1ffff0d8      0x400 
                0x1ffff4d8                __HeapLimit = .

.stack          0x1ffff4d8      0x400 load address 0x0000473c
                0x1ffff4d8                . = ALIGN (0x8)
                0x1ffff8d8                . = (. + STACK_SIZE)
 *fill*         0x1ffff4d8      0x400 
                0x1ffff8d8                __StackTop = .
                0x1ffff4d8                __StackLimit = (__StackTop - STACK_SIZE)
                0x1ffff8d8                PROVIDE (__stack = __StackTop)

.ARM.attributes
                0x00000000       0x28
 *(.ARM.attributes)
 .ARM.attributes
                0x00000000       0x1e c:/program files (x86)/gnu tools arm embedded/7 2018-q2-update/bin/../lib/gcc/arm-none-eabi/7.3.1/thumb/v6-m/crti.o
 .ARM.attributes
                0x0000001e       0x2c c:/program files (x86)/gnu tools arm embedded/7 2018-q2-update/bin/../lib/gcc/arm-none-eabi/7.3.1/thumb/v6-m/crtbegin.o
 .ARM.attributes
                0x0000004a       0x1b c:/program files (x86)/gnu tools arm embedded/7 2018-q2-update/bin/../lib/gcc/arm-none-eabi/7.3.1/../../../../arm-none-eabi/lib/thumb/v6-m/crt0.o
 .ARM.attributes
                0x00000065       0x32 ./Sources/driver/adc.o
 .ARM.attributes
                0x00000097       0x32 ./Sources/UART.o
 .ARM.attributes
                0x000000c9       0x32 ./Sources/communicate.o
 .ARM.attributes
                0x000000fb       0x32 ./Sources/cppmain.o
 .ARM.attributes
                0x0000012d       0x32 ./Sources/glb_var.o
 .ARM.attributes
                0x0000015f       0x32 ./Sources/main.o
 .ARM.attributes
                0x00000191       0x32 ./Sources/state_machine.o
 .ARM.attributes
                0x000001c3       0x1b ./Project_Settings/Startup_Code/startup_SKEAZ1284.o
 .ARM.attributes
                0x000001de       0x32 ./Project_Settings/Startup_Code/system_SKEAZ1284.o
 .ARM.attributes
                0x00000210       0x2c c:/program files (x86)/gnu tools arm embedded/7 2018-q2-update/bin/../lib/gcc/arm-none-eabi/7.3.1/../../../../arm-none-eabi/lib/thumb/v6-m\libstdc++_nano.a(new_op.o)
 .ARM.attributes
                0x0000023c       0x2c c:/program files (x86)/gnu tools arm embedded/7 2018-q2-update/bin/../lib/gcc/arm-none-eabi/7.3.1/../../../../arm-none-eabi/lib/thumb/v6-m\libstdc++_nano.a(del_op.o)
 .ARM.attributes
                0x00000268       0x2c c:/program files (x86)/gnu tools arm embedded/7 2018-q2-update/bin/../lib/gcc/arm-none-eabi/7.3.1/../../../../arm-none-eabi/lib/thumb/v6-m\libstdc++_nano.a(eh_call.o)
 .ARM.attributes
                0x00000294       0x2c c:/program files (x86)/gnu tools arm embedded/7 2018-q2-update/bin/../lib/gcc/arm-none-eabi/7.3.1/../../../../arm-none-eabi/lib/thumb/v6-m\libstdc++_nano.a(new_handler.o)
 .ARM.attributes
                0x000002c0       0x2c c:/program files (x86)/gnu tools arm embedded/7 2018-q2-update/bin/../lib/gcc/arm-none-eabi/7.3.1/../../../../arm-none-eabi/lib/thumb/v6-m\libstdc++_nano.a(eh_catch.o)
 .ARM.attributes
                0x000002ec       0x2c c:/program files (x86)/gnu tools arm embedded/7 2018-q2-update/bin/../lib/gcc/arm-none-eabi/7.3.1/../../../../arm-none-eabi/lib/thumb/v6-m\libstdc++_nano.a(eh_globals.o)
 .ARM.attributes
                0x00000318       0x2c c:/program files (x86)/gnu tools arm embedded/7 2018-q2-update/bin/../lib/gcc/arm-none-eabi/7.3.1/../../../../arm-none-eabi/lib/thumb/v6-m\libstdc++_nano.a(eh_terminate.o)
 .ARM.attributes
                0x00000344       0x2c c:/program files (x86)/gnu tools arm embedded/7 2018-q2-update/bin/../lib/gcc/arm-none-eabi/7.3.1/../../../../arm-none-eabi/lib/thumb/v6-m\libstdc++_nano.a(eh_arm.o)
 .ARM.attributes
                0x00000370       0x2c c:/program files (x86)/gnu tools arm embedded/7 2018-q2-update/bin/../lib/gcc/arm-none-eabi/7.3.1/../../../../arm-none-eabi/lib/thumb/v6-m\libstdc++_nano.a(new_opv.o)
 .ARM.attributes
                0x0000039c       0x2c c:/program files (x86)/gnu tools arm embedded/7 2018-q2-update/bin/../lib/gcc/arm-none-eabi/7.3.1/../../../../arm-none-eabi/lib/thumb/v6-m\libstdc++_nano.a(si_class_type_info.o)
 .ARM.attributes
                0x000003c8       0x2c c:/program files (x86)/gnu tools arm embedded/7 2018-q2-update/bin/../lib/gcc/arm-none-eabi/7.3.1/../../../../arm-none-eabi/lib/thumb/v6-m\libstdc++_nano.a(tinfo.o)
 .ARM.attributes
                0x000003f4       0x2c c:/program files (x86)/gnu tools arm embedded/7 2018-q2-update/bin/../lib/gcc/arm-none-eabi/7.3.1/../../../../arm-none-eabi/lib/thumb/v6-m\libstdc++_nano.a(class_type_info.o)
 .ARM.attributes
                0x00000420       0x2c c:/program files (x86)/gnu tools arm embedded/7 2018-q2-update/bin/../lib/gcc/arm-none-eabi/7.3.1/../../../../arm-none-eabi/lib/thumb/v6-m\libstdc++_nano.a(eh_exception.o)
 .ARM.attributes
                0x0000044c       0x2c c:/program files (x86)/gnu tools arm embedded/7 2018-q2-update/bin/../lib/gcc/arm-none-eabi/7.3.1/../../../../arm-none-eabi/lib/thumb/v6-m\libstdc++_nano.a(eh_term_handler.o)
 .ARM.attributes
                0x00000478       0x2c c:/program files (x86)/gnu tools arm embedded/7 2018-q2-update/bin/../lib/gcc/arm-none-eabi/7.3.1/../../../../arm-none-eabi/lib/thumb/v6-m\libstdc++_nano.a(eh_unex_handler.o)
 .ARM.attributes
                0x000004a4       0x2c c:/program files (x86)/gnu tools arm embedded/7 2018-q2-update/bin/../lib/gcc/arm-none-eabi/7.3.1/../../../../arm-none-eabi/lib/thumb/v6-m\libstdc++_nano.a(del_ops.o)
 .ARM.attributes
                0x000004d0       0x1e c:/program files (x86)/gnu tools arm embedded/7 2018-q2-update/bin/../lib/gcc/arm-none-eabi/7.3.1/thumb/v6-m\libgcc.a(_udivsi3.o)
 .ARM.attributes
                0x000004ee       0x1e c:/program files (x86)/gnu tools arm embedded/7 2018-q2-update/bin/../lib/gcc/arm-none-eabi/7.3.1/thumb/v6-m\libgcc.a(_divsi3.o)
 .ARM.attributes
                0x0000050c       0x1e c:/program files (x86)/gnu tools arm embedded/7 2018-q2-update/bin/../lib/gcc/arm-none-eabi/7.3.1/thumb/v6-m\libgcc.a(_dvmd_tls.o)
 .ARM.attributes
                0x0000052a       0x2c c:/program files (x86)/gnu tools arm embedded/7 2018-q2-update/bin/../lib/gcc/arm-none-eabi/7.3.1/thumb/v6-m\libgcc.a(unwind-arm.o)
 .ARM.attributes
                0x00000556       0x1e c:/program files (x86)/gnu tools arm embedded/7 2018-q2-update/bin/../lib/gcc/arm-none-eabi/7.3.1/thumb/v6-m\libgcc.a(libunwind.o)
 .ARM.attributes
                0x00000574       0x2c c:/program files (x86)/gnu tools arm embedded/7 2018-q2-update/bin/../lib/gcc/arm-none-eabi/7.3.1/thumb/v6-m\libgcc.a(pr-support.o)
 .ARM.attributes
                0x000005a0       0x2c c:/program files (x86)/gnu tools arm embedded/7 2018-q2-update/bin/../lib/gcc/arm-none-eabi/7.3.1/../../../../arm-none-eabi/lib/thumb/v6-m\libg_nano.a(lib_a-abort.o)
 .ARM.attributes
                0x000005cc       0x2c c:/program files (x86)/gnu tools arm embedded/7 2018-q2-update/bin/../lib/gcc/arm-none-eabi/7.3.1/../../../../arm-none-eabi/lib/thumb/v6-m\libg_nano.a(lib_a-exit.o)
 .ARM.attributes
                0x000005f8       0x2c c:/program files (x86)/gnu tools arm embedded/7 2018-q2-update/bin/../lib/gcc/arm-none-eabi/7.3.1/../../../../arm-none-eabi/lib/thumb/v6-m\libg_nano.a(lib_a-impure.o)
 .ARM.attributes
                0x00000624       0x2c c:/program files (x86)/gnu tools arm embedded/7 2018-q2-update/bin/../lib/gcc/arm-none-eabi/7.3.1/../../../../arm-none-eabi/lib/thumb/v6-m\libg_nano.a(lib_a-init.o)
 .ARM.attributes
                0x00000650       0x2c c:/program files (x86)/gnu tools arm embedded/7 2018-q2-update/bin/../lib/gcc/arm-none-eabi/7.3.1/../../../../arm-none-eabi/lib/thumb/v6-m\libg_nano.a(lib_a-malloc.o)
 .ARM.attributes
                0x0000067c       0x2c c:/program files (x86)/gnu tools arm embedded/7 2018-q2-update/bin/../lib/gcc/arm-none-eabi/7.3.1/../../../../arm-none-eabi/lib/thumb/v6-m\libg_nano.a(lib_a-memcpy-stub.o)
 .ARM.attributes
                0x000006a8       0x2c c:/program files (x86)/gnu tools arm embedded/7 2018-q2-update/bin/../lib/gcc/arm-none-eabi/7.3.1/../../../../arm-none-eabi/lib/thumb/v6-m\libg_nano.a(lib_a-memset.o)
 .ARM.attributes
                0x000006d4       0x2c c:/program files (x86)/gnu tools arm embedded/7 2018-q2-update/bin/../lib/gcc/arm-none-eabi/7.3.1/../../../../arm-none-eabi/lib/thumb/v6-m\libg_nano.a(lib_a-nano-freer.o)
 .ARM.attributes
                0x00000700       0x2c c:/program files (x86)/gnu tools arm embedded/7 2018-q2-update/bin/../lib/gcc/arm-none-eabi/7.3.1/../../../../arm-none-eabi/lib/thumb/v6-m\libg_nano.a(lib_a-nano-mallocr.o)
 .ARM.attributes
                0x0000072c       0x2c c:/program files (x86)/gnu tools arm embedded/7 2018-q2-update/bin/../lib/gcc/arm-none-eabi/7.3.1/../../../../arm-none-eabi/lib/thumb/v6-m\libg_nano.a(lib_a-sbrkr.o)
 .ARM.attributes
                0x00000758       0x2c c:/program files (x86)/gnu tools arm embedded/7 2018-q2-update/bin/../lib/gcc/arm-none-eabi/7.3.1/../../../../arm-none-eabi/lib/thumb/v6-m\libg_nano.a(lib_a-signal.o)
 .ARM.attributes
                0x00000784       0x2c c:/program files (x86)/gnu tools arm embedded/7 2018-q2-update/bin/../lib/gcc/arm-none-eabi/7.3.1/../../../../arm-none-eabi/lib/thumb/v6-m\libg_nano.a(lib_a-signalr.o)
 .ARM.attributes
                0x000007b0       0x2c c:/program files (x86)/gnu tools arm embedded/7 2018-q2-update/bin/../lib/gcc/arm-none-eabi/7.3.1/../../../../arm-none-eabi/lib/thumb/v6-m\libg_nano.a(lib_a-snprintf.o)
 .ARM.attributes
                0x000007dc       0x1c c:/program files (x86)/gnu tools arm embedded/7 2018-q2-update/bin/../lib/gcc/arm-none-eabi/7.3.1/../../../../arm-none-eabi/lib/thumb/v6-m\libg_nano.a(lib_a-strcmp.o)
 .ARM.attributes
                0x000007f8       0x1c c:/program files (x86)/gnu tools arm embedded/7 2018-q2-update/bin/../lib/gcc/arm-none-eabi/7.3.1/../../../../arm-none-eabi/lib/thumb/v6-m\libg_nano.a(lib_a-strlen.o)
 .ARM.attributes
                0x00000814       0x2c c:/program files (x86)/gnu tools arm embedded/7 2018-q2-update/bin/../lib/gcc/arm-none-eabi/7.3.1/../../../../arm-none-eabi/lib/thumb/v6-m\libg_nano.a(lib_a-mlock.o)
 .ARM.attributes
                0x00000840       0x2c c:/program files (x86)/gnu tools arm embedded/7 2018-q2-update/bin/../lib/gcc/arm-none-eabi/7.3.1/../../../../arm-none-eabi/lib/thumb/v6-m\libg_nano.a(lib_a-nano-svfprintf.o)
 .ARM.attributes
                0x0000086c       0x2c c:/program files (x86)/gnu tools arm embedded/7 2018-q2-update/bin/../lib/gcc/arm-none-eabi/7.3.1/../../../../arm-none-eabi/lib/thumb/v6-m\libg_nano.a(lib_a-nano-vfprintf_i.o)
 .ARM.attributes
                0x00000898       0x2c c:/program files (x86)/gnu tools arm embedded/7 2018-q2-update/bin/../lib/gcc/arm-none-eabi/7.3.1/../../../../arm-none-eabi/lib/thumb/v6-m\libg_nano.a(lib_a-reent.o)
 .ARM.attributes
                0x000008c4       0x2c c:/program files (x86)/gnu tools arm embedded/7 2018-q2-update/bin/../lib/gcc/arm-none-eabi/7.3.1/../../../../arm-none-eabi/lib/thumb/v6-m\libg_nano.a(lib_a-memchr-stub.o)
 .ARM.attributes
                0x000008f0       0x2c c:/program files (x86)/gnu tools arm embedded/7 2018-q2-update/bin/../lib/gcc/arm-none-eabi/7.3.1/../../../../arm-none-eabi/lib/thumb/v6-m\libg_nano.a(lib_a-memmove.o)
 .ARM.attributes
                0x0000091c       0x2c c:/program files (x86)/gnu tools arm embedded/7 2018-q2-update/bin/../lib/gcc/arm-none-eabi/7.3.1/../../../../arm-none-eabi/lib/thumb/v6-m\libg_nano.a(lib_a-nano-reallocr.o)
 .ARM.attributes
                0x00000948       0x2c c:/program files (x86)/gnu tools arm embedded/7 2018-q2-update/bin/../lib/gcc/arm-none-eabi/7.3.1/../../../../arm-none-eabi/lib/thumb/v6-m\libg_nano.a(lib_a-nano-msizer.o)
 .ARM.attributes
                0x00000974       0x2c c:/program files (x86)/gnu tools arm embedded/7 2018-q2-update/bin/../lib/gcc/arm-none-eabi/7.3.1/../../../../arm-none-eabi/lib/thumb/v6-m\libnosys.a(getpid.o)
 .ARM.attributes
                0x000009a0       0x2c c:/program files (x86)/gnu tools arm embedded/7 2018-q2-update/bin/../lib/gcc/arm-none-eabi/7.3.1/../../../../arm-none-eabi/lib/thumb/v6-m\libnosys.a(kill.o)
 .ARM.attributes
                0x000009cc       0x2c c:/program files (x86)/gnu tools arm embedded/7 2018-q2-update/bin/../lib/gcc/arm-none-eabi/7.3.1/../../../../arm-none-eabi/lib/thumb/v6-m\libnosys.a(sbrk.o)
 .ARM.attributes
                0x000009f8       0x2c c:/program files (x86)/gnu tools arm embedded/7 2018-q2-update/bin/../lib/gcc/arm-none-eabi/7.3.1/../../../../arm-none-eabi/lib/thumb/v6-m\libnosys.a(_exit.o)
 .ARM.attributes
                0x00000a24       0x1e c:/program files (x86)/gnu tools arm embedded/7 2018-q2-update/bin/../lib/gcc/arm-none-eabi/7.3.1/thumb/v6-m/crtn.o
OUTPUT(KEA128.elf elf32-littlearm)

.debug_info     0x00000000     0x4f29
 .debug_info    0x00000000      0x6f4 ./Sources/driver/adc.o
 .debug_info    0x000006f4      0x746 ./Sources/UART.o
 .debug_info    0x00000e3a      0xced ./Sources/communicate.o
 .debug_info    0x00001b27      0xd40 ./Sources/cppmain.o
 .debug_info    0x00002867      0x979 ./Sources/glb_var.o
 .debug_info    0x000031e0       0xb5 ./Sources/main.o
 .debug_info    0x00003295     0x1929 ./Sources/state_machine.o
 .debug_info    0x00004bbe       0x26 ./Project_Settings/Startup_Code/startup_SKEAZ1284.o
 .debug_info    0x00004be4      0x345 ./Project_Settings/Startup_Code/system_SKEAZ1284.o

.debug_abbrev   0x00000000     0x1457
 .debug_abbrev  0x00000000      0x2e7 ./Sources/driver/adc.o
 .debug_abbrev  0x000002e7      0x2c1 ./Sources/UART.o
 .debug_abbrev  0x000005a8      0x375 ./Sources/communicate.o
 .debug_abbrev  0x0000091d      0x328 ./Sources/cppmain.o
 .debug_abbrev  0x00000c45      0x23d ./Sources/glb_var.o
 .debug_abbrev  0x00000e82       0x74 ./Sources/main.o
 .debug_abbrev  0x00000ef6      0x43e ./Sources/state_machine.o
 .debug_abbrev  0x00001334       0x14 ./Project_Settings/Startup_Code/startup_SKEAZ1284.o
 .debug_abbrev  0x00001348      0x10f ./Project_Settings/Startup_Code/system_SKEAZ1284.o

.debug_aranges  0x00000000      0x2c8
 .debug_aranges
                0x00000000       0x38 ./Sources/driver/adc.o
 .debug_aranges
                0x00000038       0x58 ./Sources/UART.o
 .debug_aranges
                0x00000090       0x98 ./Sources/communicate.o
 .debug_aranges
                0x00000128       0x48 ./Sources/cppmain.o
 .debug_aranges
                0x00000170       0x18 ./Sources/glb_var.o
 .debug_aranges
                0x00000188       0x20 ./Sources/main.o
 .debug_aranges
                0x000001a8       0xd8 ./Sources/state_machine.o
 .debug_aranges
                0x00000280       0x20 ./Project_Settings/Startup_Code/startup_SKEAZ1284.o
 .debug_aranges
                0x000002a0       0x28 ./Project_Settings/Startup_Code/system_SKEAZ1284.o

.debug_ranges   0x00000000      0x220
 .debug_ranges  0x00000000       0x28 ./Sources/driver/adc.o
 .debug_ranges  0x00000028       0x48 ./Sources/UART.o
 .debug_ranges  0x00000070       0x88 ./Sources/communicate.o
 .debug_ranges  0x000000f8       0x38 ./Sources/cppmain.o
 .debug_ranges  0x00000130       0x10 ./Sources/main.o
 .debug_ranges  0x00000140       0xc8 ./Sources/state_machine.o
 .debug_ranges  0x00000208       0x18 ./Project_Settings/Startup_Code/system_SKEAZ1284.o

.debug_macro    0x00000000     0x88de
 .debug_macro   0x00000000       0xdf ./Sources/driver/adc.o
 .debug_macro   0x000000df      0xaf0 ./Sources/driver/adc.o
 .debug_macro   0x00000bcf      0x168 ./Sources/driver/adc.o
 .debug_macro   0x00000d37       0x10 ./Sources/driver/adc.o
 .debug_macro   0x00000d47      0x3ed ./Sources/driver/adc.o
 .debug_macro   0x00001134       0x22 ./Sources/driver/adc.o
 .debug_macro   0x00001156       0x46 ./Sources/driver/adc.o
 .debug_macro   0x0000119c       0x22 ./Sources/driver/adc.o
 .debug_macro   0x000011be      0x1e6 ./Sources/driver/adc.o
 .debug_macro   0x000013a4       0xd4 ./Sources/driver/adc.o
 .debug_macro   0x00001478      0x128 ./Sources/driver/adc.o
 .debug_macro   0x000015a0       0x10 ./Sources/driver/adc.o
 .debug_macro   0x000015b0       0x90 ./Sources/driver/adc.o
 .debug_macro   0x00001640       0x28 ./Sources/driver/adc.o
 .debug_macro   0x00001668       0x4b ./Sources/driver/adc.o
 .debug_macro   0x000016b3       0x3a ./Sources/driver/adc.o
 .debug_macro   0x000016ed       0x26 ./Sources/driver/adc.o
 .debug_macro   0x00001713      0x306 ./Sources/driver/adc.o
 .debug_macro   0x00001a19       0x28 ./Sources/driver/adc.o
 .debug_macro   0x00001a41     0x479a ./Sources/driver/adc.o
 .debug_macro   0x000061db       0x46 ./Sources/driver/adc.o
 .debug_macro   0x00006221       0x10 ./Sources/driver/adc.o
 .debug_macro   0x00006231       0xdc ./Sources/UART.o
 .debug_macro   0x0000630d      0x285 ./Sources/UART.o
 .debug_macro   0x00006592      0x131 ./Sources/communicate.o
 .debug_macro   0x000066c3       0x1c ./Sources/communicate.o
 .debug_macro   0x000066df       0x9e ./Sources/communicate.o
 .debug_macro   0x0000677d       0x10 ./Sources/communicate.o
 .debug_macro   0x0000678d       0x12 ./Sources/communicate.o
 .debug_macro   0x0000679f       0x8e ./Sources/communicate.o
 .debug_macro   0x0000682d      0x186 ./Sources/cppmain.o
 .debug_macro   0x000069b3      0x5c3 ./Sources/cppmain.o
 .debug_macro   0x00006f76       0x58 ./Sources/cppmain.o
 .debug_macro   0x00006fce      0x144 ./Sources/glb_var.o
 .debug_macro   0x00007112       0xae ./Sources/main.o
 .debug_macro   0x000071c0      0xa2a ./Sources/main.o
 .debug_macro   0x00007bea       0x16 ./Sources/main.o
 .debug_macro   0x00007c00       0x22 ./Sources/main.o
 .debug_macro   0x00007c22       0x56 ./Sources/main.o
 .debug_macro   0x00007c78       0x51 ./Sources/main.o
 .debug_macro   0x00007cc9       0xef ./Sources/main.o
 .debug_macro   0x00007db8       0x6a ./Sources/main.o
 .debug_macro   0x00007e22      0x1df ./Sources/main.o
 .debug_macro   0x00008001       0x39 ./Sources/main.o
 .debug_macro   0x0000803a      0x306 ./Sources/main.o
 .debug_macro   0x00008340      0x18b ./Sources/state_machine.o
 .debug_macro   0x000084cb       0x22 ./Sources/state_machine.o
 .debug_macro   0x000084ed       0x2e ./Sources/state_machine.o
 .debug_macro   0x0000851b       0x10 ./Sources/state_machine.o
 .debug_macro   0x0000852b       0x1e ./Sources/state_machine.o
 .debug_macro   0x00008549       0x10 ./Sources/state_machine.o
 .debug_macro   0x00008559      0x1c3 ./Sources/state_machine.o
 .debug_macro   0x0000871c      0x123 ./Sources/state_machine.o
 .debug_macro   0x0000883f       0x9f ./Project_Settings/Startup_Code/system_SKEAZ1284.o

.debug_line     0x00000000     0x1d9c
 .debug_line    0x00000000      0x35c ./Sources/driver/adc.o
 .debug_line    0x0000035c      0x365 ./Sources/UART.o
 .debug_line    0x000006c1      0x4b1 ./Sources/communicate.o
 .debug_line    0x00000b72      0x3fc ./Sources/cppmain.o
 .debug_line    0x00000f6e      0x30b ./Sources/glb_var.o
 .debug_line    0x00001279      0x291 ./Sources/main.o
 .debug_line    0x0000150a      0x52f ./Sources/state_machine.o
 .debug_line    0x00001a39       0x85 ./Project_Settings/Startup_Code/startup_SKEAZ1284.o
 .debug_line    0x00001abe      0x2de ./Project_Settings/Startup_Code/system_SKEAZ1284.o

.debug_str      0x00000000    0x22c27
 .debug_str     0x00000000    0x1d6bd ./Sources/driver/adc.o
                              0x1dacc (size before relaxing)
 .debug_str     0x0001d6bd     0x129e ./Sources/UART.o
                              0x1e8cb (size before relaxing)
 .debug_str     0x0001e95b      0x77b ./Sources/communicate.o
                              0x1e04a (size before relaxing)
 .debug_str     0x0001f0d6     0x1bf3 ./Sources/cppmain.o
                              0x1ff6d (size before relaxing)
 .debug_str     0x00020cc9       0x17 ./Sources/glb_var.o
                              0x1e158 (size before relaxing)
 .debug_str     0x00020ce0      0xeea ./Sources/main.o
                              0x1b26c (size before relaxing)
 .debug_str     0x00021bca      0xefa ./Sources/state_machine.o
                              0x1f114 (size before relaxing)
 .debug_str     0x00022ac4       0x43 ./Project_Settings/Startup_Code/startup_SKEAZ1284.o
                                 0x60 (size before relaxing)
 .debug_str     0x00022b07      0x120 ./Project_Settings/Startup_Code/system_SKEAZ1284.o
                              0x1b371 (size before relaxing)

.comment        0x00000000       0x7f
 .comment       0x00000000       0x7f ./Sources/driver/adc.o
                                 0x80 (size before relaxing)
 .comment       0x0000007f       0x80 ./Sources/UART.o
 .comment       0x0000007f       0x80 ./Sources/communicate.o
 .comment       0x0000007f       0x80 ./Sources/cppmain.o
 .comment       0x0000007f       0x80 ./Sources/glb_var.o
 .comment       0x0000007f       0x80 ./Sources/main.o
 .comment       0x0000007f       0x80 ./Sources/state_machine.o
 .comment       0x0000007f       0x80 ./Project_Settings/Startup_Code/system_SKEAZ1284.o

.debug_frame    0x00000000     0x1764