Archive member included to satisfy reference by file (symbol)

c:/program files (x86)/gnu tools arm embedded/7 2018-q2-update/bin/../lib/gcc/arm-none-eabi/7.3.1/../../../../arm-none-eabi/lib/thumb/v6-m\libstdc++_nano.a(new_op.o)
                              ./Sources/utility/communicate.o (operator new(unsigned int))
c:/program files (x86)/gnu tools arm embedded/7 2018-q2-update/bin/../lib/gcc/arm-none-eabi/7.3.1/../../../../arm-none-eabi/lib/thumb/v6-m\libstdc++_nano.a(del_op.o)
                              ./Sources/utility/communicate.o (operator delete(void*))
c:/program files (x86)/gnu tools arm embedded/7 2018-q2-update/bin/../lib/gcc/arm-none-eabi/7.3.1/../../../../arm-none-eabi/lib/thumb/v6-m\libstdc++_nano.a(eh_personality.o)
                              ./Sources/utility/communicate.o (__gxx_personality_v0)
c:/program files (x86)/gnu tools arm embedded/7 2018-q2-update/bin/../lib/gcc/arm-none-eabi/7.3.1/../../../../arm-none-eabi/lib/thumb/v6-m\libstdc++_nano.a(eh_call.o)
                              c:/program files (x86)/gnu tools arm embedded/7 2018-q2-update/bin/../lib/gcc/arm-none-eabi/7.3.1/../../../../arm-none-eabi/lib/thumb/v6-m\libstdc++_nano.a(eh_personality.o) (__cxa_call_terminate)
c:/program files (x86)/gnu tools arm embedded/7 2018-q2-update/bin/../lib/gcc/arm-none-eabi/7.3.1/../../../../arm-none-eabi/lib/thumb/v6-m\libstdc++_nano.a(del_opv.o)
                              ./Sources/utility/communicate.o (operator delete[](void*))
c:/program files (x86)/gnu tools arm embedded/7 2018-q2-update/bin/../lib/gcc/arm-none-eabi/7.3.1/../../../../arm-none-eabi/lib/thumb/v6-m\libstdc++_nano.a(new_handler.o)
                              c:/program files (x86)/gnu tools arm embedded/7 2018-q2-update/bin/../lib/gcc/arm-none-eabi/7.3.1/../../../../arm-none-eabi/lib/thumb/v6-m\libstdc++_nano.a(new_op.o) (std::get_new_handler())
c:/program files (x86)/gnu tools arm embedded/7 2018-q2-update/bin/../lib/gcc/arm-none-eabi/7.3.1/../../../../arm-none-eabi/lib/thumb/v6-m\libstdc++_nano.a(eh_catch.o)
                              c:/program files (x86)/gnu tools arm embedded/7 2018-q2-update/bin/../lib/gcc/arm-none-eabi/7.3.1/../../../../arm-none-eabi/lib/thumb/v6-m\libstdc++_nano.a(eh_call.o) (__cxa_begin_catch)
c:/program files (x86)/gnu tools arm embedded/7 2018-q2-update/bin/../lib/gcc/arm-none-eabi/7.3.1/../../../../arm-none-eabi/lib/thumb/v6-m\libstdc++_nano.a(eh_globals.o)
                              c:/program files (x86)/gnu tools arm embedded/7 2018-q2-update/bin/../lib/gcc/arm-none-eabi/7.3.1/../../../../arm-none-eabi/lib/thumb/v6-m\libstdc++_nano.a(eh_catch.o) (__cxa_get_globals_fast)
c:/program files (x86)/gnu tools arm embedded/7 2018-q2-update/bin/../lib/gcc/arm-none-eabi/7.3.1/../../../../arm-none-eabi/lib/thumb/v6-m\libstdc++_nano.a(eh_terminate.o)
                              c:/program files (x86)/gnu tools arm embedded/7 2018-q2-update/bin/../lib/gcc/arm-none-eabi/7.3.1/../../../../arm-none-eabi/lib/thumb/v6-m\libstdc++_nano.a(eh_call.o) (__cxxabiv1::__terminate(void (*)()))
c:/program files (x86)/gnu tools arm embedded/7 2018-q2-update/bin/../lib/gcc/arm-none-eabi/7.3.1/../../../../arm-none-eabi/lib/thumb/v6-m\libstdc++_nano.a(eh_arm.o)
                              ./Sources/utility/communicate.o (__cxa_end_cleanup)
c:/program files (x86)/gnu tools arm embedded/7 2018-q2-update/bin/../lib/gcc/arm-none-eabi/7.3.1/../../../../arm-none-eabi/lib/thumb/v6-m\libstdc++_nano.a(new_opv.o)
                              ./Sources/utility/communicate.o (operator new[](unsigned int))
c:/program files (x86)/gnu tools arm embedded/7 2018-q2-update/bin/../lib/gcc/arm-none-eabi/7.3.1/../../../../arm-none-eabi/lib/thumb/v6-m\libstdc++_nano.a(si_class_type_info.o)
                              ./Sources/state_machine.o (vtable for __cxxabiv1::__si_class_type_info)
c:/program files (x86)/gnu tools arm embedded/7 2018-q2-update/bin/../lib/gcc/arm-none-eabi/7.3.1/../../../../arm-none-eabi/lib/thumb/v6-m\libstdc++_nano.a(tinfo.o)
                              c:/program files (x86)/gnu tools arm embedded/7 2018-q2-update/bin/../lib/gcc/arm-none-eabi/7.3.1/../../../../arm-none-eabi/lib/thumb/v6-m\libstdc++_nano.a(si_class_type_info.o) (std::type_info::__is_pointer_p() const)
c:/program files (x86)/gnu tools arm embedded/7 2018-q2-update/bin/../lib/gcc/arm-none-eabi/7.3.1/../../../../arm-none-eabi/lib/thumb/v6-m\libstdc++_nano.a(class_type_info.o)
                              c:/program files (x86)/gnu tools arm embedded/7 2018-q2-update/bin/../lib/gcc/arm-none-eabi/7.3.1/../../../../arm-none-eabi/lib/thumb/v6-m\libstdc++_nano.a(si_class_type_info.o) (__cxxabiv1::__class_type_info::__do_upcast(__cxxabiv1::__class_type_info const*, void**) const)
c:/program files (x86)/gnu tools arm embedded/7 2018-q2-update/bin/../lib/gcc/arm-none-eabi/7.3.1/../../../../arm-none-eabi/lib/thumb/v6-m\libstdc++_nano.a(eh_exception.o)
[...]
Memory Configuration

Name             Origin             Length             Attributes
m_interrupts     0x00000000         0x00000100         xr
m_flash_config   0x00000400         0x00000010         xr
m_text           0x00000410         0x0001fbf0         xr
m_data           0x1ffff000         0x00004000         rw
*default*        0x00000000         0xffffffff

Linker script and memory map

LOAD c:/program files (x86)/gnu tools arm embedded/7 2018-q2-update/bin/../lib/gcc/arm-none-eabi/7.3.1/thumb/v6-m/crti.o
LOAD c:/program files (x86)/gnu tools arm embedded/7 2018-q2-update/bin/../lib/gcc/arm-none-eabi/7.3.1/thumb/v6-m/crtbegin.o
LOAD c:/program files (x86)/gnu tools arm embedded/7 2018-q2-update/bin/../lib/gcc/arm-none-eabi/7.3.1/../../../../arm-none-eabi/lib/thumb/v6-m/crt0.o
LOAD ./Sources/utility/communicate.o
LOAD ./Sources/utility/sensor.o
LOAD ./Sources/driver/UART.o
LOAD ./Sources/driver/adc.o
LOAD ./Sources/driver/ftm.o
LOAD ./Sources/driver/gpio.o
LOAD ./Sources/driver/pit.o
LOAD ./Sources/cppmain.o
LOAD ./Sources/glb_var.o
LOAD ./Sources/intr.o
LOAD ./Sources/main.o
LOAD ./Sources/state_machine.o
LOAD ./Project_Settings/Startup_Code/startup_SKEAZ1284.o
LOAD ./Project_Settings/Startup_Code/system_SKEAZ1284.o
LOAD c:/program files (x86)/gnu tools arm embedded/7 2018-q2-update/bin/../lib/gcc/arm-none-eabi/7.3.1/../../../../arm-none-eabi/lib/thumb/v6-m\libstdc++_nano.a
LOAD c:/program files (x86)/gnu tools arm embedded/7 2018-q2-update/bin/../lib/gcc/arm-none-eabi/7.3.1/../../../../arm-none-eabi/lib/thumb/v6-m\libm.a
START GROUP
LOAD c:/program files (x86)/gnu tools arm embedded/7 2018-q2-update/bin/../lib/gcc/arm-none-eabi/7.3.1/thumb/v6-m\libgcc.a
LOAD c:/program files (x86)/gnu tools arm embedded/7 2018-q2-update/bin/../lib/gcc/arm-none-eabi/7.3.1/../../../../arm-none-eabi/lib/thumb/v6-m\libg_nano.a
LOAD c:/program files (x86)/gnu tools arm embedded/7 2018-q2-update/bin/../lib/gcc/arm-none-eabi/7.3.1/../../../../arm-none-eabi/lib/thumb/v6-m\libc_nano.a
END GROUP
START GROUP
LOAD c:/program files (x86)/gnu tools arm embedded/7 2018-q2-update/bin/../lib/gcc/arm-none-eabi/7.3.1/thumb/v6-m\libgcc.a
LOAD c:/program files (x86)/gnu tools arm embedded/7 2018-q2-update/bin/../lib/gcc/arm-none-eabi/7.3.1/../../../../arm-none-eabi/lib/thumb/v6-m\libc_nano.a
LOAD c:/program files (x86)/gnu tools arm embedded/7 2018-q2-update/bin/../lib/gcc/arm-none-eabi/7.3.1/../../../../arm-none-eabi/lib/thumb/v6-m\libnosys.a
END GROUP
START GROUP
LOAD c:/program files (x86)/gnu tools arm embedded/7 2018-q2-update/bin/../lib/gcc/arm-none-eabi/7.3.1/thumb/v6-m\libgcc.a
LOAD c:/program files (x86)/gnu tools arm embedded/7 2018-q2-update/bin/../lib/gcc/arm-none-eabi/7.3.1/../../../../arm-none-eabi/lib/thumb/v6-m\libc_nano.a
LOAD c:/program files (x86)/gnu tools arm embedded/7 2018-q2-update/bin/../lib/gcc/arm-none-eabi/7.3.1/../../../../arm-none-eabi/lib/thumb/v6-m\libnosys.a
END GROUP
LOAD c:/program files (x86)/gnu tools arm embedded/7 2018-q2-update/bin/../lib/gcc/arm-none-eabi/7.3.1/thumb/v6-m/crtend.o
LOAD c:/program files (x86)/gnu tools arm embedded/7 2018-q2-update/bin/../lib/gcc/arm-none-eabi/7.3.1/thumb/v6-m/crtn.o
                0x00001600                HEAP_SIZE = DEFINED (__heap_size__)?__heap_size__:0x1600
                0x00000800                STACK_SIZE = DEFINED (__stack_size__)?__stack_size__:0x800

.interrupts     0x00000000       0xc0
                0x00000000                __VECTOR_TABLE = .
                0x00000000                . = ALIGN (0x4)
 *(.isr_vector)
 .isr_vector    0x00000000       0xc0 ./Project_Settings/Startup_Code/startup_SKEAZ1284.o
                0x00000000                __isr_vector
                0x000000c0                . = ALIGN (0x4)

.flash_config   0x00000400       0x10
                0x00000400                . = ALIGN (0x4)
 *(.FlashConfig)
 .FlashConfig   0x00000400       0x10 ./Project_Settings/Startup_Code/startup_SKEAZ1284.o
                0x00000410                . = ALIGN (0x4)

.text           0x00000410     0x43d0
                0x00000410                . = ALIGN (0x4)
 *(.text)
 .text          0x00000410       0x48 c:/program files (x86)/gnu tools arm embedded/7 2018-q2-update/bin/../lib/gcc/arm-none-eabi/7.3.1/thumb/v6-m/crtbegin.o
 .text          0x00000458       0x78 c:/program files (x86)/gnu tools arm embedded/7 2018-q2-update/bin/../lib/gcc/arm-none-eabi/7.3.1/../../../../arm-none-eabi/lib/thumb/v6-m/crt0.o
                0x00000458                _start
                0x00000458                _mainCRTStartup
 .text          0x000004d0       0x44 ./Project_Settings/Startup_Code/startup_SKEAZ1284.o
                0x000004d0                Reset_Handler
                0x00000510                Reserved16_IRQHandler
                0x00000510                I2C0_IRQHandler
                0x00000510                HardFault_Handler
                0x00000510                SysTick_Handler
                0x00000510                PendSV_Handler
                0x00000510                NMI_Handler
                0x00000510                I2C1_IRQHandler
                0x00000510                Reserved19_IRQHandler
                0x00000510                Reserved42_IRQHandler
                0x00000510                SPI1_IRQHandler
                0x00000510                DefaultISR
                0x00000510                FTMRE_IRQHandler
                0x00000510                RTC_IRQHandler
                0x00000510                IRQ_IRQHandler
                0x00000510                Reserved18_IRQHandler
                0x00000510                FTM1_IRQHandler
                0x00000510                Reserved20_IRQHandler
                0x00000510                Default_Handler
                0x00000510                Reserved17_IRQHandler
                0x00000510                MSCAN_RX_IRQHandler
                0x00000510                ACMP0_IRQHandler
                0x00000510                MSCAN_TX_IRQHandler
                0x00000510                PWT_IRQHandler
                0x00000510                SVC_Handler
                0x00000510                ICS_IRQHandler
                0x00000510                PIT_CH1_IRQHandler
                0x00000510                KBI0_IRQHandler
                0x00000510                PMC_IRQHandler
                0x00000510                SPI0_IRQHandler
                0x00000510                FTM0_IRQHandler
                0x00000510                WDOG_IRQHandler
                0x00000510                FTM2_IRQHandler
                0x00000510                ACMP1_IRQHandler
                0x00000510                KBI1_IRQHandler
 .text          0x00000514       0x14 c:/program files (x86)/gnu tools arm embedded/7 2018-q2-update/bin/../lib/gcc/arm-none-eabi/7.3.1/thumb/v6-m\libgcc.a(_thumb1_case_uqi.o)
                0x00000514                __gnu_thumb1_case_uqi
 .text          0x00000528       0x14 c:/program files (x86)/gnu tools arm embedded/7 2018-q2-update/bin/../lib/gcc/arm-none-eabi/7.3.1/thumb/v6-m\libgcc.a(_thumb1_case_shi.o)
                0x00000528                __gnu_thumb1_case_shi
 .text          0x0000053c      0x114 c:/program files (x86)/gnu tools arm embedded/7 2018-q2-update/bin/../lib/gcc/arm-none-eabi/7.3.1/thumb/v6-m\libgcc.a(_udivsi3.o)
                0x0000053c                __aeabi_uidiv
                0x0000053c                __udivsi3
                0x00000648                __aeabi_uidivmod
 .text          0x00000650      0x1d4 c:/program files (x86)/gnu tools arm embedded/7 2018-q2-update/bin/../lib/gcc/arm-none-eabi/7.3.1/thumb/v6-m\libgcc.a(_divsi3.o)
                0x00000650                __divsi3
                0x00000650                __aeabi_idiv
                0x0000081c                __aeabi_idivmod
 .text          0x00000824        0x4 c:/program files (x86)/gnu tools arm embedded/7 2018-q2-update/bin/../lib/gcc/arm-none-eabi/7.3.1/thumb/v6-m\libgcc.a(_dvmd_tls.o)
                0x00000824                __aeabi_idiv0
                0x00000824                __aeabi_ldiv0
 .text          0x00000828      0xa08 c:/program files (x86)/gnu tools arm embedded/7 2018-q2-update/bin/../lib/gcc/arm-none-eabi/7.3.1/thumb/v6-m\libgcc.a(unwind-arm.o)
                0x00000ae4                _Unwind_GetCFA
                0x00000ae8                __gnu_Unwind_RaiseException
                0x00000b3c                __gnu_Unwind_ForcedUnwind
                0x00000b50                __gnu_Unwind_Resume
                0x00000b98                __gnu_Unwind_Resume_or_Rethrow
                0x00000bb4                _Unwind_Complete
                0x00000bb8                _Unwind_DeleteException
                0x00000bc8                _Unwind_VRS_Get
                0x00000c10                _Unwind_VRS_Set
                0x00000c58                __gnu_Unwind_Backtrace
                0x00000fa8                __aeabi_unwind_cpp_pr0
                0x00000fb4                __aeabi_unwind_cpp_pr1
                0x00000fc0                __aeabi_unwind_cpp_pr2
                0x00000fcc                _Unwind_VRS_Pop
 .text          0x00001230      0x144 c:/program files (x86)/gnu tools arm embedded/7 2018-q2-update/bin/../lib/gcc/arm-none-eabi/7.3.1/thumb/v6-m\libgcc.a(libunwind.o)
                0x00001230                __restore_core_regs
                0x00001230                restore_core_regs
                0x0000125c                __gnu_Unwind_Restore_VFP
                0x00001260                __gnu_Unwind_Save_VFP
                0x00001264                __gnu_Unwind_Restore_VFP_D
                0x00001268                __gnu_Unwind_Save_VFP_D
                0x0000126c                __gnu_Unwind_Restore_VFP_D_16_to_31
                0x00001270                __gnu_Unwind_Save_VFP_D_16_to_31
                0x00001274                __gnu_Unwind_Restore_WMMXD
                0x00001278                __gnu_Unwind_Save_WMMXD
                0x0000127c                __gnu_Unwind_Restore_WMMXC
                0x00001280                __gnu_Unwind_Save_WMMXC
                0x00001284                ___Unwind_RaiseException
                0x00001284                _Unwind_RaiseException
                0x000012b4                _Unwind_Resume
                0x000012b4                ___Unwind_Resume
                0x000012e4                _Unwind_Resume_or_Rethrow
                0x000012e4                ___Unwind_Resume_or_Rethrow
                0x00001314                _Unwind_ForcedUnwind
                0x00001314                ___Unwind_ForcedUnwind
                0x00001344                ___Unwind_Backtrace
                0x00001344                _Unwind_Backtrace
 .text          0x00001374      0x39c c:/program files (x86)/gnu tools arm embedded/7 2018-q2-update/bin/../lib/gcc/arm-none-eabi/7.3.1/thumb/v6-m\libgcc.a(pr-support.o)
                0x000013c8                __gnu_unwind_execute
                0x000016b8                __gnu_unwind_frame
                0x000016e0                _Unwind_GetRegionStart
                0x000016ec                _Unwind_GetLanguageSpecificData
                0x00001700                _Unwind_GetDataRelBase
                0x00001708                _Unwind_GetTextRelBase
 .text          0x00001710       0x14 c:/program files (x86)/gnu tools arm embedded/7 2018-q2-update/bin/../lib/gcc/arm-none-eabi/7.3.1/../../../../arm-none-eabi/lib/thumb/v6-m\libg_nano.a(lib_a-strcmp.o)
                0x00001710                strcmp
 .text          0x00001724        0xe c:/program files (x86)/gnu tools arm embedded/7 2018-q2-update/bin/../lib/gcc/arm-none-eabi/7.3.1/../../../../arm-none-eabi/lib/thumb/v6-m\libg_nano.a(lib_a-strlen.o)
                0x00001724                strlen
 *(.text*)
 *fill*         0x00001732        0x2 
 .text.NVIC_EnableIRQ
                0x00001734       0x2c ./Sources/utility/communicate.o
 .text.NVIC_DisableIRQ
                0x00001760       0x30 ./Sources/utility/communicate.o
 .text._ZN10UARTModule22EnableIntrOnTxRegEmptyEv
                0x00001790       0x3c ./Sources/utility/communicate.o
                0x00001790                UARTModule::EnableIntrOnTxRegEmpty()
 .text._ZN10UARTModule23DisableIntrOnTxRegEmptyEv
                0x000017cc       0x38 ./Sources/utility/communicate.o
                0x000017cc                UARTModule::DisableIntrOnTxRegEmpty()
 .text._ZN16UARTCommunicatorC2EhhN13UART_settings5UARTnEbj
                0x00001804      0x134 ./Sources/utility/communicate.o
                0x00001804                UARTCommunicator::UARTCommunicator(unsigned char, unsigned char, UART_settings::UARTn, bool, unsigned int)
                0x00001804                UARTCommunicator::UARTCommunicator(unsigned char, unsigned char, UART_settings::UARTn, bool, unsigned int)
 .text._ZN16UARTCommunicator10SendStringEPch
                0x00001938       0xb2 ./Sources/utility/communicate.o
                0x00001938                UARTCommunicator::SendString(char*, unsigned char)
 .text._ZN16UARTCommunicator8SendCharEc
                0x000019ea       0x22 ./Sources/utility/communicate.o
                0x000019ea                UARTCommunicator::SendChar(char)
 .text._ZN16UARTCommunicator7GetCharEv
                0x00001a0c       0x70 ./Sources/utility/communicate.o
                0x00001a0c                UARTCommunicator::GetChar()
 .text._ZN16UARTCommunicator14OnIntrSendNextEv
                0x00001a7c       0x9c ./Sources/utility/communicate.o
                0x00001a7c                UARTCommunicator::OnIntrSendNext()
 .text._ZN16UARTCommunicator17OnIntrRecieveNextEv
                0x00001b18       0x62 ./Sources/utility/communicate.o
                0x00001b18                UARTCommunicator::OnIntrRecieveNext()
 .text._ZN14InductorSensor12StartConvertEv
                0x00001b7a       0x34 ./Sources/utility/sensor.o
                0x00001b7a                InductorSensor::StartConvert()
 *fill*         0x00001bae        0x2 
 .text.PIT_CH0_IRQHandler
                0x00001bb0       0x18 ./Sources/utility/sensor.o
                0x00001bb0                PIT_CH0_IRQHandler
 .text.ADC_IRQHandler
                0x00001bc8       0x84 ./Sources/utility/sensor.o
                0x00001bc8                ADC_IRQHandler
 .text._ZN10UARTModule20DisableIntrOnRecieveEv
                0x00001c4c       0x38 ./Sources/driver/UART.o
                0x00001c4c                UARTModule::DisableIntrOnRecieve()
 .text._ZN10UARTModule19EnableIntrOnRecieveEv
                0x00001c84       0x38 ./Sources/driver/UART.o
                0x00001c84                UARTModule::EnableIntrOnRecieve()
 .text._ZN10UARTModuleC2EN13UART_settings5UARTnEbjbb
                0x00001cbc      0x23c ./Sources/driver/UART.o
                0x00001cbc                UARTModule::UARTModule(UART_settings::UARTn, bool, unsigned int, bool, bool)
                0x00001cbc                UARTModule::UARTModule(UART_settings::UARTn, bool, unsigned int, bool, bool)
 .text._ZN10UARTModule8SendCharEh
                0x00001ef8       0x2c ./Sources/driver/UART.o
                0x00001ef8                UARTModule::SendChar(unsigned char)
 .text._ZN10UARTModule11RecieveCharEv
                0x00001f24       0x50 ./Sources/driver/UART.o
                0x00001f24                UARTModule::RecieveChar()
 .text._ZN9ADCModule22GetIsConversionOngoingEv
                0x00001f74       0x1c ./Sources/driver/adc.o
                0x00001f74                ADCModule::GetIsConversionOngoing()
 .text._ZN9ADCModule15StartConversionEh
                0x00001f90       0xac ./Sources/driver/adc.o
                0x00001f90                ADCModule::StartConversion(unsigned char)
 .text._ZN9ADCModuleC2E5ADCHn8ADC_nbit
                0x0000203c       0x6c ./Sources/driver/adc.o
                0x0000203c                ADCModule::ADCModule(ADCHn, ADC_nbit)
                0x0000203c                ADCModule::ADCModule(ADCHn, ADC_nbit)
 .text._ZN9ADCModule14TryFetchResultEv
                0x000020a8       0x90 ./Sources/driver/adc.o
                0x000020a8                ADCModule::TryFetchResult()
 .text._ZN15FlexTimerModuleC2EN11FTMSettings7ModulesENS0_8ChannelsENS0_13PortRemapTypeE
                0x00002138      0x120 ./Sources/driver/ftm.o
                0x00002138                FlexTimerModule::FlexTimerModule(FTMSettings::Modules, FTMSettings::Channels, FTMSettings::PortRemapType)
                0x00002138                FlexTimerModule::FlexTimerModule(FTMSettings::Modules, FTMSettings::Channels, FTMSettings::PortRemapType)
 .text._ZN15FlexTimerModule11SetPWMParamEtt
                0x00002258       0xe8 ./Sources/driver/ftm.o
                0x00002258                FlexTimerModule::SetPWMParam(unsigned short, unsigned short)
 .text._ZN15FlexTimerModule6PinSetEN11FTMSettings7ModulesENS0_8ChannelsENS0_13PortRemapTypeE
                0x00002340      0x270 ./Sources/driver/ftm.o
                0x00002340                FlexTimerModule::PinSet(FTMSettings::Modules, FTMSettings::Channels, FTMSettings::PortRemapType)
 .text.NVIC_EnableIRQ
                0x000025b0       0x2c ./Sources/cppmain.o
 .text._cppmain
                0x000025dc       0xf8 ./Sources/cppmain.o
                0x000025dc                _cppmain
 .text.UART0_IRQHandler
                0x000026d4       0x60 ./Sources/cppmain.o
                0x000026d4                UART0_IRQHandler
 .text.UART1_IRQHandler
                0x00002734       0x60 ./Sources/cppmain.o
                0x00002734                UART1_IRQHandler
 .text.UART2_IRQHandler
                0x00002794       0x60 ./Sources/cppmain.o
                0x00002794                UART2_IRQHandler
 .text.main     0x000027f4       0x18 ./Sources/main.o
                0x000027f4                main
 .text._ZN16UARTCommunicator21GetCharWithExpirationEt
                0x0000280c       0x56 ./Sources/state_machine.o
                0x0000280c                UARTCommunicator::GetCharWithExpiration(unsigned short)
 .text._ZN5State13HandleCommandEh
                0x00002862       0x18 ./Sources/state_machine.o
                0x00002862                State::HandleCommand(unsigned char)
 .text._ZN5State11HandleInputEv
                0x0000287a       0x12 ./Sources/state_machine.o
                0x0000287a                State::HandleInput()
 .text._ZN5State13StateChangeOpEv
                0x0000288c       0x10 ./Sources/state_machine.o
                0x0000288c                State::StateChangeOp()
 .text._ZN5State13StateRemainOpEv
                0x0000289c       0x10 ./Sources/state_machine.o
                0x0000289c                State::StateRemainOp()
 .text._ZN5State11StateExitOpEv
                0x000028ac       0x40 ./Sources/state_machine.o
                0x000028ac                State::StateExitOp()
 .text._ZN20TestADConverterState11HandleInputEv
                0x000028ec       0x12 ./Sources/state_machine.o
                0x000028ec                TestADConverterState::HandleInput()
 .text._ZN9IdleState13StateChangeOpEv
                0x000028fe       0x10 ./Sources/state_machine.o
                0x000028fe                IdleState::StateChangeOp()
 *fill*         0x0000290e        0x2 
 .text._ZN15FlexTimerModule15EnablePWMOutputEv
                0x00002910       0x24 ./Sources/state_machine.o
                0x00002910                FlexTimerModule::EnablePWMOutput()
 .text._ZN15FlexTimerModule16DisablePWMOutputEv
                0x00002934       0x34 ./Sources/state_machine.o
                0x00002934                FlexTimerModule::DisablePWMOutput()
 .text._ZN15FlexTimerModule12SetFrequencyEt
                0x00002968       0x26 ./Sources/state_machine.o
                0x00002968                FlexTimerModule::SetFrequency(unsigned short)
 .text._ZN15FlexTimerModule12SetDutyCycleEt
                0x0000298e       0x26 ./Sources/state_machine.o
                0x0000298e                FlexTimerModule::SetDutyCycle(unsigned short)
 .text._ZN5StateC2Ev
                0x000029b4       0x1c ./Sources/state_machine.o
                0x000029b4                State::State()
                0x000029b4                State::State()
 .text._ZN13TestUARTStateC2Ev
                0x000029d0       0x24 ./Sources/state_machine.o
                0x000029d0                TestUARTState::TestUARTState()
                0x000029d0                TestUARTState::TestUARTState()
 .text._ZN20TestADConverterStateC2Ev
                0x000029f4       0x24 ./Sources/state_machine.o
                0x000029f4                TestADConverterState::TestADConverterState()
                0x000029f4                TestADConverterState::TestADConverterState()
 .text._ZN12TestFTMStateC2Ev
                0x00002a18       0x24 ./Sources/state_machine.o
                0x00002a18                TestFTMState::TestFTMState()
                0x00002a18                TestFTMState::TestFTMState()
 .text._ZN9IdleState13HandleCommandEh
                0x00002a3c       0x70 ./Sources/state_machine.o
                0x00002a3c                IdleState::HandleCommand(unsigned char)
 .text._ZN9IdleStateC2Ev
                0x00002aac       0x24 ./Sources/state_machine.o
                0x00002aac                IdleState::IdleState()
                0x00002aac                IdleState::IdleState()
 .text._ZN13TestUARTState13HandleCommandEh
                0x00002ad0       0x50 ./Sources/state_machine.o
                0x00002ad0                TestUARTState::HandleCommand(unsigned char)
 .text._ZN13TestUARTState11HandleInputEv
                0x00002b20       0x12 ./Sources/state_machine.o
                0x00002b20                TestUARTState::HandleInput()
 *fill*         0x00002b32        0x2 
 .text._ZN13TestUARTState13StateChangeOpEv
                0x00002b34       0x48 ./Sources/state_machine.o
                0x00002b34                TestUARTState::StateChangeOp()
 .text._ZN9IdleState11HandleInputEv
                0x00002b7c       0x12 ./Sources/state_machine.o
                0x00002b7c                IdleState::HandleInput()
 *fill*         0x00002b8e        0x2 
 .text._ZN12StateMachineC2Ev
                0x00002b90       0x34 ./Sources/state_machine.o
                0x00002b90                StateMachine::StateMachine()
                0x00002b90                StateMachine::StateMachine()
 .text._ZN12StateMachineD2Ev
                0x00002bc4       0x28 ./Sources/state_machine.o
                0x00002bc4                StateMachine::~StateMachine()
                0x00002bc4                StateMachine::~StateMachine()
 .text._ZN12StateMachineD0Ev
                0x00002bec       0x22 ./Sources/state_machine.o
                0x00002bec                StateMachine::~StateMachine()
 .text._ZN12StateMachine11SendCommandEh
                0x00002c0e       0x7a ./Sources/state_machine.o
                0x00002c0e                StateMachine::SendCommand(unsigned char)
 .text._ZN20TestADConverterState13HandleCommandEh
                0x00002c88       0x36 ./Sources/state_machine.o
                0x00002c88                TestADConverterState::HandleCommand(unsigned char)
 *fill*         0x00002cbe        0x2 
 .text._ZN20TestADConverterState13StateChangeOpEv
                0x00002cc0       0x50 ./Sources/state_machine.o
                0x00002cc0                TestADConverterState::StateChangeOp()
 .text._ZN20TestADConverterState13StateRemainOpEv
                0x00002d10       0x7c ./Sources/state_machine.o
                0x00002d10                TestADConverterState::StateRemainOp()
 .text._ZN20TestADConverterState11StateExitOpEv
                0x00002d8c       0x50 ./Sources/state_machine.o
                0x00002d8c                TestADConverterState::StateExitOp()
 .text._ZN12TestFTMState13HandleCommandEh
                0x00002ddc      0x194 ./Sources/state_machine.o
                0x00002ddc                TestFTMState::HandleCommand(unsigned char)
 .text._ZN12TestFTMState13StateChangeOpEv
                0x00002f70       0x4c ./Sources/state_machine.o
                0x00002f70                TestFTMState::StateChangeOp()
 .text.SystemInit
                0x00002fbc       0x74 ./Project_Settings/Startup_Code/system_SKEAZ1284.o
                0x00002fbc                SystemInit
 .text._Znwj    0x00003030       0x24 c:/program files (x86)/gnu tools arm embedded/7 2018-q2-update/bin/../lib/gcc/arm-none-eabi/7.3.1/../../../../arm-none-eabi/lib/thumb/v6-m\libstdc++_nano.a(new_op.o)
                0x00003030                operator new(unsigned int)
 .text._ZdlPv   0x00003054        0x8 c:/program files (x86)/gnu tools arm embedded/7 2018-q2-update/bin/../lib/gcc/arm-none-eabi/7.3.1/../../../../arm-none-eabi/lib/thumb/v6-m\libstdc++_nano.a(del_op.o)
                0x00003054                operator delete(void*)
 .text._ZL12read_uleb128PKhPm
                0x0000305c       0x2c c:/program files (x86)/gnu tools arm embedded/7 2018-q2-update/bin/../lib/gcc/arm-none-eabi/7.3.1/../../../../arm-none-eabi/lib/thumb/v6-m\libstdc++_nano.a(eh_personality.o)
 .text._ZL12read_sleb128PKhPl
                0x00003088       0x34 c:/program files (x86)/gnu tools arm embedded/7 2018-q2-update/bin/../lib/gcc/arm-none-eabi/7.3.1/../../../../arm-none-eabi/lib/thumb/v6-m\libstdc++_nano.a(eh_personality.o)
 .text._ZL28read_encoded_value_with_basehjPKhPj
                0x000030bc       0xb2 c:/program files (x86)/gnu tools arm embedded/7 2018-q2-update/bin/../lib/gcc/arm-none-eabi/7.3.1/../../../../arm-none-eabi/lib/thumb/v6-m\libstdc++_nano.a(eh_personality.o)
 .text._Unwind_GetGR
                0x0000316e       0x16 c:/program files (x86)/gnu tools arm embedded/7 2018-q2-update/bin/../lib/gcc/arm-none-eabi/7.3.1/../../../../arm-none-eabi/lib/thumb/v6-m\libstdc++_nano.a(eh_personality.o)
 .text._ZL21base_of_encoded_valuehP15_Unwind_Context.part.3
                0x00003184       0x3e c:/program files (x86)/gnu tools arm embedded/7 2018-q2-update/bin/../lib/gcc/arm-none-eabi/7.3.1/../../../../arm-none-eabi/lib/thumb/v6-m\libstdc++_nano.a(eh_personality.o)
 .text._ZL18read_encoded_valueP15_Unwind_ContexthPKhPj
                0x000031c2       0x24 c:/program files (x86)/gnu tools arm embedded/7 2018-q2-update/bin/../lib/gcc/arm-none-eabi/7.3.1/../../../../arm-none-eabi/lib/thumb/v6-m\libstdc++_nano.a(eh_personality.o)
 .text._ZL17parse_lsda_headerP15_Unwind_ContextPKhP16lsda_header_info
                0x000031e6       0x62 c:/program files (x86)/gnu tools arm embedded/7 2018-q2-update/bin/../lib/gcc/arm-none-eabi/7.3.1/../../../../arm-none-eabi/lib/thumb/v6-m\libstdc++_nano.a(eh_personality.o)
 .text.__gxx_personality_v0
                0x00003248      0x370 c:/program files (x86)/gnu tools arm embedded/7 2018-q2-update/bin/../lib/gcc/arm-none-eabi/7.3.1/../../../../arm-none-eabi/lib/thumb/v6-m\libstdc++_nano.a(eh_personality.o)
                0x00003248                __gxx_personality_v0
 .text._ZN10__cxxabiv1L24__is_gxx_exception_classEPc
                0x000035b8       0x3a c:/program files (x86)/gnu tools arm embedded/7 2018-q2-update/bin/../lib/gcc/arm-none-eabi/7.3.1/../../../../arm-none-eabi/lib/thumb/v6-m\libstdc++_nano.a(eh_call.o)
 .text.__cxa_call_terminate
                0x000035f2       0x20 c:/program files (x86)/gnu tools arm embedded/7 2018-q2-update/bin/../lib/gcc/arm-none-eabi/7.3.1/../../../../arm-none-eabi/lib/thumb/v6-m\libstdc++_nano.a(eh_call.o)
                0x000035f2                __cxa_call_terminate
 .text.__cxa_call_unexpected
                0x00003612       0x2e c:/program files (x86)/gnu tools arm embedded/7 2018-q2-update/bin/../lib/gcc/arm-none-eabi/7.3.1/../../../../arm-none-eabi/lib/thumb/v6-m\libstdc++_nano.a(eh_call.o)
                0x00003612                __cxa_call_unexpected
 .text._ZSt15get_new_handlerv
                0x00003640        0xc c:/program files (x86)/gnu tools arm embedded/7 2018-q2-update/bin/../lib/gcc/arm-none-eabi/7.3.1/../../../../arm-none-eabi/lib/thumb/v6-m\libstdc++_nano.a(new_handler.o)
                0x00003640                std::get_new_handler()
 .text._ZN10__cxxabiv1L24__is_gxx_exception_classEPc
                0x0000364c       0x3a c:/program files (x86)/gnu tools arm embedded/7 2018-q2-update/bin/../lib/gcc/arm-none-eabi/7.3.1/../../../../arm-none-eabi/lib/thumb/v6-m\libstdc++_nano.a(eh_catch.o)
 .text.__cxa_begin_catch
                0x00003686       0x4e c:/program files (x86)/gnu tools arm embedded/7 2018-q2-update/bin/../lib/gcc/arm-none-eabi/7.3.1/../../../../arm-none-eabi/lib/thumb/v6-m\libstdc++_nano.a(eh_catch.o)
                0x00003686                __cxa_begin_catch
 .text.__cxa_get_globals
                0x000036d4        0x8 c:/program files (x86)/gnu tools arm embedded/7 2018-q2-update/bin/../lib/gcc/arm-none-eabi/7.3.1/../../../../arm-none-eabi/lib/thumb/v6-m\libstdc++_nano.a(eh_globals.o)
                0x000036d4                __cxa_get_globals
 .text._ZN10__cxxabiv111__terminateEPFvvE
                0x000036dc        0x8 c:/program files (x86)/gnu tools arm embedded/7 2018-q2-update/bin/../lib/gcc/arm-none-eabi/7.3.1/../../../../arm-none-eabi/lib/thumb/v6-m\libstdc++_nano.a(eh_terminate.o)
                0x000036dc                __cxxabiv1::__terminate(void (*)())
 .text._ZSt9terminatev
                0x000036e4       0x10 c:/program files (x86)/gnu tools arm embedded/7 2018-q2-update/bin/../lib/gcc/arm-none-eabi/7.3.1/../../../../arm-none-eabi/lib/thumb/v6-m\libstdc++_nano.a(eh_terminate.o)
                0x000036e4                std::terminate()
 .text._ZN10__cxxabiv112__unexpectedEPFvvE
                0x000036f4        0x8 c:/program files (x86)/gnu tools arm embedded/7 2018-q2-update/bin/../lib/gcc/arm-none-eabi/7.3.1/../../../../arm-none-eabi/lib/thumb/v6-m\libstdc++_nano.a(eh_terminate.o)
                0x000036f4                __cxxabiv1::__unexpected(void (*)())
 .text._ZSt10unexpectedv
                0x000036fc       0x10 c:/program files (x86)/gnu tools arm embedded/7 2018-q2-update/bin/../lib/gcc/arm-none-eabi/7.3.1/../../../../arm-none-eabi/lib/thumb/v6-m\libstdc++_nano.a(eh_terminate.o)
                0x000036fc                std::unexpected()
 .text.__cxa_end_cleanup
                0x0000370c        0xc c:/program files (x86)/gnu tools arm embedded/7 2018-q2-update/bin/../lib/gcc/arm-none-eabi/7.3.1/../../../../arm-none-eabi/lib/thumb/v6-m\libstdc++_nano.a(eh_arm.o)
                0x0000370c                __cxa_end_cleanup
 .text._ZN10__cxxabiv1L24__is_gxx_exception_classEPc
                0x00003718       0x3a c:/program files (x86)/gnu tools arm embedded/7 2018-q2-update/bin/../lib/gcc/arm-none-eabi/7.3.1/../../../../arm-none-eabi/lib/thumb/v6-m\libstdc++_nano.a(eh_arm.o)
 *fill*         0x00003752        0x2 
 .text.__cxa_type_match
                0x00003754       0xb8 c:/program files (x86)/gnu tools arm embedded/7 2018-q2-update/bin/../lib/gcc/arm-none-eabi/7.3.1/../../../../arm-none-eabi/lib/thumb/v6-m\libstdc++_nano.a(eh_arm.o)
                0x00003754                __cxa_type_match
 .text.__cxa_begin_cleanup
                0x0000380c       0x36 c:/program files (x86)/gnu tools arm embedded/7 2018-q2-update/bin/../lib/gcc/arm-none-eabi/7.3.1/../../../../arm-none-eabi/lib/thumb/v6-m\libstdc++_nano.a(eh_arm.o)
                0x0000380c                __cxa_begin_cleanup
 .text.__gnu_end_cleanup
                0x00003842       0x38 c:/program files (x86)/gnu tools arm embedded/7 2018-q2-update/bin/../lib/gcc/arm-none-eabi/7.3.1/../../../../arm-none-eabi/lib/thumb/v6-m\libstdc++_nano.a(eh_arm.o)
                0x00003842                __gnu_end_cleanup
 .text._Znaj    0x0000387a        0x8 c:/program files (x86)/gnu tools arm embedded/7 2018-q2-update/bin/../lib/gcc/arm-none-eabi/7.3.1/../../../../arm-none-eabi/lib/thumb/v6-m\libstdc++_nano.a(new_opv.o)
                0x0000387a                operator new[](unsigned int)
 *fill*         0x00003882        0x2 
 .text._ZN10__cxxabiv120__si_class_type_infoD2Ev
                0x00003884       0x18 c:/program files (x86)/gnu tools arm embedded/7 2018-q2-update/bin/../lib/gcc/arm-none-eabi/7.3.1/../../../../arm-none-eabi/lib/thumb/v6-m\libstdc++_nano.a(si_class_type_info.o)
                0x00003884                __cxxabiv1::__si_class_type_info::~__si_class_type_info()
                0x00003884                __cxxabiv1::__si_class_type_info::~__si_class_type_info()
 .text._ZN10__cxxabiv120__si_class_type_infoD0Ev
                0x0000389c       0x14 c:/program files (x86)/gnu tools arm embedded/7 2018-q2-update/bin/../lib/gcc/arm-none-eabi/7.3.1/../../../../arm-none-eabi/lib/thumb/v6-m\libstdc++_nano.a(si_class_type_info.o)
                0x0000389c                __cxxabiv1::__si_class_type_info::~__si_class_type_info()
 .text._ZNK10__cxxabiv120__si_class_type_info20__do_find_public_srcEiPKvPKNS_17__class_type_infoES2_
                0x000038b0       0x32 c:/program files (x86)/gnu tools arm embedded/7 2018-q2-update/bin/../lib/gcc/arm-none-eabi/7.3.1/../../../../arm-none-eabi/lib/thumb/v6-m\libstdc++_nano.a(si_class_type_info.o)
                0x000038b0                __cxxabiv1::__si_class_type_info::__do_find_public_src(int, void const*, __cxxabiv1::__class_type_info const*, void const*) const
 .text._ZNK10__cxxabiv120__si_class_type_info12__do_dyncastEiNS_17__class_type_info10__sub_kindEPKS1_PKvS4_S6_RNS1_16__dyncast_resultE
                0x000038e2       0x80 c:/program files (x86)/gnu tools arm embedded/7 2018-q2-update/bin/../lib/gcc/arm-none-eabi/7.3.1/../../../../arm-none-eabi/lib/thumb/v6-m\libstdc++_nano.a(si_class_type_info.o)
                0x000038e2                __cxxabiv1::__si_class_type_info::__do_dyncast(int, __cxxabiv1::__class_type_info::__sub_kind, __cxxabiv1::__class_type_info const*, void const*, __cxxabiv1::__class_type_info const*, void const*, __cxxabiv1::__class_type_info::__dyncast_result&) const
 .text._ZNK10__cxxabiv120__si_class_type_info11__do_upcastEPKNS_17__class_type_infoEPKvRNS1_15__upcast_resultE
                0x00003962       0x22 c:/program files (x86)/gnu tools arm embedded/7 2018-q2-update/bin/../lib/gcc/arm-none-eabi/7.3.1/../../../../arm-none-eabi/lib/thumb/v6-m\libstdc++_nano.a(si_class_type_info.o)
                0x00003962                __cxxabiv1::__si_class_type_info::__do_upcast(__cxxabiv1::__class_type_info const*, void const*, __cxxabiv1::__class_type_info::__upcast_result&) const
 .text._ZNSt9type_infoD2Ev
                0x00003984        0x2 c:/program files (x86)/gnu tools arm embedded/7 2018-q2-update/bin/../lib/gcc/arm-none-eabi/7.3.1/../../../../arm-none-eabi/lib/thumb/v6-m\libstdc++_nano.a(tinfo.o)
                0x00003984                std::type_info::~type_info()
                0x00003984                std::type_info::~type_info()
 .text._ZNKSt9type_info14__is_pointer_pEv
                0x00003986        0x4 c:/program files (x86)/gnu tools arm embedded/7 2018-q2-update/bin/../lib/gcc/arm-none-eabi/7.3.1/../../../../arm-none-eabi/lib/thumb/v6-m\libstdc++_nano.a(tinfo.o)
                0x00003986                std::type_info::__is_pointer_p() const
                0x00003986                std::type_info::__is_function_p() const
 .text._ZNKSt9type_infoeqERKS_
                0x0000398a       0x2c c:/program files (x86)/gnu tools arm embedded/7 2018-q2-update/bin/../lib/gcc/arm-none-eabi/7.3.1/../../../../arm-none-eabi/lib/thumb/v6-m\libstdc++_nano.a(tinfo.o)
                0x0000398a                std::type_info::operator==(std::type_info const&) const
 .text._ZNK10__cxxabiv117__class_type_info11__do_upcastEPKS0_PPv
                0x000039b6       0x34 c:/program files (x86)/gnu tools arm embedded/7 2018-q2-update/bin/../lib/gcc/arm-none-eabi/7.3.1/../../../../arm-none-eabi/lib/thumb/v6-m\libstdc++_nano.a(class_type_info.o)
                0x000039b6                __cxxabiv1::__class_type_info::__do_upcast(__cxxabiv1::__class_type_info const*, void**) const
 .text._ZNK10__cxxabiv117__class_type_info20__do_find_public_srcEiPKvPKS0_S2_
                0x000039ea        0xc c:/program files (x86)/gnu tools arm embedded/7 2018-q2-update/bin/../lib/gcc/arm-none-eabi/7.3.1/../../../../arm-none-eabi/lib/thumb/v6-m\libstdc++_nano.a(class_type_info.o)
                0x000039ea                __cxxabiv1::__class_type_info::__do_find_public_src(int, void const*, __cxxabiv1::__class_type_info const*, void const*) const
 *fill*         0x000039f6        0x2 
 .text._ZN10__cxxabiv117__class_type_infoD2Ev
                0x000039f8       0x18 c:/program files (x86)/gnu tools arm embedded/7 2018-q2-update/bin/../lib/gcc/arm-none-eabi/7.3.1/../../../../arm-none-eabi/lib/thumb/v6-m\libstdc++_nano.a(class_type_info.o)
                0x000039f8                __cxxabiv1::__class_type_info::~__class_type_info()
                0x000039f8                __cxxabiv1::__class_type_info::~__class_type_info()
 .text._ZN10__cxxabiv117__class_type_infoD0Ev
                0x00003a10       0x14 c:/program files (x86)/gnu tools arm embedded/7 2018-q2-update/bin/../lib/gcc/arm-none-eabi/7.3.1/../../../../arm-none-eabi/lib/thumb/v6-m\libstdc++_nano.a(class_type_info.o)
                0x00003a10                __cxxabiv1::__class_type_info::~__class_type_info()
 .text._ZNK10__cxxabiv117__class_type_info12__do_dyncastEiNS0_10__sub_kindEPKS0_PKvS3_S5_RNS0_16__dyncast_resultE
                0x00003a24       0x3a c:/program files (x86)/gnu tools arm embedded/7 2018-q2-update/bin/../lib/gcc/arm-none-eabi/7.3.1/../../../../arm-none-eabi/lib/thumb/v6-m\libstdc++_nano.a(class_type_info.o)
                0x00003a24                __cxxabiv1::__class_type_info::__do_dyncast(int, __cxxabiv1::__class_type_info::__sub_kind, __cxxabiv1::__class_type_info const*, void const*, __cxxabiv1::__class_type_info const*, void const*, __cxxabiv1::__class_type_info::__dyncast_result&) const
 .text._ZNK10__cxxabiv117__class_type_info11__do_upcastEPKS0_PKvRNS0_15__upcast_resultE
                0x00003a5e       0x1a c:/program files (x86)/gnu tools arm embedded/7 2018-q2-update/bin/../lib/gcc/arm-none-eabi/7.3.1/../../../../arm-none-eabi/lib/thumb/v6-m\libstdc++_nano.a(class_type_info.o)
                0x00003a5e                __cxxabiv1::__class_type_info::__do_upcast(__cxxabiv1::__class_type_info const*, void const*, __cxxabiv1::__class_type_info::__upcast_result&) const
 .text._ZNK10__cxxabiv117__class_type_info10__do_catchEPKSt9type_infoPPvj
                0x00003a78       0x24 c:/program files (x86)/gnu tools arm embedded/7 2018-q2-update/bin/../lib/gcc/arm-none-eabi/7.3.1/../../../../arm-none-eabi/lib/thumb/v6-m\libstdc++_nano.a(class_type_info.o)
                0x00003a78                __cxxabiv1::__class_type_info::__do_catch(std::type_info const*, void**, unsigned int) const
 .text._ZdlPvj  0x00003a9c        0x8 c:/program files (x86)/gnu tools arm embedded/7 2018-q2-update/bin/../lib/gcc/arm-none-eabi/7.3.1/../../../../arm-none-eabi/lib/thumb/v6-m\libstdc++_nano.a(del_ops.o)
                0x00003a9c                operator delete(void*, unsigned int)
 .text.abort    0x00003aa4        0xe c:/program files (x86)/gnu tools arm embedded/7 2018-q2-update/bin/../lib/gcc/arm-none-eabi/7.3.1/../../../../arm-none-eabi/lib/thumb/v6-m\libg_nano.a(lib_a-abort.o)
                0x00003aa4                abort
 *fill*         0x00003ab2        0x2 
 .text.exit     0x00003ab4       0x2c c:/program files (x86)/gnu tools arm embedded/7 2018-q2-update/bin/../lib/gcc/arm-none-eabi/7.3.1/../../../../arm-none-eabi/lib/thumb/v6-m\libg_nano.a(lib_a-exit.o)
                0x00003ab4                exit
 .text.__libc_init_array
                0x00003ae0       0x48 c:/program files (x86)/gnu tools arm embedded/7 2018-q2-update/bin/../lib/gcc/arm-none-eabi/7.3.1/../../../../arm-none-eabi/lib/thumb/v6-m\libg_nano.a(lib_a-init.o)
                0x00003ae0                __libc_init_array
 .text.malloc   0x00003b28       0x14 c:/program files (x86)/gnu tools arm embedded/7 2018-q2-update/bin/../lib/gcc/arm-none-eabi/7.3.1/../../../../arm-none-eabi/lib/thumb/v6-m\libg_nano.a(lib_a-malloc.o)
                0x00003b28                malloc
 .text.free     0x00003b3c       0x14 c:/program files (x86)/gnu tools arm embedded/7 2018-q2-update/bin/../lib/gcc/arm-none-eabi/7.3.1/../../../../arm-none-eabi/lib/thumb/v6-m\libg_nano.a(lib_a-malloc.o)
                0x00003b3c                free
 .text.memcpy   0x00003b50       0x12 c:/program files (x86)/gnu tools arm embedded/7 2018-q2-update/bin/../lib/gcc/arm-none-eabi/7.3.1/../../../../arm-none-eabi/lib/thumb/v6-m\libg_nano.a(lib_a-memcpy-stub.o)
                0x00003b50                memcpy
 .text.memset   0x00003b62       0x10 c:/program files (x86)/gnu tools arm embedded/7 2018-q2-update/bin/../lib/gcc/arm-none-eabi/7.3.1/../../../../arm-none-eabi/lib/thumb/v6-m\libg_nano.a(lib_a-memset.o)
                0x00003b62                memset
 *fill*         0x00003b72        0x2 
 .text._free_r  0x00003b74       0x94 c:/program files (x86)/gnu tools arm embedded/7 2018-q2-update/bin/../lib/gcc/arm-none-eabi/7.3.1/../../../../arm-none-eabi/lib/thumb/v6-m\libg_nano.a(lib_a-nano-freer.o)
                0x00003b74                _free_r
 .text._malloc_r
                0x00003c08       0xbc c:/program files (x86)/gnu tools arm embedded/7 2018-q2-update/bin/../lib/gcc/arm-none-eabi/7.3.1/../../../../arm-none-eabi/lib/thumb/v6-m\libg_nano.a(lib_a-nano-mallocr.o)
                0x00003c08                _malloc_r
 .text._sbrk_r  0x00003cc4       0x24 c:/program files (x86)/gnu tools arm embedded/7 2018-q2-update/bin/../lib/gcc/arm-none-eabi/7.3.1/../../../../arm-none-eabi/lib/thumb/v6-m\libg_nano.a(lib_a-sbrkr.o)
                0x00003cc4                _sbrk_r
 .text._raise_r
                0x00003ce8       0x54 c:/program files (x86)/gnu tools arm embedded/7 2018-q2-update/bin/../lib/gcc/arm-none-eabi/7.3.1/../../../../arm-none-eabi/lib/thumb/v6-m\libg_nano.a(lib_a-signal.o)
                0x00003ce8                _raise_r
 .text.raise    0x00003d3c       0x14 c:/program files (x86)/gnu tools arm embedded/7 2018-q2-update/bin/../lib/gcc/arm-none-eabi/7.3.1/../../../../arm-none-eabi/lib/thumb/v6-m\libg_nano.a(lib_a-signal.o)
                0x00003d3c                raise
 .text._kill_r  0x00003d50       0x24 c:/program files (x86)/gnu tools arm embedded/7 2018-q2-update/bin/../lib/gcc/arm-none-eabi/7.3.1/../../../../arm-none-eabi/lib/thumb/v6-m\libg_nano.a(lib_a-signalr.o)
                0x00003d50                _kill_r
 .text._getpid_r
                0x00003d74        0x8 c:/program files (x86)/gnu tools arm embedded/7 2018-q2-update/bin/../lib/gcc/arm-none-eabi/7.3.1/../../../../arm-none-eabi/lib/thumb/v6-m\libg_nano.a(lib_a-signalr.o)
                0x00003d74                _getpid_r
 .text.snprintf
                0x00003d7c       0x64 c:/program files (x86)/gnu tools arm embedded/7 2018-q2-update/bin/../lib/gcc/arm-none-eabi/7.3.1/../../../../arm-none-eabi/lib/thumb/v6-m\libg_nano.a(lib_a-snprintf.o)
                0x00003d7c                sniprintf
                0x00003d7c                snprintf
 .text.__malloc_lock
                0x00003de0        0x2 c:/program files (x86)/gnu tools arm embedded/7 2018-q2-update/bin/../lib/gcc/arm-none-eabi/7.3.1/../../../../arm-none-eabi/lib/thumb/v6-m\libg_nano.a(lib_a-mlock.o)
                0x00003de0                __malloc_lock
 .text.__malloc_unlock
                0x00003de2        0x2 c:/program files (x86)/gnu tools arm embedded/7 2018-q2-update/bin/../lib/gcc/arm-none-eabi/7.3.1/../../../../arm-none-eabi/lib/thumb/v6-m\libg_nano.a(lib_a-mlock.o)
                0x00003de2                __malloc_unlock
 .text.__ssputs_r
                0x00003de4       0xc4 c:/program files (x86)/gnu tools arm embedded/7 2018-q2-update/bin/../lib/gcc/arm-none-eabi/7.3.1/../../../../arm-none-eabi/lib/thumb/v6-m\libg_nano.a(lib_a-nano-svfprintf.o)
                0x00003de4                __ssputs_r
 .text._svfprintf_r
                0x00003ea8      0x1fc c:/program files (x86)/gnu tools arm embedded/7 2018-q2-update/bin/../lib/gcc/arm-none-eabi/7.3.1/../../../../arm-none-eabi/lib/thumb/v6-m\libg_nano.a(lib_a-nano-svfprintf.o)
                0x00003ea8                _svfiprintf_r
                0x00003ea8                _svfprintf_r
 .text._printf_common
                0x000040a4       0xda c:/program files (x86)/gnu tools arm embedded/7 2018-q2-update/bin/../lib/gcc/arm-none-eabi/7.3.1/../../../../arm-none-eabi/lib/thumb/v6-m\libg_nano.a(lib_a-nano-vfprintf_i.o)
                0x000040a4                _printf_common
 *fill*         0x0000417e        0x2 
 .text._printf_i
                0x00004180      0x210 c:/program files (x86)/gnu tools arm embedded/7 2018-q2-update/bin/../lib/gcc/arm-none-eabi/7.3.1/../../../../arm-none-eabi/lib/thumb/v6-m\libg_nano.a(lib_a-nano-vfprintf_i.o)
                0x00004180                _printf_i
 .text.memchr   0x00004390       0x16 c:/program files (x86)/gnu tools arm embedded/7 2018-q2-update/bin/../lib/gcc/arm-none-eabi/7.3.1/../../../../arm-none-eabi/lib/thumb/v6-m\libg_nano.a(lib_a-memchr-stub.o)
                0x00004390                memchr
 .text.memmove  0x000043a6       0x26 c:/program files (x86)/gnu tools arm embedded/7 2018-q2-update/bin/../lib/gcc/arm-none-eabi/7.3.1/../../../../arm-none-eabi/lib/thumb/v6-m\libg_nano.a(lib_a-memmove.o)
                0x000043a6                memmove
 .text._realloc_r
                0x000043cc       0x4c c:/program files (x86)/gnu tools arm embedded/7 2018-q2-update/bin/../lib/gcc/arm-none-eabi/7.3.1/../../../../arm-none-eabi/lib/thumb/v6-m\libg_nano.a(lib_a-nano-reallocr.o)
                0x000043cc                _realloc_r
 .text._malloc_usable_size_r
                0x00004418       0x10 c:/program files (x86)/gnu tools arm embedded/7 2018-q2-update/bin/../lib/gcc/arm-none-eabi/7.3.1/../../../../arm-none-eabi/lib/thumb/v6-m\libg_nano.a(lib_a-nano-msizer.o)
                0x00004418                _malloc_usable_size_r
 .text._getpid  0x00004428       0x10 c:/program files (x86)/gnu tools arm embedded/7 2018-q2-update/bin/../lib/gcc/arm-none-eabi/7.3.1/../../../../arm-none-eabi/lib/thumb/v6-m\libnosys.a(getpid.o)
                0x00004428                _getpid
 .text._kill    0x00004438       0x10 c:/program files (x86)/gnu tools arm embedded/7 2018-q2-update/bin/../lib/gcc/arm-none-eabi/7.3.1/../../../../arm-none-eabi/lib/thumb/v6-m\libnosys.a(kill.o)
                0x00004438                _kill
 .text._sbrk    0x00004448       0x1c c:/program files (x86)/gnu tools arm embedded/7 2018-q2-update/bin/../lib/gcc/arm-none-eabi/7.3.1/../../../../arm-none-eabi/lib/thumb/v6-m\libnosys.a(sbrk.o)
                0x00004448                _sbrk
 .text._exit    0x00004464        0x4 c:/program files (x86)/gnu tools arm embedded/7 2018-q2-update/bin/../lib/gcc/arm-none-eabi/7.3.1/../../../../arm-none-eabi/lib/thumb/v6-m\libnosys.a(_exit.o)
                0x00004464                _exit
 *(.rodata)
 .rodata        0x00004468        0x9 ./Sources/cppmain.o
 *fill*         0x00004471        0x3 
 .rodata        0x00004474       0xbb ./Sources/state_machine.o
 *(.rodata*)
 *fill*         0x0000452f        0x1 
 .rodata._ZTV12StateMachine
                0x00004530       0x10 ./Sources/state_machine.o
                0x00004530                vtable for StateMachine
 .rodata._ZTV12TestFTMState
                0x00004540       0x1c ./Sources/state_machine.o
                0x00004540                vtable for TestFTMState
 .rodata._ZTV9IdleState
                0x0000455c       0x1c ./Sources/state_machine.o
                0x0000455c                vtable for IdleState
 .rodata._ZTV13TestUARTState
                0x00004578       0x1c ./Sources/state_machine.o
                0x00004578                vtable for TestUARTState
 .rodata._ZTV20TestADConverterState
                0x00004594       0x1c ./Sources/state_machine.o
                0x00004594                vtable for TestADConverterState
 .rodata._ZTV5State
                0x000045b0       0x1c ./Sources/state_machine.o
                0x000045b0                vtable for State
 .rodata._ZTI12StateMachine
                0x000045cc        0x8 ./Sources/state_machine.o
                0x000045cc                typeinfo for StateMachine
 .rodata._ZTS12StateMachine
                0x000045d4        0xf ./Sources/state_machine.o
                0x000045d4                typeinfo name for StateMachine
 *fill*         0x000045e3        0x1 
 .rodata._ZTI12TestFTMState
                0x000045e4        0xc ./Sources/state_machine.o
                0x000045e4                typeinfo for TestFTMState
 .rodata._ZTS12TestFTMState
                0x000045f0        0xf ./Sources/state_machine.o
                0x000045f0                typeinfo name for TestFTMState
 *fill*         0x000045ff        0x1 
 .rodata._ZTI9IdleState
                0x00004600        0xc ./Sources/state_machine.o
                0x00004600                typeinfo for IdleState
 .rodata._ZTS9IdleState
                0x0000460c        0xb ./Sources/state_machine.o
                0x0000460c                typeinfo name for IdleState
 *fill*         0x00004617        0x1 
 .rodata._ZTI13TestUARTState
                0x00004618        0xc ./Sources/state_machine.o
                0x00004618                typeinfo for TestUARTState
 .rodata._ZTS13TestUARTState
                0x00004624       0x10 ./Sources/state_machine.o
                0x00004624                typeinfo name for TestUARTState
 .rodata._ZTI20TestADConverterState
                0x00004634        0xc ./Sources/state_machine.o
                0x00004634                typeinfo for TestADConverterState
 .rodata._ZTS20TestADConverterState
                0x00004640       0x17 ./Sources/state_machine.o
                0x00004640                typeinfo name for TestADConverterState
 *fill*         0x00004657        0x1 
 .rodata._ZTI5State
                0x00004658        0x8 ./Sources/state_machine.o
                0x00004658                typeinfo for State
 .rodata._ZTS5State
                0x00004660        0x7 ./Sources/state_machine.o
                0x00004660                typeinfo name for State
 *fill*         0x00004667        0x1 
 .rodata._ZTIN10__cxxabiv120__si_class_type_infoE
                0x00004668        0xc c:/program files (x86)/gnu tools arm embedded/7 2018-q2-update/bin/../lib/gcc/arm-none-eabi/7.3.1/../../../../arm-none-eabi/lib/thumb/v6-m\libstdc++_nano.a(si_class_type_info.o)
                0x00004668                typeinfo for __cxxabiv1::__si_class_type_info
 .rodata._ZTSN10__cxxabiv120__si_class_type_infoE
                0x00004674       0x25 c:/program files (x86)/gnu tools arm embedded/7 2018-q2-update/bin/../lib/gcc/arm-none-eabi/7.3.1/../../../../arm-none-eabi/lib/thumb/v6-m\libstdc++_nano.a(si_class_type_info.o)
                0x00004674                typeinfo name for __cxxabiv1::__si_class_type_info
 *fill*         0x00004699        0x3 
 .rodata._ZTVN10__cxxabiv120__si_class_type_infoE
                0x0000469c       0x2c c:/program files (x86)/gnu tools arm embedded/7 2018-q2-update/bin/../lib/gcc/arm-none-eabi/7.3.1/../../../../arm-none-eabi/lib/thumb/v6-m\libstdc++_nano.a(si_class_type_info.o)
                0x0000469c                vtable for __cxxabiv1::__si_class_type_info
 .rodata._ZTISt9type_info
                0x000046c8        0x8 c:/program files (x86)/gnu tools arm embedded/7 2018-q2-update/bin/../lib/gcc/arm-none-eabi/7.3.1/../../../../arm-none-eabi/lib/thumb/v6-m\libstdc++_nano.a(tinfo.o)
                0x000046c8                typeinfo for std::type_info
 .rodata._ZTSSt9type_info
                0x000046d0        0xd c:/program files (x86)/gnu tools arm embedded/7 2018-q2-update/bin/../lib/gcc/arm-none-eabi/7.3.1/../../../../arm-none-eabi/lib/thumb/v6-m\libstdc++_nano.a(tinfo.o)
                0x000046d0                typeinfo name for std::type_info
 *fill*         0x000046dd        0x3 
 .rodata._ZTIN10__cxxabiv117__class_type_infoE
                0x000046e0        0xc c:/program files (x86)/gnu tools arm embedded/7 2018-q2-update/bin/../lib/gcc/arm-none-eabi/7.3.1/../../../../arm-none-eabi/lib/thumb/v6-m\libstdc++_nano.a(class_type_info.o)
                0x000046e0                typeinfo for __cxxabiv1::__class_type_info
 .rodata._ZTSN10__cxxabiv117__class_type_infoE
                0x000046ec       0x22 c:/program files (x86)/gnu tools arm embedded/7 2018-q2-update/bin/../lib/gcc/arm-none-eabi/7.3.1/../../../../arm-none-eabi/lib/thumb/v6-m\libstdc++_nano.a(class_type_info.o)
                0x000046ec                typeinfo name for __cxxabiv1::__class_type_info
 *fill*         0x0000470e        0x2 
 .rodata._ZTVN10__cxxabiv117__class_type_infoE
                0x00004710       0x2c c:/program files (x86)/gnu tools arm embedded/7 2018-q2-update/bin/../lib/gcc/arm-none-eabi/7.3.1/../../../../arm-none-eabi/lib/thumb/v6-m\libstdc++_nano.a(class_type_info.o)
                0x00004710                vtable for __cxxabiv1::__class_type_info
 .rodata._ZTIN10__cxxabiv115__forced_unwindE
                0x0000473c        0x8 c:/program files (x86)/gnu tools arm embedded/7 2018-q2-update/bin/../lib/gcc/arm-none-eabi/7.3.1/../../../../arm-none-eabi/lib/thumb/v6-m\libstdc++_nano.a(eh_exception.o)
                0x0000473c                typeinfo for __cxxabiv1::__forced_unwind
 .rodata._ZTIN10__cxxabiv119__foreign_exceptionE
                0x00004744        0x8 c:/program files (x86)/gnu tools arm embedded/7 2018-q2-update/bin/../lib/gcc/arm-none-eabi/7.3.1/../../../../arm-none-eabi/lib/thumb/v6-m\libstdc++_nano.a(eh_exception.o)
                0x00004744                typeinfo for __cxxabiv1::__foreign_exception
 .rodata._ZTSN10__cxxabiv115__forced_unwindE
                0x0000474c       0x20 c:/program files (x86)/gnu tools arm embedded/7 2018-q2-update/bin/../lib/gcc/arm-none-eabi/7.3.1/../../../../arm-none-eabi/lib/thumb/v6-m\libstdc++_nano.a(eh_exception.o)
                0x0000474c                typeinfo name for __cxxabiv1::__forced_unwind
 .rodata._ZTSN10__cxxabiv119__foreign_exceptionE
                0x0000476c       0x24 c:/program files (x86)/gnu tools arm embedded/7 2018-q2-update/bin/../lib/gcc/arm-none-eabi/7.3.1/../../../../arm-none-eabi/lib/thumb/v6-m\libstdc++_nano.a(eh_exception.o)
                0x0000476c                typeinfo name for __cxxabiv1::__foreign_exception
 .rodata._global_impure_ptr
                0x00004790        0x4 c:/program files (x86)/gnu tools arm embedded/7 2018-q2-update/bin/../lib/gcc/arm-none-eabi/7.3.1/../../../../arm-none-eabi/lib/thumb/v6-m\libg_nano.a(lib_a-impure.o)
                0x00004790                _global_impure_ptr
 .rodata._svfprintf_r.str1.1
                0x00004794       0x11 c:/program files (x86)/gnu tools arm embedded/7 2018-q2-update/bin/../lib/gcc/arm-none-eabi/7.3.1/../../../../arm-none-eabi/lib/thumb/v6-m\libg_nano.a(lib_a-nano-svfprintf.o)
 .rodata._printf_i.str1.1
                0x000047a5       0x22 c:/program files (x86)/gnu tools arm embedded/7 2018-q2-update/bin/../lib/gcc/arm-none-eabi/7.3.1/../../../../arm-none-eabi/lib/thumb/v6-m\libg_nano.a(lib_a-nano-vfprintf_i.o)
 *(.glue_7)
 .glue_7        0x000047c7        0x0 linker stubs
 *(.glue_7t)
 .glue_7t       0x000047c7        0x0 linker stubs
 *(.eh_frame)
 *fill*         0x000047c7        0x1 
 .eh_frame      0x000047c8        0x0 c:/program files (x86)/gnu tools arm embedded/7 2018-q2-update/bin/../lib/gcc/arm-none-eabi/7.3.1/thumb/v6-m/crtbegin.o
 *(.init)
 .init          0x000047c8        0x4 c:/program files (x86)/gnu tools arm embedded/7 2018-q2-update/bin/../lib/gcc/arm-none-eabi/7.3.1/thumb/v6-m/crti.o
                0x000047c8                _init
 .init          0x000047cc        0x8 c:/program files (x86)/gnu tools arm embedded/7 2018-q2-update/bin/../lib/gcc/arm-none-eabi/7.3.1/thumb/v6-m/crtn.o
 *(.fini)
 .fini          0x000047d4        0x4 c:/program files (x86)/gnu tools arm embedded/7 2018-q2-update/bin/../lib/gcc/arm-none-eabi/7.3.1/thumb/v6-m/crti.o
                0x000047d4                _fini
 .fini          0x000047d8        0x8 c:/program files (x86)/gnu tools arm embedded/7 2018-q2-update/bin/../lib/gcc/arm-none-eabi/7.3.1/thumb/v6-m/crtn.o
                0x000047e0                . = ALIGN (0x4)

.vfp11_veneer   0x000047e0        0x0
 .vfp11_veneer  0x000047e0        0x0 linker stubs

.v4_bx          0x000047e0        0x0
 .v4_bx         0x000047e0        0x0 linker stubs

.iplt           0x000047e0        0x0
 .iplt          0x000047e0        0x0 c:/program files (x86)/gnu tools arm embedded/7 2018-q2-update/bin/../lib/gcc/arm-none-eabi/7.3.1/thumb/v6-m/crtbegin.o

.ARM.extab      0x000047e0      0x194
 *(.ARM.extab* .gnu.linkonce.armextab.*)
 .ARM.extab.text._ZN10UARTModule22EnableIntrOnTxRegEmptyEv
                0x000047e0        0x0 ./Sources/utility/communicate.o
 .ARM.extab.text._ZN10UARTModule23DisableIntrOnTxRegEmptyEv
                0x000047e0        0x0 ./Sources/utility/communicate.o
 .ARM.extab.text._ZN16UARTCommunicatorC2EhhN13UART_settings5UARTnEbj
                0x000047e0       0x1f ./Sources/utility/communicate.o
 *fill*         0x000047ff        0x1 
 .ARM.extab.text._ZN16UARTCommunicator14OnIntrSendNextEv
                0x00004800        0xc ./Sources/utility/communicate.o
 .ARM.extab.text._ZN16UARTCommunicator17OnIntrRecieveNextEv
                0x0000480c        0xc ./Sources/utility/communicate.o
 .ARM.extab.text._ZN14InductorSensor12StartConvertEv
                0x00004818        0xc ./Sources/utility/sensor.o
 .ARM.extab.text.ADC_IRQHandler
                0x00004824        0xc ./Sources/utility/sensor.o
 .ARM.extab.text._ZN10UARTModule20DisableIntrOnRecieveEv
                0x00004830        0x0 ./Sources/driver/UART.o
 .ARM.extab.text._ZN10UARTModule19EnableIntrOnRecieveEv
                0x00004830        0x0 ./Sources/driver/UART.o
 .ARM.extab.text._ZN9ADCModule22GetIsConversionOngoingEv
                0x00004830        0x0 ./Sources/driver/adc.o
 .ARM.extab.text._cppmain
                0x00004830       0x3a ./Sources/cppmain.o
 *fill*         0x0000486a        0x2 
 .ARM.extab.text.UART0_IRQHandler
                0x0000486c        0xc ./Sources/cppmain.o
 .ARM.extab.text.UART1_IRQHandler
                0x00004878        0xc ./Sources/cppmain.o
 .ARM.extab.text.UART2_IRQHandler
                0x00004884        0xc ./Sources/cppmain.o
 .ARM.extab.text._ZN16UARTCommunicator21GetCharWithExpirationEt
                0x00004890        0xc ./Sources/state_machine.o
 .ARM.extab.text._ZN5State13HandleCommandEh
                0x0000489c        0x0 ./Sources/state_machine.o
 .ARM.extab.text._ZN5State11HandleInputEv
                0x0000489c        0x0 ./Sources/state_machine.o
 .ARM.extab.text._ZN5State13StateChangeOpEv
                0x0000489c        0x0 ./Sources/state_machine.o
 .ARM.extab.text._ZN5State13StateRemainOpEv
                0x0000489c        0x0 ./Sources/state_machine.o
 .ARM.extab.text._ZN5State11StateExitOpEv
                0x0000489c        0xc ./Sources/state_machine.o
 .ARM.extab.text._ZN20TestADConverterState11HandleInputEv
                0x000048a8        0x0 ./Sources/state_machine.o
 .ARM.extab.text._ZN9IdleState13StateChangeOpEv
                0x000048a8        0x0 ./Sources/state_machine.o
 .ARM.extab.text._ZN15FlexTimerModule15EnablePWMOutputEv
                0x000048a8        0x0 ./Sources/state_machine.o
 .ARM.extab.text._ZN15FlexTimerModule16DisablePWMOutputEv
                0x000048a8        0x0 ./Sources/state_machine.o
 .ARM.extab.text._ZN15FlexTimerModule12SetFrequencyEt
                0x000048a8        0xc ./Sources/state_machine.o
 .ARM.extab.text._ZN15FlexTimerModule12SetDutyCycleEt
                0x000048b4        0xc ./Sources/state_machine.o
 .ARM.extab.text._ZN5StateC2Ev
                0x000048c0        0x0 ./Sources/state_machine.o
 .ARM.extab.text._ZN13TestUARTStateC2Ev
                0x000048c0        0x0 ./Sources/state_machine.o
 .ARM.extab.text._ZN20TestADConverterStateC2Ev
                0x000048c0        0x0 ./Sources/state_machine.o
 .ARM.extab.text._ZN12TestFTMStateC2Ev
                0x000048c0        0x0 ./Sources/state_machine.o
 .ARM.extab.text._ZN9IdleState13HandleCommandEh
                0x000048c0        0xc ./Sources/state_machine.o
 .ARM.extab.text._ZN9IdleStateC2Ev
                0x000048cc        0x0 ./Sources/state_machine.o
 .ARM.extab.text._ZN13TestUARTState13HandleCommandEh
                0x000048cc        0xc ./Sources/state_machine.o
 .ARM.extab.text._ZN13TestUARTState13StateChangeOpEv
                0x000048d8        0xc ./Sources/state_machine.o
 .ARM.extab.text._ZN12StateMachineC2Ev
                0x000048e4        0xc ./Sources/state_machine.o
 .ARM.extab.text._ZN12StateMachine11SendCommandEh
                0x000048f0        0xc ./Sources/state_machine.o
 .ARM.extab.text._ZN20TestADConverterState13HandleCommandEh
                0x000048fc        0xc ./Sources/state_machine.o
 .ARM.extab.text._ZN20TestADConverterState13StateChangeOpEv
                0x00004908        0xc ./Sources/state_machine.o
 .ARM.extab.text._ZN20TestADConverterState13StateRemainOpEv
                0x00004914        0xc ./Sources/state_machine.o
 .ARM.extab.text._ZN20TestADConverterState11StateExitOpEv
                0x00004920        0xc ./Sources/state_machine.o
 .ARM.extab.text._ZN12TestFTMState13HandleCommandEh
                0x0000492c        0xc ./Sources/state_machine.o
 .ARM.extab.text._ZN12TestFTMState13StateChangeOpEv
                0x00004938        0xc ./Sources/state_machine.o
 .ARM.extab     0x00004944       0x24 c:/program files (x86)/gnu tools arm embedded/7 2018-q2-update/bin/../lib/gcc/arm-none-eabi/7.3.1/thumb/v6-m\libgcc.a(unwind-arm.o)
 .ARM.extab     0x00004968        0xc c:/program files (x86)/gnu tools arm embedded/7 2018-q2-update/bin/../lib/gcc/arm-none-eabi/7.3.1/thumb/v6-m\libgcc.a(pr-support.o)

.ARM            0x00004974      0x1e8
                0x00004974                __exidx_start = .
 *(.ARM.exidx*)
 .ARM.exidx     0x00004974        0x8 c:/program files (x86)/gnu tools arm embedded/7 2018-q2-update/bin/../lib/gcc/arm-none-eabi/7.3.1/../../../../arm-none-eabi/lib/thumb/v6-m/crt0.o
 .ARM.exidx.text.NVIC_EnableIRQ
                0x00004a3c        0x0 ./Sources/utility/communicate.o
                                  0x8 (size before relaxing)
 .ARM.exidx.text.NVIC_DisableIRQ
                0x00004a3c        0x0 ./Sources/utility/communicate.o
                                  0x8 (size before relaxing)
 .ARM.exidx.text._ZN10UARTModule22EnableIntrOnTxRegEmptyEv
                0x00004a3c        0x0 ./Sources/utility/communicate.o
                                  0x8 (size before relaxing)
 .ARM.exidx.text._ZN10UARTModule23DisableIntrOnTxRegEmptyEv
                0x00004a3c        0x0 ./Sources/utility/communicate.o
                                  0x8 (size before relaxing)
 .ARM.exidx.text._ZN16UARTCommunicatorC2EhhN13UART_settings5UARTnEbj
                0x00004a3c        0x8 ./Sources/utility/communicate.o
 .ARM.exidx.text._ZN16UARTCommunicator10SendStringEPch
                0x00004a44        0x8 ./Sources/utility/communicate.o
 .ARM.exidx.text._ZN16UARTCommunicator8SendCharEc
                0x00004a4c        0x0 ./Sources/utility/communicate.o
                                  0x8 (size before relaxing)
 .ARM.exidx.text._ZN16UARTCommunicator7GetCharEv
                0x00004a4c        0x0 ./Sources/utility/communicate.o
                                  0x8 (size before relaxing)
 .ARM.exidx.text._ZN16UARTCommunicator14OnIntrSendNextEv
                0x00004a4c        0x8 ./Sources/utility/communicate.o
 .ARM.exidx.text._ZN16UARTCommunicator17OnIntrRecieveNextEv
                0x00004a54        0x8 ./Sources/utility/communicate.o
 .ARM.exidx.text._ZN14InductorSensor12StartConvertEv
                0x00004a5c        0x8 ./Sources/utility/sensor.o
 .ARM.exidx.text.PIT_CH0_IRQHandler
                0x00004a64        0x8 ./Sources/utility/sensor.o
 .ARM.exidx.text.ADC_IRQHandler
                0x00004a6c        0x8 ./Sources/utility/sensor.o
 .ARM.exidx.text._ZN10UARTModule20DisableIntrOnRecieveEv
                0x00004a74        0x8 ./Sources/driver/UART.o
 .ARM.exidx.text._ZN10UARTModule19EnableIntrOnRecieveEv
                0x00004a7c        0x0 ./Sources/driver/UART.o
                                  0x8 (size before relaxing)
 .ARM.exidx.text._ZN10UARTModuleC2EN13UART_settings5UARTnEbjbb
                0x00004a7c        0x0 ./Sources/driver/UART.o
                                  0x8 (size before relaxing)
 .ARM.exidx.text._ZN10UARTModule8SendCharEh
                0x00004a7c        0x0 ./Sources/driver/UART.o
                                  0x8 (size before relaxing)
 .ARM.exidx.text._ZN10UARTModule11RecieveCharEv
                0x00004a7c        0x0 ./Sources/driver/UART.o
                                  0x8 (size before relaxing)
 .ARM.exidx.text._ZN9ADCModule22GetIsConversionOngoingEv
                0x00004a7c        0x0 ./Sources/driver/adc.o
                                  0x8 (size before relaxing)
 .ARM.exidx.text._ZN9ADCModule15StartConversionEh
                0x00004a7c        0x0 ./Sources/driver/adc.o
                                  0x8 (size before relaxing)
 .ARM.exidx.text._ZN9ADCModuleC2E5ADCHn8ADC_nbit
                0x00004a7c        0x0 ./Sources/driver/adc.o
                                  0x8 (size before relaxing)
 .ARM.exidx.text._ZN9ADCModule14TryFetchResultEv
                0x00004a7c        0x0 ./Sources/driver/adc.o
                                  0x8 (size before relaxing)
 .ARM.exidx.text._ZN15FlexTimerModuleC2EN11FTMSettings7ModulesENS0_8ChannelsENS0_13PortRemapTypeE
                0x00004a7c        0x0 ./Sources/driver/ftm.o
                                  0x8 (size before relaxing)
 .ARM.exidx.text._ZN15FlexTimerModule11SetPWMParamEtt
                0x00004a7c        0x0 ./Sources/driver/ftm.o
                                  0x8 (size before relaxing)
 .ARM.exidx.text._ZN15FlexTimerModule6PinSetEN11FTMSettings7ModulesENS0_8ChannelsENS0_13PortRemapTypeE
                0x00004a7c        0x0 ./Sources/driver/ftm.o
                                  0x8 (size before relaxing)
 .ARM.exidx.text.NVIC_EnableIRQ
                0x00004a7c        0x0 ./Sources/cppmain.o
                                  0x8 (size before relaxing)
 .ARM.exidx.text._cppmain
                0x00004a7c        0x8 ./Sources/cppmain.o
 .ARM.exidx.text.UART0_IRQHandler
                0x00004a84        0x8 ./Sources/cppmain.o
 .ARM.exidx.text.UART1_IRQHandler
                0x00004a8c        0x8 ./Sources/cppmain.o
 .ARM.exidx.text.UART2_IRQHandler
                0x00004a94       0x10 ./Sources/cppmain.o
                                  0x8 (size before relaxing)
 .ARM.exidx.text._ZN16UARTCommunicator21GetCharWithExpirationEt
                0x00004aa4        0x8 ./Sources/state_machine.o
 .ARM.exidx.text._ZN5State13HandleCommandEh
                0x00004aac        0x8 ./Sources/state_machine.o
 .ARM.exidx.text._ZN5State11HandleInputEv
                0x00004ab4        0x0 ./Sources/state_machine.o
                                  0x8 (size before relaxing)
 .ARM.exidx.text._ZN5State13StateChangeOpEv
                0x00004ab4        0x0 ./Sources/state_machine.o
                                  0x8 (size before relaxing)
 .ARM.exidx.text._ZN5State13StateRemainOpEv
                0x00004ab4        0x0 ./Sources/state_machine.o
                                  0x8 (size before relaxing)
 .ARM.exidx.text._ZN5State11StateExitOpEv
                0x00004ab4        0x8 ./Sources/state_machine.o
 .ARM.exidx.text._ZN20TestADConverterState11HandleInputEv
                0x00004abc        0x8 ./Sources/state_machine.o
 .ARM.exidx.text._ZN9IdleState13StateChangeOpEv
                0x00004ac4        0x0 ./Sources/state_machine.o
                                  0x8 (size before relaxing)
 .ARM.exidx.text._ZN15FlexTimerModule15EnablePWMOutputEv
                0x00004ac4        0x0 ./Sources/state_machine.o
                                  0x8 (size before relaxing)
 .ARM.exidx.text._ZN15FlexTimerModule16DisablePWMOutputEv
                0x00004ac4        0x0 ./Sources/state_machine.o
                                  0x8 (size before relaxing)
 .ARM.exidx.text._ZN15FlexTimerModule12SetFrequencyEt
                0x00004ac4        0x8 ./Sources/state_machine.o
 .ARM.exidx.text._ZN15FlexTimerModule12SetDutyCycleEt
                0x00004acc        0x8 ./Sources/state_machine.o
 .ARM.exidx.text._ZN5StateC2Ev
                0x00004ad4        0x8 ./Sources/state_machine.o
 .ARM.exidx.text._ZN13TestUARTStateC2Ev
                0x00004adc        0x0 ./Sources/state_machine.o
                                  0x8 (size before relaxing)
 .ARM.exidx.text._ZN20TestADConverterStateC2Ev
                0x00004adc        0x0 ./Sources/state_machine.o
                                  0x8 (size before relaxing)
 .ARM.exidx.text._ZN12TestFTMStateC2Ev
                0x00004adc        0x0 ./Sources/state_machine.o
                                  0x8 (size before relaxing)
 .ARM.exidx.text._ZN9IdleState13HandleCommandEh
                0x00004adc        0x8 ./Sources/state_machine.o
 .ARM.exidx.text._ZN9IdleStateC2Ev
                0x00004ae4        0x8 ./Sources/state_machine.o
 .ARM.exidx.text._ZN13TestUARTState13HandleCommandEh
                0x00004aec        0x8 ./Sources/state_machine.o
 .ARM.exidx.text._ZN13TestUARTState11HandleInputEv
                0x00004af4        0x8 ./Sources/state_machine.o
 .ARM.exidx.text._ZN13TestUARTState13StateChangeOpEv
                0x00004afc        0x8 ./Sources/state_machine.o
 .ARM.exidx.text._ZN9IdleState11HandleInputEv
                0x00004b04        0x8 ./Sources/state_machine.o
 .ARM.exidx.text._ZN12StateMachineC2Ev
                0x00004b0c        0x8 ./Sources/state_machine.o
 .ARM.exidx.text._ZN12StateMachineD2Ev
                0x00004b14        0x8 ./Sources/state_machine.o
 .ARM.exidx.text._ZN12StateMachineD0Ev
                0x00004b1c        0x0 ./Sources/state_machine.o
                                  0x8 (size before relaxing)
 .ARM.exidx.text._ZN12StateMachine11SendCommandEh
                0x00004b1c        0x8 ./Sources/state_machine.o
 .ARM.exidx.text._ZN20TestADConverterState13HandleCommandEh
                0x00004b24        0x8 ./Sources/state_machine.o
 .ARM.exidx.text._ZN20TestADConverterState13StateChangeOpEv
                0x00004b2c        0x8 ./Sources/state_machine.o
 .ARM.exidx.text._ZN20TestADConverterState13StateRemainOpEv
                0x00004b34        0x8 ./Sources/state_machine.o
 .ARM.exidx.text._ZN20TestADConverterState11StateExitOpEv
                0x00004b3c        0x8 ./Sources/state_machine.o
 .ARM.exidx.text._ZN12TestFTMState13HandleCommandEh
                0x00004b44        0x8 ./Sources/state_machine.o
 .ARM.exidx.text._ZN12TestFTMState13StateChangeOpEv
                0x00004b4c       0x10 ./Sources/state_machine.o
                                  0x8 (size before relaxing)
 .ARM.exidx     0x0000497c       0x90 c:/program files (x86)/gnu tools arm embedded/7 2018-q2-update/bin/../lib/gcc/arm-none-eabi/7.3.1/thumb/v6-m\libgcc.a(unwind-arm.o)
                                 0xd8 (size before relaxing)
 .ARM.exidx     0x00004a0c       0x30 c:/program files (x86)/gnu tools arm embedded/7 2018-q2-update/bin/../lib/gcc/arm-none-eabi/7.3.1/thumb/v6-m\libgcc.a(pr-support.o)
                                 0x48 (size before relaxing)
                0x00004b5c                __exidx_end = .

.rel.dyn        0x00004b5c        0x0
 .rel.iplt      0x00004b5c        0x0 c:/program files (x86)/gnu tools arm embedded/7 2018-q2-update/bin/../lib/gcc/arm-none-eabi/7.3.1/thumb/v6-m/crtbegin.o

.ctors          0x00004b5c        0x0
                0x00004b5c                __CTOR_LIST__ = .
 *crtbegin.o(.ctors)
 *crtbegin?.o(.ctors)
 *(EXCLUDE_FILE(*crtend.o *crtend?.o) .ctors)
 *(SORT_BY_NAME(.ctors.*))
 *(.ctors)
                0x00004b5c                __CTOR_END__ = .

.dtors          0x00004b5c        0x0
                0x00004b5c                __DTOR_LIST__ = .
 *crtbegin.o(.dtors)
 *crtbegin?.o(.dtors)
 *(EXCLUDE_FILE(*crtend.o *crtend?.o) .dtors)
 *(SORT_BY_NAME(.dtors.*))
 *(.dtors)
                0x00004b5c                __DTOR_END__ = .

.preinit_array  0x00004b5c        0x0
                0x00004b5c                PROVIDE (__preinit_array_start = .)
 *(.preinit_array*)
                0x00004b5c                PROVIDE (__preinit_array_end = .)

.init_array     0x00004b5c        0x4
                0x00004b5c                PROVIDE (__init_array_start = .)
 *(SORT_BY_NAME(.init_array.*))
 *(.init_array*)
 .init_array    0x00004b5c        0x4 c:/program files (x86)/gnu tools arm embedded/7 2018-q2-update/bin/../lib/gcc/arm-none-eabi/7.3.1/thumb/v6-m/crtbegin.o
                0x00004b60                PROVIDE (__init_array_end = .)

.fini_array     0x00004b60        0x4
                [!provide]                PROVIDE (__fini_array_start = .)
 *(SORT_BY_NAME(.fini_array.*))
 *(.fini_array*)
 .fini_array    0x00004b60        0x4 c:/program files (x86)/gnu tools arm embedded/7 2018-q2-update/bin/../lib/gcc/arm-none-eabi/7.3.1/thumb/v6-m/crtbegin.o
                [!provide]                PROVIDE (__fini_array_end = .)
                0x00004b64                __etext = .
                0x00004b64                __DATA_ROM = .

.mtb            0x1ffff000        0x0
                0x1ffff000                . = ALIGN (0x8)
                0x1ffff000                _mtb_start = .
 *(.mtb_buf)
                0x1ffff000                . = ALIGN (0x8)
                0x1ffff000                _mtb_end = .

.data           0x1ffff000       0x88 load address 0x00004b64
                0x1ffff000                . = ALIGN (0x4)
                0x1ffff000                __DATA_RAM = .
                0x1ffff000                __data_start__ = .
 *(.data)
 *(.data*)
 .data.UARTx    0x1ffff000        0xc ./Sources/driver/UART.o
                0x1ffff000                UARTx
 .data.FTMx     0x1ffff00c        0xc ./Sources/driver/ftm.o
                0x1ffff00c                FTMx
 .data.SystemCoreClock
                0x1ffff018        0x4 ./Project_Settings/Startup_Code/system_SKEAZ1284.o
                0x1ffff018                SystemCoreClock
 .data._ZN10__cxxabiv119__terminate_handlerE
                0x1ffff01c        0x4 c:/program files (x86)/gnu tools arm embedded/7 2018-q2-update/bin/../lib/gcc/arm-none-eabi/7.3.1/../../../../arm-none-eabi/lib/thumb/v6-m\libstdc++_nano.a(eh_term_handler.o)
                0x1ffff01c                __cxxabiv1::__terminate_handler
 .data._ZN10__cxxabiv120__unexpected_handlerE
                0x1ffff020        0x4 c:/program files (x86)/gnu tools arm embedded/7 2018-q2-update/bin/../lib/gcc/arm-none-eabi/7.3.1/../../../../arm-none-eabi/lib/thumb/v6-m\libstdc++_nano.a(eh_unex_handler.o)
                0x1ffff020                __cxxabiv1::__unexpected_handler
 .data._impure_ptr
                0x1ffff024        0x4 c:/program files (x86)/gnu tools arm embedded/7 2018-q2-update/bin/../lib/gcc/arm-none-eabi/7.3.1/../../../../arm-none-eabi/lib/thumb/v6-m\libg_nano.a(lib_a-impure.o)
                0x1ffff024                _impure_ptr
 .data.impure_data
                0x1ffff028       0x60 c:/program files (x86)/gnu tools arm embedded/7 2018-q2-update/bin/../lib/gcc/arm-none-eabi/7.3.1/../../../../arm-none-eabi/lib/thumb/v6-m\libg_nano.a(lib_a-impure.o)
 *(.jcr*)
                0x1ffff088                . = ALIGN (0x4)
                0x1ffff088                __data_end__ = .
                0x00004bec                __DATA_END = (__DATA_ROM + (__data_end__ - __data_start__))

.igot.plt       0x1ffff088        0x0 load address 0x00004bec
 .igot.plt      0x1ffff088        0x0 c:/program files (x86)/gnu tools arm embedded/7 2018-q2-update/bin/../lib/gcc/arm-none-eabi/7.3.1/thumb/v6-m/crtbegin.o

.bss            0x1ffff088       0x64 load address 0x00004bec
                0x1ffff088                . = ALIGN (0x4)
                0x1ffff088                __START_BSS = .
                0x1ffff088                __bss_start__ = .
 *(.bss)
 .bss           0x1ffff088       0x1c c:/program files (x86)/gnu tools arm embedded/7 2018-q2-update/bin/../lib/gcc/arm-none-eabi/7.3.1/thumb/v6-m/crtbegin.o
 *(.bss*)
 .bss.cmtr_uart
                0x1ffff0a4        0xc ./Sources/utility/communicate.o
                0x1ffff0a4                cmtr_uart
 .bss.g_sensor  0x1ffff0b0        0x4 ./Sources/utility/sensor.o
                0x1ffff0b0                g_sensor
 .bss._ZN10UARTModule19chn_occupation_flagE
                0x1ffff0b4        0x1 ./Sources/driver/UART.o
                0x1ffff0b4                UARTModule::chn_occupation_flag
 *fill*         0x1ffff0b5        0x3 
 .bss._ZN9ADCModule19chn_occupation_flagE
                0x1ffff0b8        0x4 ./Sources/driver/adc.o
                0x1ffff0b8                ADCModule::chn_occupation_flag
 .bss.g_steer_pwm
                0x1ffff0bc        0x4 ./Sources/driver/ftm.o
                0x1ffff0bc                g_steer_pwm
 .bss.g_uartc   0x1ffff0c0        0x4 ./Sources/glb_var.o
                0x1ffff0c0                g_uartc
 .bss.g_test_adc
                0x1ffff0c4        0x4 ./Sources/glb_var.o
                0x1ffff0c4                g_test_adc
 .bss.i         0x1ffff0c8        0x4 ./Sources/main.o
 .bss._ZN12_GLOBAL__N_113__new_handlerE
                0x1ffff0cc        0x4 c:/program files (x86)/gnu tools arm embedded/7 2018-q2-update/bin/../lib/gcc/arm-none-eabi/7.3.1/../../../../arm-none-eabi/lib/thumb/v6-m\libstdc++_nano.a(new_handler.o)
 .bss._ZL10eh_globals
                0x1ffff0d0        0xc c:/program files (x86)/gnu tools arm embedded/7 2018-q2-update/bin/../lib/gcc/arm-none-eabi/7.3.1/../../../../arm-none-eabi/lib/thumb/v6-m\libstdc++_nano.a(eh_globals.o)
 .bss.__malloc_free_list
                0x1ffff0dc        0x4 c:/program files (x86)/gnu tools arm embedded/7 2018-q2-update/bin/../lib/gcc/arm-none-eabi/7.3.1/../../../../arm-none-eabi/lib/thumb/v6-m\libg_nano.a(lib_a-nano-mallocr.o)
                0x1ffff0dc                __malloc_free_list
 .bss.__malloc_sbrk_start
                0x1ffff0e0        0x4 c:/program files (x86)/gnu tools arm embedded/7 2018-q2-update/bin/../lib/gcc/arm-none-eabi/7.3.1/../../../../arm-none-eabi/lib/thumb/v6-m\libg_nano.a(lib_a-nano-mallocr.o)
                0x1ffff0e0                __malloc_sbrk_start
 .bss.heap_end.4102
                0x1ffff0e4        0x4 c:/program files (x86)/gnu tools arm embedded/7 2018-q2-update/bin/../lib/gcc/arm-none-eabi/7.3.1/../../../../arm-none-eabi/lib/thumb/v6-m\libnosys.a(sbrk.o)
 *(COMMON)
 COMMON         0x1ffff0e8        0x4 c:/program files (x86)/gnu tools arm embedded/7 2018-q2-update/bin/../lib/gcc/arm-none-eabi/7.3.1/../../../../arm-none-eabi/lib/thumb/v6-m\libg_nano.a(lib_a-reent.o)
                0x1ffff0e8                errno
                0x1ffff0ec                . = ALIGN (0x4)
                0x1ffff0ec                __bss_end__ = .
                0x1ffff0ec                __END_BSS = .

.heap           0x1ffff0ec     0x1604 load address 0x00004c50
                0x1ffff0f0                . = ALIGN (0x8)
 *fill*         0x1ffff0ec        0x4 
                0x1ffff0f0                __end__ = .
                0x1ffff0f0                PROVIDE (end = .)
                0x1ffff0f0                __HeapBase = .
                0x200006f0                . = (. + HEAP_SIZE)
 *fill*         0x1ffff0f0     0x1600 
                0x200006f0                __HeapLimit = .

.stack          0x200006f0      0x800 load address 0x00006254
                0x200006f0                . = ALIGN (0x8)
                0x20000ef0                . = (. + STACK_SIZE)
 *fill*         0x200006f0      0x800 
                0x20000ef0                __StackTop = .
                0x200006f0                __StackLimit = (__StackTop - STACK_SIZE)
                0x20000ef0                PROVIDE (__stack = __StackTop)

.ARM.attributes
                0x00000000       0x28
 *(.ARM.attributes)
 .ARM.attributes
                0x00000000       0x1e c:/program files (x86)/gnu tools arm embedded/7 2018-q2-update/bin/../lib/gcc/arm-none-eabi/7.3.1/thumb/v6-m/crti.o
 .ARM.attributes
                0x0000001e       0x2c c:/program files (x86)/gnu tools arm embedded/7 2018-q2-update/bin/../lib/gcc/arm-none-eabi/7.3.1/thumb/v6-m/crtbegin.o
 .ARM.attributes
                0x0000004a       0x1b c:/program files (x86)/gnu tools arm embedded/7 2018-q2-update/bin/../lib/gcc/arm-none-eabi/7.3.1/../../../../arm-none-eabi/lib/thumb/v6-m/crt0.o
 .ARM.attributes
                0x00000065       0x32 ./Sources/utility/communicate.o
 .ARM.attributes
                0x00000097       0x32 ./Sources/utility/sensor.o
 .ARM.attributes
                0x000000c9       0x32 ./Sources/driver/UART.o
 .ARM.attributes
                0x000000fb       0x32 ./Sources/driver/adc.o
 .ARM.attributes
                0x0000012d       0x32 ./Sources/driver/ftm.o
 .ARM.attributes
                0x0000015f       0x32 ./Sources/cppmain.o
 .ARM.attributes
                0x00000191       0x32 ./Sources/glb_var.o
 .ARM.attributes
                0x000001c3       0x32 ./Sources/main.o
 .ARM.attributes
                0x000001f5       0x32 ./Sources/state_machine.o
 .ARM.attributes
                0x00000227       0x1b ./Project_Settings/Startup_Code/startup_SKEAZ1284.o
 .ARM.attributes
                0x00000242       0x32 ./Project_Settings/Startup_Code/system_SKEAZ1284.o
 .ARM.attributes
                0x00000274       0x2c c:/program files (x86)/gnu tools arm embedded/7 2018-q2-update/bin/../lib/gcc/arm-none-eabi/7.3.1/../../../../arm-none-eabi/lib/thumb/v6-m\libstdc++_nano.a(new_op.o)
 .ARM.attributes
                0x000002a0       0x2c c:/program files (x86)/gnu tools arm embedded/7 2018-q2-update/bin/../lib/gcc/arm-none-eabi/7.3.1/../../../../arm-none-eabi/lib/thumb/v6-m\libstdc++_nano.a(del_op.o)
 .ARM.attributes
                0x000002cc       0x2c c:/program files (x86)/gnu tools arm embedded/7 2018-q2-update/bin/../lib/gcc/arm-none-eabi/7.3.1/../../../../arm-none-eabi/lib/thumb/v6-m\libstdc++_nano.a(eh_call.o)
 .ARM.attributes
                0x000002f8       0x2c c:/program files (x86)/gnu tools arm embedded/7 2018-q2-update/bin/../lib/gcc/arm-none-eabi/7.3.1/../../../../arm-none-eabi/lib/thumb/v6-m\libstdc++_nano.a(new_handler.o)
 .ARM.attributes
                0x00000324       0x2c c:/program files (x86)/gnu tools arm embedded/7 2018-q2-update/bin/../lib/gcc/arm-none-eabi/7.3.1/../../../../arm-none-eabi/lib/thumb/v6-m\libstdc++_nano.a(eh_catch.o)
 .ARM.attributes
                0x00000350       0x2c c:/program files (x86)/gnu tools arm embedded/7 2018-q2-update/bin/../lib/gcc/arm-none-eabi/7.3.1/../../../../arm-none-eabi/lib/thumb/v6-m\libstdc++_nano.a(eh_globals.o)
 .ARM.attributes
                0x0000037c       0x2c c:/program files (x86)/gnu tools arm embedded/7 2018-q2-update/bin/../lib/gcc/arm-none-eabi/7.3.1/../../../../arm-none-eabi/lib/thumb/v6-m\libstdc++_nano.a(eh_terminate.o)
 .ARM.attributes
                0x000003a8       0x2c c:/program files (x86)/gnu tools arm embedded/7 2018-q2-update/bin/../lib/gcc/arm-none-eabi/7.3.1/../../../../arm-none-eabi/lib/thumb/v6-m\libstdc++_nano.a(eh_arm.o)
 .ARM.attributes
                0x000003d4       0x2c c:/program files (x86)/gnu tools arm embedded/7 2018-q2-update/bin/../lib/gcc/arm-none-eabi/7.3.1/../../../../arm-none-eabi/lib/thumb/v6-m\libstdc++_nano.a(new_opv.o)
 .ARM.attributes
                0x00000400       0x2c c:/program files (x86)/gnu tools arm embedded/7 2018-q2-update/bin/../lib/gcc/arm-none-eabi/7.3.1/../../../../arm-none-eabi/lib/thumb/v6-m\libstdc++_nano.a(si_class_type_info.o)
 .ARM.attributes
                0x0000042c       0x2c c:/program files (x86)/gnu tools arm embedded/7 2018-q2-update/bin/../lib/gcc/arm-none-eabi/7.3.1/../../../../arm-none-eabi/lib/thumb/v6-m\libstdc++_nano.a(tinfo.o)
 .ARM.attributes
                0x00000458       0x2c c:/program files (x86)/gnu tools arm embedded/7 2018-q2-update/bin/../lib/gcc/arm-none-eabi/7.3.1/../../../../arm-none-eabi/lib/thumb/v6-m\libstdc++_nano.a(class_type_info.o)
 .ARM.attributes
                0x00000484       0x2c c:/program files (x86)/gnu tools arm embedded/7 2018-q2-update/bin/../lib/gcc/arm-none-eabi/7.3.1/../../../../arm-none-eabi/lib/thumb/v6-m\libstdc++_nano.a(eh_exception.o)
 .ARM.attributes
                0x000004b0       0x2c c:/program files (x86)/gnu tools arm embedded/7 2018-q2-update/bin/../lib/gcc/arm-none-eabi/7.3.1/../../../../arm-none-eabi/lib/thumb/v6-m\libstdc++_nano.a(eh_term_handler.o)
 .ARM.attributes
                0x000004dc       0x2c c:/program files (x86)/gnu tools arm embedded/7 2018-q2-update/bin/../lib/gcc/arm-none-eabi/7.3.1/../../../../arm-none-eabi/lib/thumb/v6-m\libstdc++_nano.a(eh_unex_handler.o)
 .ARM.attributes
                0x00000508       0x2c c:/program files (x86)/gnu tools arm embedded/7 2018-q2-update/bin/../lib/gcc/arm-none-eabi/7.3.1/../../../../arm-none-eabi/lib/thumb/v6-m\libstdc++_nano.a(del_ops.o)
 .ARM.attributes
                0x00000534       0x1e c:/program files (x86)/gnu tools arm embedded/7 2018-q2-update/bin/../lib/gcc/arm-none-eabi/7.3.1/thumb/v6-m\libgcc.a(_udivsi3.o)
 .ARM.attributes
                0x00000552       0x1e c:/program files (x86)/gnu tools arm embedded/7 2018-q2-update/bin/../lib/gcc/arm-none-eabi/7.3.1/thumb/v6-m\libgcc.a(_divsi3.o)
 .ARM.attributes
                0x00000570       0x1e c:/program files (x86)/gnu tools arm embedded/7 2018-q2-update/bin/../lib/gcc/arm-none-eabi/7.3.1/thumb/v6-m\libgcc.a(_dvmd_tls.o)
 .ARM.attributes
                0x0000058e       0x2c c:/program files (x86)/gnu tools arm embedded/7 2018-q2-update/bin/../lib/gcc/arm-none-eabi/7.3.1/thumb/v6-m\libgcc.a(unwind-arm.o)
 .ARM.attributes
                0x000005ba       0x1e c:/program files (x86)/gnu tools arm embedded/7 2018-q2-update/bin/../lib/gcc/arm-none-eabi/7.3.1/thumb/v6-m\libgcc.a(libunwind.o)
 .ARM.attributes
                0x000005d8       0x2c c:/program files (x86)/gnu tools arm embedded/7 2018-q2-update/bin/../lib/gcc/arm-none-eabi/7.3.1/thumb/v6-m\libgcc.a(pr-support.o)
 .ARM.attributes
                0x00000604       0x2c c:/program files (x86)/gnu tools arm embedded/7 2018-q2-update/bin/../lib/gcc/arm-none-eabi/7.3.1/../../../../arm-none-eabi/lib/thumb/v6-m\libg_nano.a(lib_a-abort.o)
 .ARM.attributes
                0x00000630       0x2c c:/program files (x86)/gnu tools arm embedded/7 2018-q2-update/bin/../lib/gcc/arm-none-eabi/7.3.1/../../../../arm-none-eabi/lib/thumb/v6-m\libg_nano.a(lib_a-exit.o)
 .ARM.attributes
                0x0000065c       0x2c c:/program files (x86)/gnu tools arm embedded/7 2018-q2-update/bin/../lib/gcc/arm-none-eabi/7.3.1/../../../../arm-none-eabi/lib/thumb/v6-m\libg_nano.a(lib_a-impure.o)
 .ARM.attributes
                0x00000688       0x2c c:/program files (x86)/gnu tools arm embedded/7 2018-q2-update/bin/../lib/gcc/arm-none-eabi/7.3.1/../../../../arm-none-eabi/lib/thumb/v6-m\libg_nano.a(lib_a-init.o)
 .ARM.attributes
                0x000006b4       0x2c c:/program files (x86)/gnu tools arm embedded/7 2018-q2-update/bin/../lib/gcc/arm-none-eabi/7.3.1/../../../../arm-none-eabi/lib/thumb/v6-m\libg_nano.a(lib_a-malloc.o)
 .ARM.attributes
                0x000006e0       0x2c c:/program files (x86)/gnu tools arm embedded/7 2018-q2-update/bin/../lib/gcc/arm-none-eabi/7.3.1/../../../../arm-none-eabi/lib/thumb/v6-m\libg_nano.a(lib_a-memcpy-stub.o)
 .ARM.attributes
                0x0000070c       0x2c c:/program files (x86)/gnu tools arm embedded/7 2018-q2-update/bin/../lib/gcc/arm-none-eabi/7.3.1/../../../../arm-none-eabi/lib/thumb/v6-m\libg_nano.a(lib_a-memset.o)
 .ARM.attributes
                0x00000738       0x2c c:/program files (x86)/gnu tools arm embedded/7 2018-q2-update/bin/../lib/gcc/arm-none-eabi/7.3.1/../../../../arm-none-eabi/lib/thumb/v6-m\libg_nano.a(lib_a-nano-freer.o)
 .ARM.attributes
                0x00000764       0x2c c:/program files (x86)/gnu tools arm embedded/7 2018-q2-update/bin/../lib/gcc/arm-none-eabi/7.3.1/../../../../arm-none-eabi/lib/thumb/v6-m\libg_nano.a(lib_a-nano-mallocr.o)
 .ARM.attributes
                0x00000790       0x2c c:/program files (x86)/gnu tools arm embedded/7 2018-q2-update/bin/../lib/gcc/arm-none-eabi/7.3.1/../../../../arm-none-eabi/lib/thumb/v6-m\libg_nano.a(lib_a-sbrkr.o)
 .ARM.attributes
                0x000007bc       0x2c c:/program files (x86)/gnu tools arm embedded/7 2018-q2-update/bin/../lib/gcc/arm-none-eabi/7.3.1/../../../../arm-none-eabi/lib/thumb/v6-m\libg_nano.a(lib_a-signal.o)
 .ARM.attributes
                0x000007e8       0x2c c:/program files (x86)/gnu tools arm embedded/7 2018-q2-update/bin/../lib/gcc/arm-none-eabi/7.3.1/../../../../arm-none-eabi/lib/thumb/v6-m\libg_nano.a(lib_a-signalr.o)
 .ARM.attributes
                0x00000814       0x2c c:/program files (x86)/gnu tools arm embedded/7 2018-q2-update/bin/../lib/gcc/arm-none-eabi/7.3.1/../../../../arm-none-eabi/lib/thumb/v6-m\libg_nano.a(lib_a-snprintf.o)
 .ARM.attributes
                0x00000840       0x1c c:/program files (x86)/gnu tools arm embedded/7 2018-q2-update/bin/../lib/gcc/arm-none-eabi/7.3.1/../../../../arm-none-eabi/lib/thumb/v6-m\libg_nano.a(lib_a-strcmp.o)
 .ARM.attributes
                0x0000085c       0x1c c:/program files (x86)/gnu tools arm embedded/7 2018-q2-update/bin/../lib/gcc/arm-none-eabi/7.3.1/../../../../arm-none-eabi/lib/thumb/v6-m\libg_nano.a(lib_a-strlen.o)
 .ARM.attributes
                0x00000878       0x2c c:/program files (x86)/gnu tools arm embedded/7 2018-q2-update/bin/../lib/gcc/arm-none-eabi/7.3.1/../../../../arm-none-eabi/lib/thumb/v6-m\libg_nano.a(lib_a-mlock.o)
 .ARM.attributes
                0x000008a4       0x2c c:/program files (x86)/gnu tools arm embedded/7 2018-q2-update/bin/../lib/gcc/arm-none-eabi/7.3.1/../../../../arm-none-eabi/lib/thumb/v6-m\libg_nano.a(lib_a-nano-svfprintf.o)
 .ARM.attributes
                0x000008d0       0x2c c:/program files (x86)/gnu tools arm embedded/7 2018-q2-update/bin/../lib/gcc/arm-none-eabi/7.3.1/../../../../arm-none-eabi/lib/thumb/v6-m\libg_nano.a(lib_a-nano-vfprintf_i.o)
 .ARM.attributes
                0x000008fc       0x2c c:/program files (x86)/gnu tools arm embedded/7 2018-q2-update/bin/../lib/gcc/arm-none-eabi/7.3.1/../../../../arm-none-eabi/lib/thumb/v6-m\libg_nano.a(lib_a-reent.o)
 .ARM.attributes
                0x00000928       0x2c c:/program files (x86)/gnu tools arm embedded/7 2018-q2-update/bin/../lib/gcc/arm-none-eabi/7.3.1/../../../../arm-none-eabi/lib/thumb/v6-m\libg_nano.a(lib_a-memchr-stub.o)
 .ARM.attributes
                0x00000954       0x2c c:/program files (x86)/gnu tools arm embedded/7 2018-q2-update/bin/../lib/gcc/arm-none-eabi/7.3.1/../../../../arm-none-eabi/lib/thumb/v6-m\libg_nano.a(lib_a-memmove.o)
 .ARM.attributes
                0x00000980       0x2c c:/program files (x86)/gnu tools arm embedded/7 2018-q2-update/bin/../lib/gcc/arm-none-eabi/7.3.1/../../../../arm-none-eabi/lib/thumb/v6-m\libg_nano.a(lib_a-nano-reallocr.o)
 .ARM.attributes
                0x000009ac       0x2c c:/program files (x86)/gnu tools arm embedded/7 2018-q2-update/bin/../lib/gcc/arm-none-eabi/7.3.1/../../../../arm-none-eabi/lib/thumb/v6-m\libg_nano.a(lib_a-nano-msizer.o)
 .ARM.attributes
                0x000009d8       0x2c c:/program files (x86)/gnu tools arm embedded/7 2018-q2-update/bin/../lib/gcc/arm-none-eabi/7.3.1/../../../../arm-none-eabi/lib/thumb/v6-m\libnosys.a(getpid.o)
 .ARM.attributes
                0x00000a04       0x2c c:/program files (x86)/gnu tools arm embedded/7 2018-q2-update/bin/../lib/gcc/arm-none-eabi/7.3.1/../../../../arm-none-eabi/lib/thumb/v6-m\libnosys.a(kill.o)
 .ARM.attributes
                0x00000a30       0x2c c:/program files (x86)/gnu tools arm embedded/7 2018-q2-update/bin/../lib/gcc/arm-none-eabi/7.3.1/../../../../arm-none-eabi/lib/thumb/v6-m\libnosys.a(sbrk.o)
 .ARM.attributes
                0x00000a5c       0x2c c:/program files (x86)/gnu tools arm embedded/7 2018-q2-update/bin/../lib/gcc/arm-none-eabi/7.3.1/../../../../arm-none-eabi/lib/thumb/v6-m\libnosys.a(_exit.o)
 .ARM.attributes
                0x00000a88       0x1e c:/program files (x86)/gnu tools arm embedded/7 2018-q2-update/bin/../lib/gcc/arm-none-eabi/7.3.1/thumb/v6-m/crtn.o
OUTPUT(KEA128.elf elf32-littlearm)

.debug_info     0x00000000     0x6a6f
 .debug_info    0x00000000      0xc8e ./Sources/utility/communicate.o
 .debug_info    0x00000c8e      0x7c2 ./Sources/utility/sensor.o
 .debug_info    0x00001450      0x746 ./Sources/driver/UART.o
 .debug_info    0x00001b96      0x73b ./Sources/driver/adc.o
 .debug_info    0x000022d1      0x89b ./Sources/driver/ftm.o
 .debug_info    0x00002b6c     0x1109 ./Sources/cppmain.o
 .debug_info    0x00003c75      0x99e ./Sources/glb_var.o
 .debug_info    0x00004613       0xb5 ./Sources/main.o
 .debug_info    0x000046c8     0x203c ./Sources/state_machine.o
 .debug_info    0x00006704       0x26 ./Project_Settings/Startup_Code/startup_SKEAZ1284.o
 .debug_info    0x0000672a      0x345 ./Project_Settings/Startup_Code/system_SKEAZ1284.o

.debug_abbrev   0x00000000     0x19bf
 .debug_abbrev  0x00000000      0x34a ./Sources/utility/communicate.o
 .debug_abbrev  0x0000034a      0x313 ./Sources/utility/sensor.o
 .debug_abbrev  0x0000065d      0x2c1 ./Sources/driver/UART.o
 .debug_abbrev  0x0000091e      0x2df ./Sources/driver/adc.o
 .debug_abbrev  0x00000bfd      0x281 ./Sources/driver/ftm.o
 .debug_abbrev  0x00000e7e      0x31f ./Sources/cppmain.o
 .debug_abbrev  0x0000119d      0x228 ./Sources/glb_var.o
 .debug_abbrev  0x000013c5       0x74 ./Sources/main.o
 .debug_abbrev  0x00001439      0x463 ./Sources/state_machine.o
 .debug_abbrev  0x0000189c       0x14 ./Project_Settings/Startup_Code/startup_SKEAZ1284.o
 .debug_abbrev  0x000018b0      0x10f ./Project_Settings/Startup_Code/system_SKEAZ1284.o

.debug_aranges  0x00000000      0x370
 .debug_aranges
                0x00000000       0x88 ./Sources/utility/communicate.o
 .debug_aranges
                0x00000088       0x48 ./Sources/utility/sensor.o
 .debug_aranges
                0x000000d0       0x58 ./Sources/driver/UART.o
 .debug_aranges
                0x00000128       0x40 ./Sources/driver/adc.o
 .debug_aranges